10-23 14:57:11.073 14386 14417 D MotorManager: downMotorBySystemApp
10-23 14:57:11.073 14386 14417 D MotorManager: call service downMotorBySystemApp
10-23 14:57:11.073  1550  4013 D MotorManagerService: callingPid: 14386
10-23 14:57:11.073  1550  4013 D MotorManagerService: delayDownMotorBySystemApp systemui_faceunlock
10-23 14:57:11.073  1550  4013 D MotorManagerService: after unlinkToDeath
10-23 14:57:11.074  1550  4013 D MotorManagerService: going to delaydown Motor by systemui_faceunlock
10-23 14:57:11.081 14386 14425 D AudioManager: getStreamVolume packageName=com.android.systemui, index=14, streamType=2
10-23 14:57:11.085 14386 14425 D AudioTrack: start() output 13 stream 1 session 25321 state 1
10-23 14:57:11.086 14386 14425 D voice_scence_discern: add name:sample_rate,  value:44100
10-23 14:57:11.086 14386 14425 V voice_scence_discern: add name:sample_rate value:44100 list:0x73859fe0a0
10-23 14:57:11.086 14386 14425 D voice_scence_discern: add name:channels,  value:1
10-23 14:57:11.086 14386 14425 V voice_scence_discern: add name:channels value:1 list:0x73859fe0a0
10-23 14:57:11.086 14386 14425 D voice_scence_discern: get scence process pid:14386, name:com.android.systemui
10-23 14:57:11.086 14386 14425 V voice_scence_discern: this process not in init apk. apk_list:0x737cf1dd00
10-23 14:57:11.086   868  1260 D APM_AudioPolicyManager: startOutput() output 13, stream 1, session 25321
10-23 14:57:11.086   868  1260 D AudioPolicyManagerCustom: startSource output 13 first active
10-23 14:57:11.086   868  1260 D APM_AudioPolicyManager: setOutputDevice() output 13 device 0002 force 0 delayMs 0
10-23 14:57:11.087   785  2059 E mm-camera-CORE: ArbitOut:CID:1,Frame:10, FPS:30.00, (Short, Safe, Long)  G (4.648 4.648 4.648) ET (30000000 30000000 30000000) SensCorrF:2.00
10-23 14:57:11.089   781  3975 D audio_hw_primary: start_output_stream: enter: stream(0xf3b03000)usecase(1: low-latency-playback) devices(0x2)
10-23 14:57:11.089   781  3975 D audio_hw_primary: start_output_stream: out->scence:0
10-23 14:57:11.090   781  3975 D audio_hw_primary: select_devices for use case (low-latency-playback)
10-23 14:57:11.090   781  3975 D msm8974_platform: platform_get_output_snd_device: enter: output devices(0x2), mode=0
10-23 14:57:11.090   781  3975 D OPPO_AUDIO_SCENCE: handle:13, scence:0, out->usecase:1
10-23 14:57:11.090   781  3975 D OPPO_AUDIO_SCENCE: get_output_snd_device_common: is_tmgp_foreground 1
10-23 14:57:11.090   781  3975 D OPPO_AUDIO_SCENCE: get_output_snd_device_common: is_dirac_game_foreground 0
10-23 14:57:11.090   781  3975 D audio_hw_primary: select_devices: out_snd_device(2: speaker) in_snd_device(0: )
10-23 14:57:11.090 14386 14386 I Kgd.KeyguardSecurityContainer: showNextSecurityScreenOrFinish mCurrentSecuritySelection =PINSix, fingerprintMatch = true
10-23 14:57:11.090   781  3975 I msm8974_platform: platform_check_and_set_codec_backend_cfg:becf: afe: bitwidth 16, samplerate 48000 channels 2, backend_idx 0 usecase = 1 device (speaker)
10-23 14:57:11.090   781  3975 D msm8974_platform: platform_split_snd_device: snd_device(2) num devices(1) new_snd_devices(0)
10-23 14:57:11.090   781  3975 I msm8974_platform: platform_check_and_set_codec_backend_cfg: new_snd_devices[0] is 2
10-23 14:57:11.090   781  3975 I msm8974_platform: platform_check_codec_backend_cfg:becf: afe: bitwidth 16, samplerate 48000 channels 2, backend_idx 0 usecase = 1 device (speaker)
10-23 14:57:11.090   781  3975 D msm8974_platform: platform_check_codec_backend_cfg:becf: afe: playback on codec device not supporting native playback set default Sample Rate(48k)
10-23 14:57:11.090   781  3975 I msm8974_platform: platform_check_codec_backend_cfg:becf: afe: Codec selected backend: 0 updated bit width: 16 and sample rate: 48000
10-23 14:57:11.090   781  3975 D audio_hw_primary: check_usecases_codec_backend:becf: force routing 0
10-23 14:57:11.090   781  3975 E msm8974_platform: platform_check_backends_match: Invalid snd_device = 
10-23 14:57:11.090   781  3975 D audio_hw_primary: check_usecases_codec_backend:becf: (64) check_usecases curr device: speaker, usecase device: backends match 0
10-23 14:57:11.090   781  3975 D audio_hw_primary: check_usecases_codec_backend:becf: check_usecases num.of Usecases to switch 0
10-23 14:57:11.090   781  3975 D hardware_info: hw_info_append_hw_type : device_name = speaker
10-23 14:57:11.090   781  3975 D audio_hw_primary: enable_snd_device: snd_device(2: speaker), snd_dev_ref_cnt 1
10-23 14:57:11.090   781  3975 D msm8974_platform: platform_split_snd_device: snd_device(2) num devices(0) new_snd_devices(0)
10-23 14:57:11.090   781  3975 D audio_hw_primary: enable_snd_device: snd_device(2: speaker)
10-23 14:57:11.090   781  3975 D audio_hw_primary: enable_snd_device: oppo_speaker_flag = 1
10-23 14:57:11.090   781  3975 D audio_route: Apply path: speaker
10-23 14:57:11.090   781  3975 D audio_hw_utils: audio_extn_utils_send_app_type_cfg: usecase->out_snd_device speaker
10-23 14:57:11.090   781  3975 D msm8974_platform: platform_split_snd_device: snd_device(2) num devices(0) new_snd_devices(0)
10-23 14:57:11.090   781  3975 D audio_hw_utils: audio_extn_btsco_get_sample_rate:Not a BT SCO device, need not update sampling rate
10-23 14:57:11.090   781  3975 I audio_hw_utils: send_app_type_cfg_for_device PLAYBACK app_type 69937, acdb_dev_id 15, sample_rate 48000, snd_device_be_idx 45
10-23 14:57:11.091 14386 14386 I Kgd.KeyguardViewMediator: ColorViewMediatorCallback:keyguardDone, authenticated = true ---- fingerprintMatch = true
10-23 14:57:11.091   781  3975 D msm8974_platform: platform_split_snd_device: snd_device(2) num devices(1) new_snd_devices(0)
10-23 14:57:11.091   781  3975 D ACDB-LOADER: ACDB -> send_audio_cal, acdb_id = 15, path = 0, app id = 0x11131, sample rate = 48000
10-23 14:57:11.091   781  3975 D ACDB-LOADER: ACDB -> send_asm_topology
10-23 14:57:11.091   781  3975 D ACDB-LOADER: ACDB -> ACDB_CMD_GET_AUDPROC_STREAM_TOPOLOGY_ID
10-23 14:57:11.091   781  3975 D ACDB-LOADER: ACDB -> send_adm_topology
10-23 14:57:11.091   781  3975 D ACDB-LOADER: ACDB -> ACDB_CMD_GET_AUDPROC_COMMON_TOPOLOGY_ID
10-23 14:57:11.091   781  3975 D ACDB-LOADER: ACDB -> send_audtable
10-23 14:57:11.091   781  3975 D ACDB-LOADER: ACDB -> ACDB_CMD_GET_AUDPROC_COMMON_TABLE_SIZE
10-23 14:57:11.091   781  3975 D ACDB-LOADER: ACDB -> ACDB_CMD_GET_AUDPROC_COMMON_TABLE
10-23 14:57:11.091   781  3975 D ACDB-LOADER: ACDB -> AUDIO_SET_AUDPROC_CAL
10-23 14:57:11.092   781  3975 D ACDB-LOADER: ACDB -> send_audvoltable
10-23 14:57:11.092   781  3975 D ACDB-LOADER: ACDB -> ACDB_CMD_GET_AUDPROC_VOL_STEP_TABLE_SIZE
10-23 14:57:11.092   781  3975 D ACDB-LOADER: ACDB -> ACDB_CMD_GET_AUDPROC_GAIN_DEP_STEP_TABLE, vol index 5
10-23 14:57:11.092   781  3975 D ACDB-LOADER: ACDB -> AUDIO_SET_VOL_CAL cal type = 12
10-23 14:57:11.092   781  3975 D ACDB-LOADER: ACDB -> ACDB_CMD_GET_AUDPROC_STREAM_TABLE_SIZE
10-23 14:57:11.092   781  3975 D ACDB-LOADER: ACDB -> send_audstrmtable
10-23 14:57:11.092   781  3975 D ACDB-LOADER: ACDB -> ACDB_CMD_GET_AUDPROC_STREAM_TABLE_V2
10-23 14:57:11.092   781  3975 D ACDB-LOADER: ACDB -> audstrm_cal->cal_type.cal_data.cal_size = 16
10-23 14:57:11.092   781  3975 D ACDB-LOADER: ACDB -> send_afe_topology
10-23 14:57:11.092   781  3975 D ACDB-LOADER: ACDB -> ACDB_CMD_GET_AFE_TOPOLOGY_ID
10-23 14:57:11.092   781  3975 D ACDB-LOADER: ACDB -> GET_AFE_TOPOLOGY_ID for adcd_id 15, Topology Id 112fc
10-23 14:57:11.092   781  3975 D ACDB-LOADER: ACDB -> send_afe_cal
10-23 14:57:11.092   781  3975 D ACDB-LOADER: ACDB -> ACDB_CMD_GET_AFE_COMMON_TABLE_SIZE
10-23 14:57:11.092   781  3975 D         : Failed to fetch the lookup information of the device 0000000F 
10-23 14:57:11.092   781  3975 E ACDB-LOADER: Error: ACDB_CMD_GET_AFE_COMMON_TABLE_SIZE Returned = -19
10-23 14:57:11.092   781  3975 D ACDB-LOADER: ACDB -> ACDB_CMD_GET_AFE_COMMON_TABLE
10-23 14:57:11.092   781  3975 D         : Failed to fetch the lookup information of the device 0000000F 
10-23 14:57:11.092   781  3975 E ACDB-LOADER: Error: ACDB AFE returned = -19
10-23 14:57:11.092   781  3975 D ACDB-LOADER: ACDB -> AUDIO_SET_AFE_CAL
10-23 14:57:11.092   781  3975 D ACDB-LOADER: ACDB -> send_hw_delay : acdb_id = 15 path = 0
10-23 14:57:11.092   781  3975 D ACDB-LOADER: ACDB -> ACDB_AVSYNC_INFO: ACDB_CMD_GET_DEVICE_PROPERTY
10-23 14:57:11.092   781  3975 D audio_hw_primary: enable_audio_route: apply mixer and update path: low-latency-playback speaker
10-23 14:57:11.092   781  3975 D audio_route: Apply path: low-latency-playback speaker
10-23 14:57:11.093   781  3975 D audio_hw_primary: select_devices: acdb_id_out: 15
10-23 14:57:11.093   781  3975 D audio_hw_primary: select_devices: done
10-23 14:57:11.096   781  3975 D msm8974_platform: platform_set_channel_map mixer_ctl_name:Playback Channel Map13
10-23 14:57:11.096   781  3975 D msm8974_platform: platform_set_channel_map: set mapping(1 2 0 0 0 0 0 0) for channel:2
10-23 14:57:11.097 14386 14386 D KeyguardViewMediator: handleStartKeyguardExitAnimation startTime=119913128 fadeoutDuration=300
10-23 14:57:11.098 14386 14386 D StatusBar: disable<e i a s B H r c s > disable2<q i n >
10-23 14:57:11.101 14386 14386 D StatusBar: disable<e i a s B H r c s > disable2<q i n >
10-23 14:57:11.102 14386 14386 D BarTransitions.NavigationBarView: setForceOpaque forceOpaque:true color:0 @com.android.systemui.statusbar.phone.NavigationBarTransitions@badcc37
10-23 14:57:11.103 14386 14386 D BarTransitions.NavigationBarView: setForceOpaque forceOpaque:true color:0 @com.android.systemui.statusbar.phone.NavigationBarTransitions@badcc37
10-23 14:57:11.103  1092  5238 E Camera3-Device: sendRequestsBatch: motor_state = 1, mIsSetTorchOn = 0, flash_mode = 0, ae_mode = 1, cameraId=0x1
10-23 14:57:11.110  1550  1550 V SettingsProvider: Notifying for 0: content://settings/secure/panel_bar_expandable
10-23 14:57:11.126   781  3975 D audio_hw_primary: start_output_stream: exit
10-23 14:57:11.128   785  2059 E libc    : Access denied finding property "gsm.operator.numeric"
10-23 14:57:11.129  1550  2160 D MotorManagerService: setMotorUpArrived
10-23 14:57:11.129  1550  2160 D MotorManagerService: sendBroadcast ACTION_MOTOR_UPED
10-23 14:57:11.132  1550  4013 W UsageStatsService: Event reported without a package name
10-23 14:57:11.132   785  2062 E mm-camera-CORE: ArbitOut:CID:1,Frame:11, FPS:30.00, (Short, Safe, Long)  G (4.381 4.381 4.381) ET (30000000 30000000 30000000) SensCorrF:2.00
10-23 14:57:11.133  1550  4013 D DEBUG_VISIBILITY: mOccluded:false lastOccluded:false
10-23 14:57:11.133  1550  4013 D MotorManagerService: notifyKeyguardDisappear
10-23 14:57:11.133  1550  4013 D MotorManagerService: isUpMotorOrNot
10-23 14:57:11.139  1550  2258 I MotorManagerService: notifyActivityChanged: mBackgroudPkg = com.example.bottombar.demoprofile mFocusPkg = com.example.bottombar.demoprofile mIsSplitMode = false mBackActivity =  mFocusActivity = com.example.bottombar.demoprofile.MainActivity
10-23 14:57:11.139  1092  1349 W Camera2Client: notifyError: Received recoverable error 3 from HAL - ignoring, requestId 10000002
10-23 14:57:11.139  1092  1349 W Camera3-OutputStream: returnBufferCheckedLocked: A frame is dropped for stream 0 due to buffer error.
10-23 14:57:11.140  1092  1349 W Camera3-OutputStream: returnBufferCheckedLocked: A frame is dropped for stream 2 due to buffer error.
10-23 14:57:11.140  1092  5238 E Camera3-Device: sendRequestsBatch: motor_state = 1, mIsSetTorchOn = 0, flash_mode = 0, ae_mode = 1, cameraId=0x1
10-23 14:57:11.146  1550  4013 D DEBUG_VISIBILITY: mOccluded:false lastOccluded:false
10-23 14:57:11.147   785  2060 I OPFDManager: cv_face_track_set_detect_interval: 8, Face count: 1
10-23 14:57:11.153   785  2062 E libc    : Access denied finding property "gsm.operator.numeric"
10-23 14:57:11.157   785  2061 E mm-camera-CORE: ArbitOut:CID:1,Frame:12, FPS:24.94, (Short, Safe, Long)  G (3.866 3.866 3.866) ET (40000000 40000000 40000000) SensCorrF:2.00
10-23 14:57:11.161 14331 14342 V SensorManager: RegisterListener OPPO Fusion Light Sensor type:5 delay:0us by com.oppo.monitor.foreground.TopActivityMonitor$1
10-23 14:57:11.163  1550  4690 I chatty  : uid=1000(system) Binder:1550_17 expire 14 lines
10-23 14:57:11.148  1550  4013 I chatty  : uid=1000(system) Binder:1550_16 identical 1 line
10-23 14:57:11.161  1550  4013 D DEBUG_VISIBILITY: mOccluded:false lastOccluded:false
10-23 14:57:11.163  1550  2127 I WindowManager: handleOpeningSpecialApp (statusbar != null ) true pkg: com.oppo.launcher start: 4
10-23 14:57:11.164  1550  2127 I WindowManager: handleOpeningSpecialApp (statusbar != null ) true pkg: com.coloros.recents start: 4
10-23 14:57:11.164  1550  2127 V WindowManager: adjustNotShowWallpaperByOppo: false
10-23 14:57:11.166  1092  1349 W Camera2Client: notifyError: Received recoverable error 3 from HAL - ignoring, requestId 10000002
10-23 14:57:11.166  1092  1349 W Camera3-OutputStream: returnBufferCheckedLocked: A frame is dropped for stream 0 due to buffer error.
10-23 14:57:11.166  1092  1349 W Camera3-OutputStream: returnBufferCheckedLocked: A frame is dropped for stream 2 due to buffer error.
10-23 14:57:11.174   785  2061 E libc    : Access denied finding property "gsm.operator.numeric"
10-23 14:57:11.175   781  1564 D audio_hw_primary: adev_set_parameters: enter: MuteBackMic=0
10-23 14:57:11.175   781  1564 D audio_hw_extn: audio_extn_set_anc_parameters: anc_enabled:0
10-23 14:57:11.175   781  1564 D audio_hw_spkr_prot: audio_extn_fbsp_set_parameters: Speaker protection disabled
10-23 14:57:11.178  1550  2160 D MotorCalibrateHelper: readStringFromFile path:/sys/bus/platform/devices/vendor:motor_pl/hall_data, result:-15,-416
10-23 14:57:11.178  1550  2160 D MotorCalibrateHelper: getHallData hallData: -15,-416
10-23 14:57:11.179  1550  2160 D MotorCalibrateHelper: readStringFromFile path:/sys/bus/platform/devices/vendor:motor_pl/hall_calibration, result:-316,-370,-346,-17,-16,-395
10-23 14:57:11.179  1550  2160 D MotorCalibrateHelper: isNeedCalib hallsData[0]: -15 near_hall1: -346 hallsData[1]: -416 far_hall2: -395
10-23 14:57:11.185  3342  3342 I Choreographer: Skipped 2 frames!  The application may be doing too much work on its main thread.
10-23 14:57:11.192 13966 14021 I DCS-BackgroundAppData: sendAppBackgroundEvent: has no pkgName=com.example.bottombar.demoprofile
10-23 14:57:11.198  1092  1349 W Camera2Client: notifyError: Received recoverable error 3 from HAL - ignoring, requestId 10000002
10-23 14:57:11.199  1092  1349 W Camera2Client: notifyError: Received recoverable error 3 from HAL - ignoring, requestId 10000002
10-23 14:57:11.199  1092  1349 W Camera3-OutputStream: returnBufferCheckedLocked: A frame is dropped for stream 0 due to buffer error.
10-23 14:57:11.199  1092  1349 W Camera3-OutputStream: returnBufferCheckedLocked: A frame is dropped for stream 2 due to buffer error.
10-23 14:57:11.208  1550  4690 D DEBUG_VISIBILITY: mOccluded:false lastOccluded:false
10-23 14:57:11.229  1092  1349 W Camera2Client: notifyError: Received recoverable error 3 from HAL - ignoring, requestId 10000002
10-23 14:57:11.229 13966 14021 I DCS-NetHelper: isOppoCtaUpdateServiceOn val:true
10-23 14:57:11.230  1092  1349 W Camera2Client: notifyError: Received recoverable error 3 from HAL - ignoring, requestId 10000002
10-23 14:57:11.230  1092  1349 W Camera3-OutputStream: returnBufferCheckedLocked: A frame is dropped for stream 0 due to buffer error.
10-23 14:57:11.230  1092  1349 W Camera3-OutputStream: returnBufferCheckedLocked: A frame is dropped for stream 2 due to buffer error.
10-23 14:57:11.260 14386 14426 D AudioTrack: stop() output 13 stream 1 session 25321 state 0
10-23 14:57:11.262  1092  1349 W Camera2Client: notifyError: Received recoverable error 3 from HAL - ignoring, requestId 10000002
10-23 14:57:11.263  1092  1349 W Camera2Client: notifyError: Received recoverable error 3 from HAL - ignoring, requestId 10000002
10-23 14:57:11.263  1092  1349 W Camera3-OutputStream: returnBufferCheckedLocked: A frame is dropped for stream 0 due to buffer error.
10-23 14:57:11.264  1092  1349 W Camera3-OutputStream: returnBufferCheckedLocked: A frame is dropped for stream 2 due to buffer error.
10-23 14:57:11.302  1092  1349 W Camera2Client: notifyError: Received recoverable error 3 from HAL - ignoring, requestId 10000003
10-23 14:57:11.303  1092  1349 W Camera3-OutputStream: returnBufferCheckedLocked: A frame is dropped for stream 0 due to buffer error.
10-23 14:57:11.304  1550  4690 D CameraService_proxy: notifyHypnus camera status close
10-23 14:57:11.305   801  2134 I sensors-hal: batch:152, qti.sensor.wise_light/5, period=200000000, max_latency=0
10-23 14:57:11.305   801  2134 I sensors-hal: batch:161, qti.sensor.wise_light/5, period=200000000, max_latency=0 request completed
10-23 14:57:11.306  4008  1979 E NfcService: setReaderMode() called while NFC is not enabled.
10-23 14:57:11.327   850   909 D AtlasService: setAudioPara eventId 2 pid=14386 session 25321 steamtype 1
10-23 14:57:11.327   850   909 D OppoAudioState: updateAudioState eventId:2
10-23 14:57:11.327   850   909 D AtlasService: value 2,25321,1,14386,1
10-23 14:57:11.328 14350 14362 D OppoAtlas_jni: JNIAtlasListener::notify msg 2 ext1 25321 ext2 1
10-23 14:57:11.329   868 32343 D AudioFlinger: getActiveAudioPids pids = 
10-23 14:57:11.339  1092  2555 I CameraLatencyHistogram: Stream 0 dequeueBuffer latency histogram (12) samples:
10-23 14:57:11.339   868  1260 D APM_AudioPolicyManager: stopOutput() output 13, stream 1, session 25321
10-23 14:57:11.339   868  1260 D APM_AudioPolicyManager: setOutputDevice() output 13 device 0000 force 0 delayMs 96
10-23 14:57:11.339  1092  2555 I CameraLatencyHistogram:         5     10     15     20     25     30     35     40     45    inf (max ms)
10-23 14:57:11.339  1092  2555 I CameraLatencyHistogram:      100.00   0.00   0.00   0.00   0.00   0.00   0.00   0.00   0.00   0.00 (%)
10-23 14:57:11.340  1092  2555 I CameraLatencyHistogram: Stream 2 dequeueBuffer latency histogram (11) samples:
10-23 14:57:11.340  1092  2555 I CameraLatencyHistogram:         5     10     15     20     25     30     35     40     45    inf (max ms)
10-23 14:57:11.340  1092  2555 I CameraLatencyHistogram:      100.00   0.00   0.00   0.00   0.00   0.00   0.00   0.00   0.00   0.00 (%)
10-23 14:57:11.341  1092  2555 I Camera3-Device: disconnect: E
10-23 14:57:11.341  1092  2555 I CameraLatencyHistogram: ProcessCaptureRequest latency histogram (12) samples:
10-23 14:57:11.341  1092  2555 I CameraLatencyHistogram:        40     80    120    160    200    240    280    320    360    inf (max ms)
10-23 14:57:11.341  1092  2555 I CameraLatencyHistogram:      91.67   0.00   8.33   0.00   0.00   0.00   0.00   0.00   0.00   0.00 (%)
10-23 14:57:11.342   785   785 D CHIUSECASE: [OPPO_EX] CLOSE_CAMERA E
10-23 14:57:11.344   785   785 D CHIUSECASE: [OPPO_EX] CLOSE_CAMERA X
10-23 14:57:11.403   785   785 I OPFDManager: FD frames processed 11 skipped 1 total frames 12
10-23 14:57:11.406   785   785 I OPFDManager: VendorFDDeinit: FD deinit spends 0 ms (pending engine: 0)
10-23 14:57:11.417  1550  2281 E FaceService.CaptureManager: handleNewPreviewFrameComming timeout
10-23 14:57:11.418   785   785 E CHIUSECASE: ResetApertureData ResetApertureData
10-23 14:57:11.418   785   785 E CHIUSECASE: ResetApertureData Destroy
10-23 14:57:11.418   785   785 I CHIUSECASE: ~OPMetaManager
10-23 14:57:11.420  1092  2555 I CameraProviderManager: Camera device device@3.3/legacy/1 torch status is now AVAILABLE_OFF
10-23 14:57:11.420  1092  2555 I CameraService: onTorchStatusChangedLocked: Torch status changed for cameraId=1, newStatus=1
10-23 14:57:11.421 29772 29772 E SceneService.PhoneStateInfoCollector: onTorchModeChanged  is flash enable = false
10-23 14:57:11.423 29772  5303 I SceneService.ResourceTrigger: resourceOnChangeImmediately, resourceId is 10010 thread is pool-3-thread-55
10-23 14:57:11.425 29772 29983 I SceneService.ResourceEventDispatcher: dispatchMultiplePolicy acquire success
10-23 14:57:11.425 29772 29983 I SceneService.PolicyManager: handleDispatchRequest  Thread is pool-5-thread-1
10-23 14:57:11.425  1092  2555 E Camera3-Device: ctrl camera by motor_socket E, ctrl_buffer(0,0,android,1,0)
10-23 14:57:11.425 29772 29970 I SceneService.FlashLightSuggestPolicy: handleEvent flashlight policy handle event false
10-23 14:57:11.425 29772 29970 I SceneService.FlashLightSuggestPolicy: handleEvent flashlight is unabled,stop counting
10-23 14:57:11.425  1092  2555 E Camera3-Device: ctrl camera by motor_socket X
10-23 14:57:11.425  1092  2555 I Camera3-Device: disconnect: X
10-23 14:57:11.425  1092  2555 I Camera3-Device: disconnect: E
10-23 14:57:11.425 29772 29970 I SceneService.PolicyManager: acceptHandleResult, hanleResult is PolicyHandleResult{mPolicyId=20010, mIsNeedDispatch=false}
10-23 14:57:11.425 29772 29983 I SceneService.ResourceEventDispatcher: onDispatchResult  Thread is pool-5-thread-1
10-23 14:57:11.426  1550  2259 D MotorSocketServer: new client coming!
10-23 14:57:11.426 29772 29983 I SceneService.ResourceEventDispatcher: requestDispatchScene  results size is 1,Thread is pool-5-thread-1
10-23 14:57:11.426 29772 29983 I SceneService.SceneDispatcher: createSceneByPolicyId, don't dispatch scene for policy 20010
10-23 14:57:11.426  1550  2259 D MotorSocketServer: readBytes = 15
10-23 14:57:11.426  1550  2259 D MotorSocketServer: ClientSocket read info = 0,0,android,1,0
10-23 14:57:11.426  1550  2259 D MotorManagerService: msg from socket = 0,0,android,1,0
10-23 14:57:11.426  1550  2258 D MotorManagerService: socket from camera, cameraUserPid: 0 mCameraID: 1  mSceneFlag: 0 mFocusPkg: com.example.bottombar.demoprofile sCameraUserPkg: android autoFlashFlag: 0
10-23 14:57:11.426  1550  2259 D MotorSocketServer: wait for new client coming!
10-23 14:57:11.427  1550  2258 D MotorManagerService: mSceneFlag == CAMERA_NOT_USE
10-23 14:57:11.427  1550  2258 D MotorManagerService: delayDownMotorByCamera
10-23 14:57:11.427  1550  2258 D MotorManagerService: has no OppoAlbumFocusMess
10-23 14:57:11.427  8856 10286 I SmartThreadExecutor: handleMessage: start check 0
10-23 14:57:11.428  8856 10286 I SmartThreadExecutor: handleMessage: check end 0 -260 false
10-23 14:57:11.430  1092  2555 I CameraService: disconnect: Disconnected client for camera 1 for PID 1550
10-23 14:57:11.430  1092  2555 I CameraService: disconnect: camera ConnectStatus is disconnect
10-23 14:57:11.435  1092  2555 W Camera2Client: camera1092 , mDevice is 0 , so return 
10-23 14:57:11.435  1092  2555 I Camera2Client: Camera 1: Closed
10-23 14:57:11.435  1092  2555 I Camera2ClientBase: Closed Camera 1. Client was: android (PID 1550, UID 1000)
10-23 14:57:11.435  1160  1160 D NuPlayerDriver: reset(0xec393500) at state 4
10-23 14:57:11.435  1160  1160 D NuPlayerDriver: notifyListener_l(0xec393500), (8, 0, 0, -1), loop setting(0, 0)
10-23 14:57:11.435  1160  1160 D NuPlayerDriver: reset(0xec393500) mState = STATE_RESET_IN_PROGRESS wait mLock
10-23 14:57:11.435  1160  5199 W AMessage: failed to post message as target looper for handler 0 is gone.
10-23 14:57:11.436  1160  5199 I NuPlayer: performReset
10-23 14:57:11.436  1160  5199 I NuPlayer: performReset: mSource->stop()
10-23 14:57:11.436  1160  5199 I NuPlayer: performReset completed!
10-23 14:57:11.436  1160  5199 D NuPlayerDriver: notifyResetComplete(0xec393500)
10-23 14:57:11.436  1160  1160 D NuPlayerDriver: reset(0xec393500) mState = 0 get mLock
10-23 14:57:11.436  1160  1160 D NuPlayerDriver: ~NuPlayerDriver(0xec393500)
10-23 14:57:11.437  1138  2287 W MediaAnalyticsItem: Unable to record: [1:extractor:0:-1::0:-1:1:0:3:android.media.mediaextractor.fmt=OggExtractor:android.media.mediaextractor.ntrk=1:android.media.mediaextractor.mime=application/ogg:] [forcenew=0]
10-23 14:57:11.437  1160  3306 D NuPlayerDriver: reset(0xee0f0800) at state 4
10-23 14:57:11.438  1160  3306 D NuPlayerDriver: notifyListener_l(0xee0f0800), (8, 0, 0, -1), loop setting(0, 0)
10-23 14:57:11.438  1160  3306 D NuPlayerDriver: reset(0xee0f0800) mState = STATE_RESET_IN_PROGRESS wait mLock
10-23 14:57:11.438  1160  5223 W AMessage: failed to post message as target looper for handler 0 is gone.
10-23 14:57:11.438  1160  5223 I NuPlayer: performReset
10-23 14:57:11.438  1160  5223 I NuPlayer: performReset: mSource->stop()
10-23 14:57:11.438  1160  5223 I NuPlayer: performReset completed!
10-23 14:57:11.438  1160  5223 D NuPlayerDriver: notifyResetComplete(0xee0f0800)
10-23 14:57:11.438  1160  3306 D NuPlayerDriver: reset(0xee0f0800) mState = 0 get mLock
10-23 14:57:11.438  1160  3306 D NuPlayerDriver: ~NuPlayerDriver(0xee0f0800)
10-23 14:57:11.439  1138  2287 W MediaAnalyticsItem: Unable to record: [1:extractor:0:-1::0:-1:1:0:3:android.media.mediaextractor.fmt=OggExtractor:android.media.mediaextractor.ntrk=1:android.media.mediaextractor.mime=application/ogg:] [forcenew=0]
10-23 14:57:11.462 14386 14386 I ColorNavigationBarController: showNavigationBarFromKeyguard  mNavState:2 mHoverNavigationBarState:0 isReadyHide:true
10-23 14:57:11.472 14386 14386 D StatusBar: disable<e i a s B H r c s > disable2<q i n >
10-23 14:57:11.477  1550  2258 D MotorManagerService: MSG_MOTOR_DELAY_DOWN_SYSTEMAPP:  systemui_faceunlock
10-23 14:57:11.477  1550  2258 D MotorManagerService: downMotorByAllScene :systemui_faceunlock mAppMotorCommand: 0 mLatestMotorCommand: 1 mGoogleFlashOn: false
10-23 14:57:11.477  1550  2258 D MotorManagerService: downMotorByAllScene sMotorUped: true
10-23 14:57:11.477  1550  2258 D MotorManagerService: downMotor
10-23 14:57:11.477  1550  2258 D MotorManagerService: writeMotorControlData
10-23 14:57:11.477  1550  2258 E         :   getDefaultMotorControlServicemanager
10-23 14:57:11.477  1550  2258 D         : doWriteMotorData::MotorControlServiceManager = 0x73921c3200
10-23 14:57:11.478  1009  1009 D MotorControlService: MotorControlService  ACTION_REQUEST_WRITE_MOTOR
10-23 14:57:11.479  1009  1009 D MotorControlService: writeMotorData
10-23 14:57:11.479  1009  1009 E MotorControlService: direction : 0 directionSize : 1 
10-23 14:57:11.479  1009  1009 E MotorControlService: enable : 1 enableWriteSize : 1 
10-23 14:57:11.482  1550  4690 I StatusBarManagerService: disable, what:0, pkg:com.android.systemui token:android.os.BinderProxy@eab17f3
10-23 14:57:11.482  1550  4690 I StatusBarManagerService: disableLocked, what:0, pkg:com.android.systemui userId: 0 token:android.os.BinderProxy@eab17f3 net1:400000 net2:0
10-23 14:57:11.485 14386 14386 V SensorManager: unRegisterListener by com.android.keyguard.base.KeyguardFaceUnlockBacklightCtrl$1
10-23 14:57:11.486 14386 14410 E libc    : Access denied finding property "persist.vendor.silead_newalgo.support"
10-23 14:57:11.488  1550  2258 D MotorManagerService: downMotor res: 1
10-23 14:57:11.490  1550  2160 D MotorManagerService: setMotorDowning mFocusPkg: com.example.bottombar.demoprofile sCameraUserPkg: android
10-23 14:57:11.490  1550  2160 D MotorManagerService: sendBroadcast ACTION_MOTOR_DOWNING
10-23 14:57:11.491  2385  2385 I AppProtectService: onReceive() Intent.ACTION_USER_PRESENT
10-23 14:57:11.492  4404  6874 I SafeCenter: receive action = android.intent.action.USER_PRESENT,isScreenOnWithoutKeyguard=false
10-23 14:57:11.493 14386 14386 I Choreographer: Skipped 23 frames!  The application may be doing too much work on its main thread.
10-23 14:57:11.493  4117  4117 D ColorServicesMonitor: get keyguard unlock broadcast
10-23 14:57:11.494  9418  9462 I QUALITY-TOTAL: exp: skip
10-23 14:57:11.495 29295 29295 D TMSDK_Common: check
10-23 14:57:11.495 29295 29295 I TMSDK_Common: cpr
10-23 14:57:11.499   868 32343 D AudioFlinger: getActiveAudioPids pids = 
10-23 14:57:11.500  1550  1645 W BroadcastQueue: Background execution not allowed: receiving Intent { act=android.intent.action.USER_PRESENT flg=0x24280010 } to com.eg.android.AlipayGphone/com.alipay.pushsdk.BroadcastActionReceiver
10-23 14:57:11.501  1550  1645 W BroadcastQueue: Background execution not allowed: receiving Intent { act=android.intent.action.USER_PRESENT flg=0x24280010 } to com.google.android.gms/.auth.setup.devicesignals.LockScreenReceiver
10-23 14:57:11.504  1550  2160 D MotorManagerService: Exception in getSoundRaw: java.lang.NullPointerException: Attempt to invoke virtual method 'boolean java.lang.String.equals(java.lang.Object)' on a null object reference
10-23 14:57:11.511  4117  4117 D ColorServicesMonitor: netWorkState: 2
10-23 14:57:11.511  1550  3500 W ActivityManager: Skipping broadcast of Intent { act=android.intent.action.USER_PRESENT flg=0x24200010 }: user 999 and its parent (if any) are stopped
10-23 14:57:11.511  1550  1645 W BroadcastQueue: Background execution not allowed: receiving Intent { act=android.intent.action.USER_PRESENT flg=0x24280010 } to com.google.android.gms/.trustagent.UserPresentBroadcastReceiver
10-23 14:57:11.511  4117  4117 I ColorServicesMonitor: dataNotifyTime(1568895037528)
10-23 14:57:11.511  4117  4117 I ColorServicesMonitor: data network notify currentTime(1571813831507) more than dataNotifyTime(1568895037528)
10-23 14:57:11.512  4117  4117 D ColorServicesMonitor: data notify top=com.example.bottombar.demoprofile
10-23 14:57:11.515  4117  4117 D ColorServicesMonitor: jzk get keyguard unlock broadcast, isOtaDownloaded:false, isSauDownloaded=false
10-23 14:57:11.518  1550  1645 W BroadcastQueue: Background execution not allowed: receiving Intent { act=android.intent.action.USER_PRESENT flg=0x24280010 } to com.google.android.gms/.chimera.GmsIntentOperationService$PersistentTrustedReceiver
10-23 14:57:11.519  1550  1645 V OppoBroadcastManager: sikp broadcast for proc does not exist, pkg:com.baidu.BaiduMap, action:android.intent.action.USER_PRESENT
10-23 14:57:11.519  1550  1645 V OppoBroadcastManager: sikp broadcast for proc does not exist, pkg:com.greenpoint.android.mc10086.activity, action:android.intent.action.USER_PRESENT
10-23 14:57:11.519  1550  1645 V OppoBroadcastManager: sikp broadcast for proc does not exist, pkg:com.ss.android.article.news, action:android.intent.action.USER_PRESENT
10-23 14:57:11.519   781  1564 D audio_hw_primary: adev_set_parameters: enter: MuteBackMic=1
10-23 14:57:11.519   781  1564 D audio_hw_extn: audio_extn_set_anc_parameters: anc_enabled:0
10-23 14:57:11.519   781  1564 D audio_hw_spkr_prot: audio_extn_fbsp_set_parameters: Speaker protection disabled
10-23 14:57:11.519 14386 14386 W StaticLayout: maxLineHeight should not be -1.  maxLines:1 lineCount:1
10-23 14:57:11.519  1550  1645 I chatty  : uid=1000(system) BroadcastQueue identical 2 lines
10-23 14:57:11.519  1550  1645 V OppoBroadcastManager: sikp broadcast for proc does not exist, pkg:com.ss.android.article.news, action:android.intent.action.USER_PRESENT
10-23 14:57:11.519  1550  1645 V OppoBroadcastManager: sikp broadcast for proc does not exist, pkg:com.ss.android.ugc.aweme, action:android.intent.action.USER_PRESENT
10-23 14:57:11.519  1550  1645 I chatty  : uid=1000(system) BroadcastQueue identical 2 lines
10-23 14:57:11.519  1550  1645 V OppoBroadcastManager: sikp broadcast for proc does not exist, pkg:com.ss.android.ugc.aweme, action:android.intent.action.USER_PRESENT
10-23 14:57:11.519  1550  1645 W BroadcastQueue: Permission Denial: broadcasting Intent { act=android.intent.action.USER_PRESENT flg=0x24280010 } from com.android.systemui (pid=14386, uid=10067) is not exported from uid 10201 due to receiver enfc.metro/cn.jpush.android.service.PushReceiver
10-23 14:57:11.573  1550  1726 I StatusBarManagerService: disableLocked, what:0, pkg:Window{de5aa2b u0 StatusBar} userId: 0 token:android.os.Binder@b97d7fc net1:0 net2:0
10-23 14:57:11.574  1550  1726 V WindowManager: Changing focus from Window{de5aa2b u0 StatusBar} to Window{f8211f9 u0 com.example.bottombar.demoprofile/com.example.bottombar.demoprofile.MainActivity}
10-23 14:57:11.563 14386 14386 I chatty  : uid=10067(com.android.systemui) identical 2 lines
10-23 14:57:11.564 14386 14386 W StaticLayout: maxLineHeight should not be -1.  maxLines:1 lineCount:1
10-23 14:57:11.587  3761  5325 I SystemUpdate: [Installation,ReceiverIntentOperation] Received intent: Intent { act=android.intent.action.USER_PRESENT flg=0x24200010 cmp=com.google.android.gms/.chimera.GmsIntentOperationService }.
10-23 14:57:11.595  3761  1300 I CastDatabase: Opening the database
10-23 14:57:11.601  3761  4648 E Parcel  : Reading a NULL string not supported here.
10-23 14:57:11.609  1550 10887 I WifiService: startScan uid=10037
10-23 14:57:11.616  3761  3761 I DiscoveryManager: WifiGuestModeDeviceScanner enabled.
10-23 14:57:11.628  3761  5320 I SystemUpdate: [Execution,InstallationEventIntentOperation] Handling event of type 11.
10-23 14:57:11.630  3761  1300 I SQLiteCastStore: 0 CastNetworkInfo instances loaded, 0 CastDeviceInfo instances loaded, 0 paired guest mode devices loaded.
10-23 14:57:11.637  3761  5328 I SystemUpdate: [Execution,InstallationIntentOperation] Received intent: Intent { act=com.google.android.gms.update.INSTALL_UPDATE cat=[targeted_intent_op_prefix:.update.execution.InstallationIntentOperation] cmp=com.google.android.gms/.chimera.GmsIntentOperationService }.
10-23 14:57:11.643  3761  5328 I SystemUpdate: [Execution,ExecutionManager] Action finished-execution executed for 0.00 seconds.
10-23 14:57:11.646  1550  1550 W system_server: resources.arsc in APK '/data/app/com.eg.android.AlipayGphone-XnSVebjaE4ot3QC67y4j0g==/base.apk' is compressed.
10-23 14:57:11.651  1550  1550 W Looper  : Slow dispatch took 157ms main h=android.app.ActivityThread$H c=android.app.-$$Lambda$LoadedApk$ReceiverDispatcher$Args$_BumDX2UKsnxLVrE6UJsJZkotuA@a7f0fc3 m=0
10-23 14:57:11.695 14386 14386 D StatusBar: disable<e i a s b!h!r c s > disable2<q i n >
10-23 14:57:11.696  1550  2137 D SensorService: FusionLight, isFlashing = 0
10-23 14:57:11.701 14386 14386 D Kgd.AbsAdManager: adPositionInfo is null
10-23 14:57:11.701  1550  1550 V SettingsProvider: Notifying for 0: content://settings/system/oppo_keyguard_current_pictorial_uri
10-23 14:57:11.720 14386 14386 I Choreographer: Skipped 13 frames!  The application may be doing too much work on its main thread.
10-23 14:57:11.740  1550 10921 V WindowManager: adjustNotShowWallpaperByOppo: false
10-23 14:57:11.782   890   971 W DispPerfService: onFrameAvailable: sequence=14892 NavigationBar#0 (14386,-1)
10-23 14:57:11.783 14386 14386 I StatusBar: setNavigationBarColor() vis:0 color:fffbfbfb expandNavBar:false mNavState:2
10-23 14:57:11.784 14386 14386 D BarTransitions.NavigationBarView: setForceOpaque forceOpaque:true color:0 @com.android.systemui.statusbar.phone.NavigationBarTransitions@badcc37
10-23 14:57:11.810 14386 14386 I Choreographer: Skipped 4 frames!  The application may be doing too much work on its main thread.
10-23 14:57:11.811 14386 14386 E PhoneState: iconId is 0android.widget.ImageView{3cbef0d G.ED..... ......I. 0,0-0,0 #7f0a0119 app:id/data_inout}
10-23 14:57:11.815 14386 14386 D StatusBar: disable<e i a s b h r c s > disable2<q i n >
10-23 14:57:11.819 14386 14386 D Kgd.KeyguardBouncer: setKeyguardHostVisible visible=true
10-23 14:57:11.850  1550  2207 D WifiGbk : adding bss - Bss("小米手机":48:2c:a0:fe:df:a6, isGbk=false, security=PSK, level=-67, frequency=2472)
10-23 14:57:11.850  1550  2207 D WifiGbk : removing bss - Bss("我叫汪倩":60:21:01:5f:6c:e1, isGbk=false, security=PSK, level=-76, frequency=2462)
10-23 14:57:11.854  1550  2182 I WifiScanRequestProxy: No ongoing scan request. Don't send scan broadcast.
10-23 14:57:11.875  1550  2182 D WifiConfigStore: Writing to stores completed in 11 ms.
10-23 14:57:11.876  1550  2182 E SupplicantStaIfaceHal: Can't call setCurrentNetworkBssid, SupplicantStaNetwork is null
10-23 14:57:11.878  1550  2182 D WifiStateMachine: CMD_START_CONNECT sup state InactiveState my state DisconnectedState nid=9 roam=false
10-23 14:57:11.879  1550  2182 I WifiStateMachine: Connecting with c4:e3:9f:22:11:19 as the mac address
10-23 14:57:11.879  1202  1202 W wificond: Scan is not started. Ignore abort request
10-23 14:57:11.880   871   871 I wpa_supplicant: getCapabilitiesInternal capabilities: NONE IEEE8021X WPA-EAP WPA-PSK WPA-EAP-SUITE-B WPA-EAP-SUITE-B-192 OWE DPP FILS-SHA256 FILS-SHA384
10-23 14:57:11.881   871   871 I wpa_supplicant: getCapabilitiesInternal capabilities: NONE IEEE8021X WPA-EAP WPA-PSK WPA-EAP-SUITE-B WPA-EAP-SUITE-B-192 OWE DPP FILS-SHA256 FILS-SHA384
10-23 14:57:11.881  1550  2182 I SupplicantStaIfaceHal: addSupplicantStaNetwork via HIDL
10-23 14:57:11.882 14164 14164 D baidu_location_service: WifiScan finished, in callback.
10-23 14:57:11.883  1550  2182 I System.out: stanetwork getId >>0
10-23 14:57:11.883  1550  2182 E SupplicantStaNetworkHal: set ISupplicantVendorStaNetwork successfull
10-23 14:57:11.886  1550  2182 E SupplicantStaNetworkHal: Invalid VendorKeyMgmtMask bit in keyMgmt: 1
10-23 14:57:11.886  1550  2182 E SupplicantStaNetworkHal: Vendor Key Management 0
10-23 14:57:11.886   871   871 I wpa_supplicant: Vendor key_mgmt: 0x2
10-23 14:57:11.887  1550  2182 E SupplicantStaNetworkHal: Invalid protoMask bit in wificonfig: 0
10-23 14:57:11.887  1550  2182 E SupplicantStaNetworkHal: Invalid protoMask bit in wificonfig: 1
10-23 14:57:11.887   871   871 I wpa_supplicant: Vendor Proto: 0x7
10-23 14:57:11.887  1550  2182 E SupplicantStaNetworkHal: Invalid VendorGroupCipherMask bit in wificonfig:: 0
10-23 14:57:11.887  1550  2182 E SupplicantStaNetworkHal: Invalid VendorGroupCipherMask bit in wificonfig:: 1
10-23 14:57:11.887  1550  2182 E SupplicantStaNetworkHal: Invalid VendorGroupCipherMask bit in wificonfig:: 2
10-23 14:57:11.887  1550  2182 E SupplicantStaNetworkHal: Invalid VendorGroupCipherMask bit in wificonfig:: 3
10-23 14:57:11.887  1550  2182 E SupplicantStaNetworkHal: Vendor group cipher 256
10-23 14:57:11.887   871   871 I wpa_supplicant: vendor group_cipher: 0x11e
10-23 14:57:11.888  1550  2182 E SupplicantStaNetworkHal: Invalid VendorPairwiseCipherMask bit in wificonfig:: 1
10-23 14:57:11.888  1550  2182 E SupplicantStaNetworkHal: Invalid VendorPairwiseCipherMask bit in wificonfig:: 2
10-23 14:57:11.888  1550  2182 E SupplicantStaNetworkHal: Vendor Pairwise cipher 256
10-23 14:57:11.888   871   871 I wpa_supplicant: vendor pairwise_cipher: 0x118
10-23 14:57:11.889   871   871 I wpa_supplicant: getCapabilitiesInternal capabilities: NONE IEEE8021X WPA-EAP WPA-PSK WPA-EAP-SUITE-B WPA-EAP-SUITE-B-192 OWE DPP FILS-SHA256 FILS-SHA384
10-23 14:57:11.890   871   871 E wpa_supplicant: eap_proxy: eap_proxy_notify_config
10-23 14:57:11.891   871   871 I wpa_supplicant: wlan0: Trying to associate with SSID 'old_wang_5G'
10-23 14:57:11.891   871   871 I wpa_supplicant: wlan0: OWN MAC adrress: c4:e3:9f:22:11:19
10-23 14:57:11.892   871   871 E wpa_supplicant: eap_proxy: eap_proxy_notify_config
10-23 14:57:11.892   871   871 E wpa_supplicant: eap_proxy: eap_proxy_allowed_method
10-23 14:57:11.892   871   871 E wpa_supplicant: eap_proxy: config or eap_methods is null
10-23 14:57:11.892   871   871 E wpa_supplicant: eap_proxy: eap_proxy_allowed_method
10-23 14:57:11.892   871   871 E wpa_supplicant: eap_proxy: config or eap_methods is null
10-23 14:57:11.892   871   871 E wpa_supplicant: eap_proxy: eap_proxy_allowed_method
10-23 14:57:11.892   871   871 E wpa_supplicant: eap_proxy: config or eap_methods is null
10-23 14:57:11.893  1550  2182 D WifiStateMachine: state is CONNECTING,not bc.
10-23 14:57:11.895   813   813 V LocSvc_HIDL_IzatSubscription: [wifiSupplicantStatusUpdate][670] [HS] <<<<= [HC]
10-23 14:57:11.913  1550  1710 I EthernetTracker: interfaceLinkStateChanged, iface: wlan0, up: false
10-23 14:57:11.913   871   871 I wpa_supplicant: wlan0: CTRL-EVENT-ASSOC-REJECT bssid=f4:83:cd:9a:2e:ab status_code=37
10-23 14:57:11.914   871   871 I wpa_supplicant: wlan0: CTRL-EVENT-SSID-TEMP-DISABLED id=0 ssid="old_wang_5G" auth_failures=1 duration=5 reason=CONN_FAILED
10-23 14:57:11.915   805   874 I WifiHAL : Fate Tx-Rx: Packet fate stats stop received
10-23 14:57:11.915   871   871 E wpa_supplicant: eap_proxy: eap_proxy_notify_config
10-23 14:57:11.915  1550  2182 W WifiDiags: CaptureBugReport 1
10-23 14:57:11.917   996   996 I CNSS    : EVENT_WLAN_LOG_COMPLETE event received Reason code 0	 indicator = 1	 ring_id = 0
10-23 14:57:11.918   996   996 I CNSS    : EVENT_WLAN_LOG_COMPLETE event received Reason code 0	 indicator = 1	 ring_id = 1
10-23 14:57:11.923   996   996 I CNSS    : EVENT_WLAN_LOG_COMPLETE event received Reason code 0	 indicator = 1	 ring_id = 4
10-23 14:57:11.923  1550  2182 D WifiStateMachine: Assocation Rejection event: bssid=f4:83:cd:9a:2e:ab reason code=37 timedOut=false
10-23 14:57:11.930  1550  2182 D WifiLastResortWatchdog: updateFailureCountForNetwork: Unable to find Network ["old_wang_5G", f4:83:cd:9a:2e:ab]
10-23 14:57:11.931  1550  2182 D WifiStateMachine: state is CONNECTING,not bc.
10-23 14:57:11.931  1550  2182 D OppoWifiConnectionAlert: MC=false,mwk=0,maf=0,mar=1
10-23 14:57:11.932  1550  1550 D OppoWifiSharingManager: wifi connect state = DISCONNECTED
10-23 14:57:11.932  1550  1550 D OppoSilenceRecovery: actionandroid.net.wifi.STATE_CHANGE
10-23 14:57:11.932  1550  1550 D OppoSilenceRecovery: wifi connect state =DISCONNECTED
10-23 14:57:11.934  1550 10887 I WifiService: getWifiApConfiguration uid=1002
10-23 14:57:11.936  1467  1467 D mirror  : WifiChangeReceiver wifi change isConnectedfalse
10-23 14:57:11.938  1550  1645 W BroadcastQueue: Background execution not allowed: receiving Intent { act=android.net.wifi.STATE_CHANGE flg=0x4000010 (has extras) } to com.android.mms/com.chinamobile.aisms.sdk.LocalBroadcastManager
10-23 14:57:11.938  1550  1645 W BroadcastQueue: Background execution not allowed: receiving Intent { act=android.net.wifi.STATE_CHANGE flg=0x4000010 (has extras) } to com.ted.number/com.chinamobile.aisms.sdk.LocalBroadcastManager
10-23 14:57:11.941  2750  2750 D DPMJ    : |SERVICE| DPM received action android.net.wifi.STATE_CHANGE
10-23 14:57:11.944  2750  2750 I DPMJ    : |SERVICE| sendWifiStatus - subType: 21 networkState: 4 softApState: 11 rssi=0 ssid= bssid=00:00:00:00:00:00 ipV4Addr= ifNameV4= ipAddrV6= ifNameV6=
10-23 14:57:11.948  1550  2182 D WifiConfigStore: Writing to stores completed in 15 ms.
10-23 14:57:11.952  1550  2182 E SupplicantStateTracker: Ignoring { when=-28ms what=147499 target=com.android.internal.util.StateMachine$SmHandler }
10-23 14:57:11.953   871   871 I wpa_supplicant: wlan0: CTRL-EVENT-SCAN-FAILED ret=-16 retry=1
10-23 14:57:11.954   813   813 V LocSvc_HIDL_IzatSubscription: [wifiSupplicantStatusUpdate][670] [HS] <<<<= [HC]
10-23 14:57:11.954  1550  2182 D WifiStateMachine: CMD_START_CONNECT sup state DisconnectedState my state DisconnectedState nid=9 roam=false
10-23 14:57:11.955  1550  2182 I WifiStateMachine: Connecting with c4:e3:9f:22:11:19 as the mac address
10-23 14:57:11.955  2582  2582 W BluetoothAdapterService: mWifiStateBroadcastReceiver: wifi state false 
10-23 14:57:11.955  2582  2582 D BluetoothVendorService: setWifiState to: false
10-23 14:57:11.955  2582  2582 I BluetoothVendorJni: setWifiStateNative
10-23 14:57:11.955  2582  2582 I bt_btif_vendor: setWifiState :0
10-23 14:57:11.958  1202  1202 W wificond: Scan aborted
10-23 14:57:11.959  1550 10887 D WificondControl: Scan failed event
10-23 14:57:11.959  1550  2207 W WificondScannerImpl: Scan failed
10-23 14:57:11.959  1550  2182 D SupplicantStaIfaceHal: Network is already saved, will not trigger remove and add operation.
10-23 14:57:11.961   871   871 I wpa_supplicant: getCapabilitiesInternal capabilities: NONE IEEE8021X WPA-EAP WPA-PSK WPA-EAP-SUITE-B WPA-EAP-SUITE-B-192 OWE DPP FILS-SHA256 FILS-SHA384
10-23 14:57:11.963   871   871 I wpa_supplicant: wlan0: CTRL-EVENT-SSID-REENABLED id=0 ssid="old_wang_5G"
10-23 14:57:11.964   871   871 E wpa_supplicant: eap_proxy: eap_proxy_notify_config
10-23 14:57:11.964   871   871 I wpa_supplicant: wlan0: Trying to associate with SSID 'old_wang_5G'
10-23 14:57:11.964   871   871 I wpa_supplicant: wlan0: OWN MAC adrress: c4:e3:9f:22:11:19
10-23 14:57:11.966   871   871 E wpa_supplicant: eap_proxy: eap_proxy_notify_config
10-23 14:57:11.967   871   871 E wpa_supplicant: eap_proxy: eap_proxy_allowed_method
10-23 14:57:11.967   871   871 E wpa_supplicant: eap_proxy: config or eap_methods is null
10-23 14:57:11.967   871   871 E wpa_supplicant: eap_proxy: eap_proxy_allowed_method
10-23 14:57:11.967   871   871 E wpa_supplicant: eap_proxy: config or eap_methods is null
10-23 14:57:11.967   871   871 E wpa_supplicant: eap_proxy: eap_proxy_allowed_method
10-23 14:57:11.967   871   871 E wpa_supplicant: eap_proxy: config or eap_methods is null
10-23 14:57:11.969  1550  1550 D OppoWifiSharingManager: wifi connect state = SCANNING
10-23 14:57:11.969  1550  1550 D OppoSilenceRecovery: actionandroid.net.wifi.STATE_CHANGE
10-23 14:57:11.969  1550  1550 D OppoSilenceRecovery: wifi connect state =SCANNING
10-23 14:57:11.969  1550  1550 D OppoSilenceRecovery: wifi connect other state
10-23 14:57:11.971  1550  1645 W BroadcastQueue: Background execution not allowed: receiving Intent { act=android.net.wifi.STATE_CHANGE flg=0x4000010 (has extras) } to com.android.mms/com.chinamobile.aisms.sdk.LocalBroadcastManager
10-23 14:57:11.971  1550  1645 W BroadcastQueue: Background execution not allowed: receiving Intent { act=android.net.wifi.STATE_CHANGE flg=0x4000010 (has extras) } to com.ted.number/com.chinamobile.aisms.sdk.LocalBroadcastManager
10-23 14:57:11.972  1467  1467 D mirror  : WifiChangeReceiver wifi change isConnectedfalse
10-23 14:57:11.972  2750  2750 D DPMJ    : |SERVICE| DPM received action android.net.wifi.STATE_CHANGE
10-23 14:57:11.973 14386 14386 D StatusBar: disable<e i a s b h r c s > disable2<q i n >
10-23 14:57:11.973  1550 10887 I WifiService: getWifiApConfiguration uid=1002
10-23 14:57:11.974  2750  2750 I DPMJ    : |SERVICE| sendWifiStatus - subType: 21 networkState: 4 softApState: 11 rssi=0 ssid= bssid=00:00:00:00:00:00 ipV4Addr= ifNameV4= ipAddrV6= ifNameV6=
10-23 14:57:11.975  1550  2182 D OppoWifiConnectionAlert: MC=false,mwk=0,maf=0,mar=1
10-23 14:57:11.976  1550  1550 D OppoWifiSharingManager: wifi connect state = DISCONNECTED
10-23 14:57:11.976  1550  1550 D OppoSilenceRecovery: actionandroid.net.wifi.STATE_CHANGE
10-23 14:57:11.976  1550  1550 D OppoSilenceRecovery: wifi connect state =DISCONNECTED
10-23 14:57:11.978  1550  2182 E WifiScanRequestProxy: Scan failure received. reason: -1,description: Scan failed
10-23 14:57:11.980  2750  2750 D DPMJ    : |SERVICE| DPM received action android.net.wifi.STATE_CHANGE
10-23 14:57:11.981  2750  2750 I DPMJ    : |SERVICE| sendWifiStatus - subType: 21 networkState: 4 softApState: 11 rssi=0 ssid= bssid=00:00:00:00:00:00 ipV4Addr= ifNameV4= ipAddrV6= ifNameV6=
10-23 14:57:11.986  1550  1645 W BroadcastQueue: Background execution not allowed: receiving Intent { act=android.net.wifi.STATE_CHANGE flg=0x4000010 (has extras) } to com.android.mms/com.chinamobile.aisms.sdk.LocalBroadcastManager
10-23 14:57:11.986  1467  1467 D mirror  : WifiChangeReceiver wifi change isConnectedfalse
10-23 14:57:11.987  1550  2182 D WifiStateMachine: state is CONNECTING,not bc.
10-23 14:57:11.990  1550  1645 W BroadcastQueue: Background execution not allowed: receiving Intent { act=android.net.wifi.STATE_CHANGE flg=0x4000010 (has extras) } to com.ted.number/com.chinamobile.aisms.sdk.LocalBroadcastManager
10-23 14:57:11.991   871   871 I wpa_supplicant: wlan0: CTRL-EVENT-ASSOC-REJECT bssid=f4:83:cd:9a:2e:ab status_code=37
10-23 14:57:11.991   805   874 I WifiHAL : Fate Tx-Rx: Packet fate stats stop received
10-23 14:57:11.992   871   871 E wpa_supplicant: eap_proxy: eap_proxy_notify_config
10-23 14:57:11.992  1550  1710 I EthernetTracker: interfaceLinkStateChanged, iface: wlan0, up: false
10-23 14:57:11.993   813   813 V LocSvc_HIDL_IzatSubscription: [wifiSupplicantStatusUpdate][670] [HS] <<<<= [HC]
10-23 14:57:11.996   813   813 V LocSvc_HIDL_IzatSubscription: [wifiSupplicantStatusUpdate][670] [HS] <<<<= [HC]
10-23 14:57:11.996  1550  2182 W WifiDiags: CaptureBugReport 1
10-23 14:57:11.997  2582  2582 W BluetoothAdapterService: mWifiStateBroadcastReceiver: wifi state false 
10-23 14:57:11.997   813   813 V LocSvc_HIDL_IzatSubscription: [wifiSupplicantStatusUpdate][670] [HS] <<<<= [HC]
10-23 14:57:11.997  2582  2582 D BluetoothVendorService: setWifiState to: false
10-23 14:57:11.997  2582  2582 I BluetoothVendorJni: setWifiStateNative
10-23 14:57:11.997  2582  2582 I bt_btif_vendor: setWifiState :0
10-23 14:57:11.998   996   996 I CNSS    : EVENT_WLAN_LOG_COMPLETE event received Reason code 0	 indicator = 1	 ring_id = 0
10-23 14:57:11.998  1550 10887 I WifiService: getWifiApConfiguration uid=1002
10-23 14:57:11.999   996   996 I CNSS    : EVENT_WLAN_LOG_COMPLETE event received Reason code 0	 indicator = 1	 ring_id = 1
10-23 14:57:11.999   805   805 E WifiHAL : wifi_get_ring_data: Error -5 happened. 
10-23 14:57:11.999  1550  2182 E WifiVendorHal: getRingBufferData(l.2066) failed {.code = ERROR_INVALID_ARGS, .description = }
10-23 14:57:12.000   996   996 I CNSS    : EVENT_WLAN_LOG_COMPLETE event received Reason code 0	 indicator = 1	 ring_id = 4
10-23 14:57:12.000  1550  2182 D WifiStateMachine: Assocation Rejection event: bssid=f4:83:cd:9a:2e:ab reason code=37 timedOut=false
10-23 14:57:12.004  1550  2182 D WifiLastResortWatchdog: updateFailureCountForNetwork: Unable to find Network ["old_wang_5G", f4:83:cd:9a:2e:ab]
10-23 14:57:12.005  1550  2182 D WifiStateMachine: state is CONNECTING,not bc.
10-23 14:57:12.005  1550  2182 D OppoWifiConnectionAlert: MC=false,mwk=0,maf=0,mar=2
10-23 14:57:12.006  1550  1550 D OppoWifiSharingManager: wifi connect state = DISCONNECTED
10-23 14:57:12.006  1550  1550 D OppoSilenceRecovery: actionandroid.net.wifi.STATE_CHANGE
10-23 14:57:12.006  1550  1550 D OppoSilenceRecovery: wifi connect state =DISCONNECTED
