10-23 14:56:36.850 13966 14021 W System.err: android.content.pm.PackageManager$NameNotFoundException
10-23 14:56:36.854 13966 14021 W System.err: 	at android.app.ApplicationPackageManager.getPackageInfo(ApplicationPackageManager.java:194)
10-23 14:56:36.854 13966 14021 W System.err: 	at com.nearme.statistics.rom.a.j.n.a(Utils.java:86)
10-23 14:56:36.854 13966 14021 W System.err: 	at com.nearme.statistics.rom.a.d.f.b(LaunchHelper.java:158)
10-23 14:56:36.854 13966 14021 W System.err: 	at com.nearme.statistics.rom.a.d.f.a(LaunchHelper.java:107)
10-23 14:56:36.854 13966 14021 W System.err: 	at com.nearme.statistics.rom.usermodel.e$1$1.run(PhoneUsageData.java:92)
10-23 14:56:36.854 13966 14021 W System.err: 	at java.util.concurrent.ThreadPoolExecutor.runWorker(ThreadPoolExecutor.java:1167)
10-23 14:56:36.854 13966 14021 W System.err: 	at java.util.concurrent.ThreadPoolExecutor$Worker.run(ThreadPoolExecutor.java:641)
10-23 14:56:36.854 13966 14021 W System.err: 	at java.lang.Thread.run(Thread.java:764)
10-23 14:56:36.857 14386 14386 E PhoneState: iconId is 0android.widget.ImageView{3cbef0d G.ED..... ......I. 0,0-0,0 #7f0a0119 app:id/data_inout}
10-23 14:56:36.861   890   890 D SurfaceFlinger: Client::detachLayer this 0x712bb113c0, layer sequence 14606 NavigationBar#0
10-23 14:56:36.868 14331 14331 D TopActivityMonitor: Receiving intent action = android.intent.action.SCREEN_OFF
10-23 14:56:36.870 14331 14348 V SensorManager: unRegisterListener by com.oppo.monitor.foreground.TopActivityMonitor$1
10-23 14:56:36.870   801  2134 I sensors-hal: activate:111, qti.sensor.wise_light/5 en=0
10-23 14:56:36.872   801  2134 I sensors-hal: activate:130, qti.sensor.wise_light/5 en=0 completed type = 33171027
10-23 14:56:36.877 14386 14386 I vol.Events: writeEvent dismiss_dialog screen_off
10-23 14:56:36.882 14436 14436 I Divider : get show = false
10-23 14:56:36.907  9418  4852 I QualityProtectService: Screen Out Start
10-23 14:56:36.940  9418  4852 I QualityProtectService: saveLowMemLogIfNeeded 24
10-23 14:56:36.944  9418  4852 D RUtils  : isRUtilsEnable oppo.service.rutils.enable = 1!
10-23 14:56:36.944  9418  4852 D RUtils  : waitForRUtilsEnable OK!
10-23 14:56:36.944  9418  4852 E         : android_rutils_RUtils :: bArrSize = 202 
10-23 14:56:36.976  7755  8007 W auto_download: Condition change condition:ScreenOffCondition#status:ScreenOff
10-23 14:56:36.976  7755  8007 W auto_download: common condition satisfied
10-23 14:56:36.981  1550  1707 D BatteryStatsImpl: REPORT_UPDATE_CPU  ->  phoneTemp:18  preHeatThreshold:400
10-23 14:56:37.003   813   813 V LocSvc_HIDL_IzatSubscription: [batteryLevelUpdate][772] [HS] <<<<= [HC]
10-23 14:56:37.021  9418  4852 I QualityProtectService: keep service alive
10-23 14:56:37.022  9418  4852 I QualityProtectService: Screen Out End
10-23 14:56:37.026  1550  4858 D BatteryStatsImpl: reset mHaveCaptured:false
10-23 14:56:37.044  8856  4867 V SensorManager: unRegisterListener by adtx
10-23 14:56:37.044  8856  4867 V SensorManager: unRegisterListener by com.tencent.mobileqq.activity.aio.MediaPlayerManager
10-23 14:56:37.048 29772 29772 I SceneService.NearbyPoiSceneService: action = android.intent.action.SCREEN_OFF
10-23 14:56:37.124   868   868 D AudioFlinger: getActiveAudioPids pids = 
10-23 14:56:37.145   868   868 D AudioFlinger: getActiveAudioPids pids = 
10-23 14:56:37.220 14386 14386 D StatusBar: disable<e i a s B H r C s > disable2<q i n >
10-23 14:56:37.290  1550  1644 D WindowOrientationListener: WindowOrientationListener disabled
10-23 14:56:37.290  1550  1644 I chatty  : uid=1000(system) android.ui expire 13 lines
10-23 14:56:37.291   801  2134 I sensors-hal: activate:111, android.sensor.device_orientation/2 en=0
10-23 14:56:37.292   801  2134 I sensors-hal: activate:130, android.sensor.device_orientation/2 en=0 completed type = 27
10-23 14:56:37.699   813  2698 V LocSvc_HIDL_IzatProvider: [onLocationChanged][70] [HS] =>>>> [HC]
10-23 14:56:37.700  1550  2734 I chatty  : uid=1000(system) HwBinder:1550_4 expire 1 line
10-23 14:56:38.619  1550  1638 D OppoPowerMonitor: writeStringToFile write reset to /sys/kernel/wakeup_reasons/wakeup_stastisc_reset
10-23 14:56:38.623  1550  1638 D OppoPowerMonitor: writeStringToFile write reset to /sys/kernel/wakelock_profiler/active_max
10-23 14:56:38.625  1550  1638 D OppoPowerMonitor: writeStringToFile write reset to /sys/kernel/wakelock_profiler/kernel_time
10-23 14:56:40.424 32736 32736 D OppoLFEHelper: kill Self
10-23 14:56:40.425 32736 32736 I Process : Sending signal. PID: 32736 SIG: 9
10-23 14:56:40.489  1550  1550 V OppoLogService: OFEService, onServiceDisconnected
10-23 14:56:40.489  1550  3059 I ActivityManager: Process com.oppo.lfeh (pid 32736) has died: vis  IMPF
10-23 14:56:40.491  1550  3059 W ActivityManager: app.persistent false app.isolated false app.removed false app ProcessRecord{717a3ba 32736:com.oppo.lfeh/1000}
10-23 14:56:40.491   731   731 I Zygote  : Process 32736 exited due to signal (9)
10-23 14:56:40.491  1550  1647 I chatty  : uid=1000(system) ActivityManager expire 4 lines
10-23 14:56:40.492  1550  1644 D Dex2oatManagerService: Process died; UID 1000 PID 32736
10-23 14:56:40.506  1550  1550 I chatty  : uid=1000 system_server expire 2 lines
10-23 14:56:41.403  8856 10286 I SmartThreadExecutor: handleMessage: start check 0
10-23 14:56:41.403  8856 10286 I SmartThreadExecutor: handleMessage: check end 0 -259 false
10-23 14:56:43.251   730   756 E NetlinkEvent: NetlinkEvent::FindParam(): Parameter 'INTERFACE' not found
10-23 14:56:43.251   730   756 E NetlinkEvent: NetlinkEvent::FindParam(): Parameter 'STATE' not found
10-23 14:56:43.251   730   756 E NetlinkEvent: NetlinkEvent::FindParam(): Parameter 'TIME_NS' not found
10-23 14:56:43.251   730   756 E NetlinkEvent: NetlinkEvent::FindParam(): Parameter 'UID' not found
10-23 14:56:43.901  1550  2182 I chatty  : uid=1000(system) WifiStateMachin expire 2 lines
10-23 14:56:44.199 24038 24092 W Settings: Setting airplane_mode_on has moved from android.provider.Settings.System to android.provider.Settings.Global, returning read-only value.
10-23 14:56:44.311  8856 10204 D Q.fts.BgCpu.Total: 2019-10-23 14:56:44 cpu:89 - wall:114  albo transCount:0 transCost:0 transAvg:0.0 albs transCount:1 transCost:19 transAvg:19.0
10-23 14:56:45.719  2859  4907 D WadlRemoteService: ##@exitProcess:WADL
10-23 14:56:45.720  2859  4907 I Process : Sending signal. PID: 2859 SIG: 9
10-23 14:56:45.725 19769 19780 I elsa    : addToCgroupProcs, success add pid:2859 to mCgroupProcsFd = 8, path:/dev/freezer/cgroup.procs!
10-23 14:56:45.770  8856 14558 D WadlProxyServiceManager: ##@wadl download process is died!
10-23 14:56:45.770  1550  2740 I chatty  : uid=1000(system) Binder:1550_8 expire 1 line
10-23 14:56:45.771  8856  8856 D WadlProxyServiceManager: ##@onServiceDisconnected
10-23 14:56:45.771  1550  2740 I ActivityManager: Process com.tencent.mobileqq:TMAssistantDownloadSDKService (pid 2859) has died: prev SVC 
10-23 14:56:45.772   732   732 I Zygote  : Process 2859 exited due to signal (9)
10-23 14:56:45.772  1550  2740 D ActivityManager: com.tencent.mobileqq:TMAssistantDownloadSDKService bA=true, iR=true
10-23 14:56:45.772  1550  2740 D ActivityManager: allow restart service in proc com.tencent.mobileqq:TMAssistantDownloadSDKService
10-23 14:56:45.773  1550  2740 W ActivityManager: app.persistent false app.isolated false app.removed false app ProcessRecord{4cf926b 2859:com.tencent.mobileqq:TMAssistantDownloadSDKService/u0a202}
10-23 14:56:45.773  1550  1644 D Dex2oatManagerService: Process died; UID 10202 PID 2859
10-23 14:56:45.774 13966 14021 I DCS-BackgroundAppData: sendAppBackgroundEvent: has no pkgName=com.tencent.mobileqq
10-23 14:56:46.004  8856 10072 D PatchLogTag: AbscractPatchItemConfig isValidConfig return true
10-23 14:56:46.004  8856 10072 D PatchLogTag: PatchConfig isValidConfig return true
10-23 14:56:46.015  8856 10072 D BatteryStats.BgCpu: bgPrintCpuCostSofar msfrecv=178[10118],   fts=259[10204]
10-23 14:56:46.017  1550  1755 I chatty  : uid=1000(system) PowerManagerSer expire 21 lines
10-23 14:56:46.021   801  2134 I sensors-hal: activate:111, qti.sensor.proximity_fake/18 en=0
10-23 14:56:46.023   801  2134 I sensors-hal: activate:130, qti.sensor.proximity_fake/18 en=0 completed type = 33171005
10-23 14:56:48.012   813   813 V LocSvc_HIDL_IzatSubscription: [batteryLevelUpdate][772] [HS] <<<<= [HC]
10-23 14:56:48.774  1550  1640 I chatty  : uid=1000(system) EmbryoManager expire 1 line
10-23 14:56:49.135   730   756 E NetlinkEvent: NetlinkEvent::FindParam(): Parameter 'INTERFACE' not found
10-23 14:56:49.135   730   756 E NetlinkEvent: NetlinkEvent::FindParam(): Parameter 'STATE' not found
10-23 14:56:49.135   730   756 E NetlinkEvent: NetlinkEvent::FindParam(): Parameter 'TIME_NS' not found
10-23 14:56:49.135   730   756 E NetlinkEvent: NetlinkEvent::FindParam(): Parameter 'UID' not found
10-23 14:56:52.660  1550  2646 W Watchdog: !@WatchDog_3996
10-23 14:56:53.131   813   813 V LocSvc_HIDL_IzatSubscription: [batteryLevelUpdate][772] [HS] <<<<= [HC]
10-23 14:56:54.883 19151 19153 E rutils  : releaseProcess gCount = 1
10-23 14:56:55.029   730   756 E NetlinkEvent: NetlinkEvent::FindParam(): Parameter 'INTERFACE' not found
10-23 14:56:55.029   730   756 E NetlinkEvent: NetlinkEvent::FindParam(): Parameter 'STATE' not found
10-23 14:56:55.029   730   756 E NetlinkEvent: NetlinkEvent::FindParam(): Parameter 'TIME_NS' not found
10-23 14:56:55.029   730   756 E NetlinkEvent: NetlinkEvent::FindParam(): Parameter 'UID' not found
10-23 14:56:55.235  1040  1069 D         : thermal_monitor msm_therm: open fail -1
10-23 14:56:55.235  1040  1071 D         : power_monitor cpu0-gold-usr: open fail -1
10-23 14:56:55.235  1040  1069 D         : thermal_monitor gpu0-usr: open fail -1
10-23 14:56:55.235  1040  1069 D         : thermal_monitor cpu0-gold-usr: open fail -1
10-23 14:56:56.260 24038 24092 W Settings: Setting airplane_mode_on has moved from android.provider.Settings.System to android.provider.Settings.Global, returning read-only value.
10-23 14:56:58.062  8856 10072 D PatchLogTag: AbscractPatchItemConfig isValidConfig return true
10-23 14:56:58.062  8856 10072 D PatchLogTag: PatchConfig isValidConfig return true
10-23 14:56:59.026   813   813 V LocSvc_HIDL_IzatSubscription: [batteryLevelUpdate][772] [HS] <<<<= [HC]
10-23 14:57:07.250  1190  1279 E storaged: getDiskStats failed with result NOT_SUPPORTED and size 0
10-23 14:57:04.136   813   813 V LocSvc_HIDL_IzatSubscription: [batteryLevelUpdate][772] [HS] <<<<= [HC]
10-23 14:57:08.343 24038 24092 W Settings: Setting airplane_mode_on has moved from android.provider.Settings.System to android.provider.Settings.Global, returning read-only value.
10-23 14:57:09.861  1550  2160 I chatty  : uid=1000(system) InputReader expire 22 lines
10-23 14:57:09.871  1550  2274 I chatty  : uid=1000(system) aceService.Main expire 2 lines
10-23 14:57:09.871  1550  2274 D KeyguardServiceWrapper: onWakeUp
10-23 14:57:09.871  1550  2160 I PowerManagerService: Waking up from sleep (uid=1000 reason=android.policy:POWER)...
10-23 14:57:09.872  1550  1550 W UsageStatsService: Event reported without a package name
10-23 14:57:09.873 14386 28386 I Kgd.KeyguardService: requestKeyguard, command = android.policy:POWER
10-23 14:57:09.873   799   799 E QTI PowerHAL: Failed to acquire lock for hint_id: 1041.
10-23 14:57:09.874  1550  1755 I DisplayPowerController: Blocking screen on until initial contents have been drawn.
10-23 14:57:09.926  1550  1550 I chatty  : uid=1000 system_server expire 3 lines
10-23 14:57:09.926  1550  1755 D MotorManagerService: notifyScreenOn ScreenOn
10-23 14:57:09.926  1550  1755 D MotorManagerService: notifyScreenOn screenOnReleaseWakelock
10-23 14:57:09.927  1550  1755 D AutomaticBrightnessController: setLightSensorEnabled: enable=true, mLightSensorEnabled=false, mAmbientLuxValid=false, mResetAmbientLuxAfterWarmUpConfig=true
10-23 14:57:09.928 14386 28386 D Kgd.SmartlockMediator: handleUpdateSmartlockState, mIsSmartLockEnable = false
10-23 14:57:09.928  1550  3059 I StatusBarManagerService: disable, what:2621440, pkg:com.android.systemui token:android.os.BinderProxy@eab17f3
10-23 14:57:09.929  1550  2320 I chatty  : uid=1000(system) PhotonicModulat expire 2 lines
10-23 14:57:09.929  1550  1712 I DisplayManagerService: Display device changed state: "内置屏幕", ON
10-23 14:57:09.929   890   890 D SurfaceFlinger: Set power mode=2, type=0 flinger=0x712f055000
10-23 14:57:09.930   890   890 D SurfaceFlinger: Set power mode=2, type=0 flinger=0x712f055000,after sensor service notify
10-23 14:57:09.930   890   890 E SurfaceFlinger: error setOppoPowerStatus:/sys/kernel/oppo_display/power_status(-1)
10-23 14:57:09.931   793  1220 I SDM     : DisplayBase::SetDisplayState: Set state = 1, display 26-0
10-23 14:57:09.933   890  5116 D SurfaceFlinger: notifyScreenChanged mode = 2
10-23 14:57:09.933  1550  2742 I chatty  : uid=1000(system) Binder:1550_9 expire 2 lines
10-23 14:57:09.935  1550  1755 D PowerManagerService: onDisplayChanged:0
10-23 14:57:09.942  1550  5115 I chatty  : uid=1000 system_server expire 16 lines
10-23 14:57:09.946   801  2134 I sensors-hal: batch:152, qti.sensor.wise_light/5, period=200000000, max_latency=0
10-23 14:57:09.946   801  2134 I sensors-hal: batch:161, qti.sensor.wise_light/5, period=200000000, max_latency=0 request completed
10-23 14:57:09.948   801  2134 I sensors-hal: activate:111, qti.sensor.wise_light/5 en=1
10-23 14:57:09.948   801  2134 I sensors-hal: ssc_enable_rt_task:254, ssc_enable_rt_task : true
10-23 14:57:09.949 14386 14386 W Kgd.KeyguardSecurityContainer: showSecurityScreen,securityMode is as same as lastone, securityMode = PINSix, return
10-23 14:57:09.950 14386 14386 D Kgd.KeyguardViewMediator: Keyguard notifyDrawn
10-23 14:57:09.953   801  2134 I sensors-hal: activate:130, qti.sensor.wise_light/5 en=1 completed type = 33171027
10-23 14:57:09.957  2786  2786 D OemProximitySensor: change sce from FAR to FAR_DISPLAY_ON
10-23 14:57:09.958  2786  2786 D OemProximitySensor: Project do not support WiFi SAR, project=18098
10-23 14:57:09.968  1550  1755 D DisplayPowerController: mRampAnimatorListener
10-23 14:57:09.968  1550  1755 D DisplayPowerController: notifySfRepaintEverything begin
10-23 14:57:09.969  1550  1755 D DisplayPowerController: notifySfRepaintEverything end
10-23 14:57:09.969  1550  1755 D DisplayPowerController: sendupdateSFRepaint begin
10-23 14:57:09.969  1550  1755 D DisplayPowerController: sendupdateSFRepaint end
10-23 14:57:09.976  1550  1550 I BatteryService: action received : android.intent.action.SCREEN_ON
10-23 14:57:09.979  1550  1755 D DisplayPowerController: MSG_UPDATE_SF_REPAINT_EVERYTHING
10-23 14:57:09.979  1550  1755 D DisplayPowerController: notifySfRepaintEverything begin
10-23 14:57:09.979  1550  1755 D DisplayPowerController: notifySfRepaintEverything end
10-23 14:57:09.982 14386 14386 D StatusBar: disable<e i a s B H r C s > disable2<q i n >
10-23 14:57:09.982 14386 14386 D StatusBar: disable<e i a s B H r C s > disable2<q i n >
10-23 14:57:09.994  1550  2194 I chatty  : uid=1000(system) OppoSlaNetlinkH expire 2 lines
10-23 14:57:09.998  1202  1202 I wificond: Pno scan stopped
10-23 14:57:10.004   801  5124 I sensors-hal: handle_indication_realtime:352,  SCHED_FIFO(10) for qmi_cbk
10-23 14:57:10.009  1550  2149 D WindowOrientationListener: WindowOrientationListener enabled clearCurrentRotation=true
10-23 14:57:10.009  1550  2149 I chatty  : uid=1000(system) PhoneWinHandler expire 12 lines
10-23 14:57:10.010   801  2134 I sensors-hal: batch:152, android.sensor.device_orientation/2, period=66667000, max_latency=0
10-23 14:57:10.010   801  2134 I sensors-hal: batch:161, android.sensor.device_orientation/2, period=66667000, max_latency=0 request completed
10-23 14:57:10.011   801  2134 I sensors-hal: activate:111, android.sensor.device_orientation/2 en=1
10-23 14:57:10.011   801  2134 I sensors-hal: ssc_enable_rt_task:254, ssc_enable_rt_task : true
10-23 14:57:10.013   801  2134 I sensors-hal: activate:130, android.sensor.device_orientation/2 en=1 completed type = 27
10-23 14:57:10.013  1550  2149 D DisplayPowerController: ScreenOnUnblocker, onScreenOn
10-23 14:57:10.014  1550  1755 I DisplayPowerController: Unblocked screen on after 140 ms
10-23 14:57:10.015   781  1564 D audio_hw_primary: adev_set_parameters: enter: screen_state=on
10-23 14:57:10.016   781  1564 D audio_hw_extn: audio_extn_set_anc_parameters: anc_enabled:0
10-23 14:57:10.016   781  1564 D audio_hw_spkr_prot: audio_extn_fbsp_set_parameters: Speaker protection disabled
10-23 14:57:10.017   813   813 V LocSvc_HIDL_IzatSubscription: [batteryLevelUpdate][772] [HS] <<<<= [HC]
10-23 14:57:10.021   801  5124 E sensors-hal: handle_sns_std_sensor_event:87, wise_light: lux 149 ,period 0 ms, data c 2
10-23 14:57:10.021  1550  2137 I chatty  : uid=1000(system) SensorService expire 6 lines
10-23 14:57:10.037  2582  2582 D BtOppService: action : android.intent.action.SCREEN_ON
10-23 14:57:10.039  4117  4117 D ColorServicesMonitor: cancel starting OppoAutoClearService!
10-23 14:57:10.048   813   813 V LocSvc_HIDL_IzatSubscription: [screenStatusUpdate][566] [HS] <<<<= [HC]
10-23 14:57:10.056   793  1220 I SDM     : HWCSession::HandleConcurrency: sec_builtin_active 0
10-23 14:57:10.056   890   890 D SurfaceFlinger: Finished set power mode=2, type=0
10-23 14:57:10.057  1550  1755 I chatty  : uid=1000(system) PowerManagerSer expire 2 lines
10-23 14:57:10.058  2750  2750 D DPMJ    : |SERVICE| DPM received action android.intent.action.SCREEN_ON
10-23 14:57:10.066   890   890 D SurfaceFlinger: Client::detachLayer this 0x712ea5b780, layer sequence 14887 ColorFade#0
10-23 14:57:10.067  1317  1317 D android.hardware.biometrics.fingerprint@2.1-service: setScreenState 
10-23 14:57:10.067  1550  1755 W PowerManagerService: Screen on took 207 ms
10-23 14:57:10.067   890  2720 D SurfaceFlinger: NOTIFY_UNBLOCKSCREEN
10-23 14:57:10.071  1550  1550 V SettingsProvider: Notifying for 0: content://settings/system/real_screen_brightness
10-23 14:57:10.072  1550  1550 V SettingsProvider: Notifying for 0: content://settings/system/screen_brightness
10-23 14:57:10.075  4404  6874 I SafeCenter: receive action = android.intent.action.SCREEN_ON,isScreenOnWithoutKeyguard=false
10-23 14:57:10.111 13017 13017 D StandbyModeManager: onReceive action: android.intent.action.SCREEN_ON
10-23 14:57:10.113 13017 13148 D MSF.C.NetConnTag: pa ok: 89832
10-23 14:57:10.113 13017 13148 D MSF.C.NetConnTag: netSend ssoSeq:89832 uin:0 cmd:AiYxJi46IDs+bRE4My4g 89991 31a526e
10-23 14:57:10.117 13017 13017 D MSF.C.LogManager: onReceive broadcastreceiver.action = android.intent.action.SCREEN_ON
10-23 14:57:10.142 14331 14331 D TopActivityMonitor: Receiving intent action = android.intent.action.SCREEN_ON
10-23 14:57:10.228   801  5124 E sensors-hal: handle_sns_std_sensor_event:87, wise_light: lux 152 ,period 192 ms, data c 2
10-23 14:57:10.236  7755  8007 W auto_download: Condition change condition:ScreenOffCondition#status:ScreenOn
10-23 14:57:10.237  7755  8007 W auto_download: common condition satisfied
10-23 14:57:10.261 29772 29772 I SceneService.NearbyPoiSceneService: action = android.intent.action.SCREEN_ON
10-23 14:57:10.261 29772 29772 I SceneService.NearbyPoiSceneService: UPDATE_BSSID_SCREEN_TIMES diff time = 340730; updateBssidTime = 1571813489531
10-23 14:57:10.293 29772 29772 I SceneService.NearbyPoiSceneService: updateDataJob begin, dataSource = 0; synthesis = 0; mScreenOn = true
10-23 14:57:10.293 29772 29772 I SceneService.PoiSceneHelper: checkResidentShop end, result = false; step - stepThree = 0 ## stepSecond  = 36074 & stepThree = 36074& stepCur = 36074
10-23 14:57:10.296   801  5156 I sensors-hal: handle_indication_realtime:352,  SCHED_FIFO(10) for qmi_cbk
10-23 14:57:10.296 13017 13171 D MSF.C.NetConnTag: netRecv ssoSeq:89832 uin:0 cmd:AiYxJi46IDs+bRE4My4g 89898 cross:0
10-23 14:57:10.296   801  5156 E sensors-hal: handle_sns_client_event:83, device_orient_event: ts=272592914016397, type=4
10-23 14:57:10.297  1550  1644 V WindowOrientationListener: onSensorChanged mDesiredRotation = 4
10-23 14:57:10.346   868   868 D AudioFlinger: getActiveAudioPids pids = 
10-23 14:57:10.384  1550  3500 I StatusBarManagerService: disable, what:2621440, pkg:com.android.systemui token:android.os.BinderProxy@eab17f3
10-23 14:57:10.388 14386 14386 I Kgd.KeyguardWallpaperContainer: processGaussGradient, gauss not effect.
10-23 14:57:10.410 14386 14417 D MotorManager: upMotorBySystemApp
10-23 14:57:10.410 14386 14417 D MotorManager: call service upMotorBySystemApp
10-23 14:57:10.410  1550  1718 D MotorManagerService: callingPid: 14386
10-23 14:57:10.410  1550  1718 D MotorManagerService: upMotorByAllScene :systemui_faceunlock mAppMotorCommand: 0 mLatestMotorCommand: 0
10-23 14:57:10.410  1550  1718 D MotorManagerService: removeOppoAlbumBackMess
10-23 14:57:10.410  1550  1718 D MotorManagerService: upMotorByAllScene upMotor sMotorDowned: true
10-23 14:57:10.410  1550  1718 D MotorManagerService: upMotor
10-23 14:57:10.410  1550  1718 D MotorManagerService: writeMotorControlData
10-23 14:57:10.400 14386 14386 I chatty  : uid=10067(com.android.systemui) identical 5 lines
10-23 14:57:10.406 14386 14386 I Kgd.KeyguardWallpaperContainer: processGaussGradient, gauss not effect.
10-23 14:57:10.410  1550  1718 I chatty  : uid=1000(system) Binder:1550_3 expire 2 lines
10-23 14:57:10.411  1009  1009 D MotorControlService: MotorControlService  ACTION_REQUEST_WRITE_MOTOR
10-23 14:57:10.411  1009  1009 D MotorControlService: writeMotorData
10-23 14:57:10.411  1009  1009 E MotorControlService: direction : 1 directionSize : 1 
10-23 14:57:10.412  1009  1009 E MotorControlService: enable : 1 enableWriteSize : 1 
10-23 14:57:10.413  1550  1718 D MotorManagerService: upMotor res: 1
10-23 14:57:10.416 14386 14386 I Kgd.KeyguardWallpaperContainer: processGaussGradient, gauss not effect.
10-23 14:57:10.419  1550  2283 I chatty  : uid=1000(system) SensorManagerCl expire 29 lines
10-23 14:57:10.419  1550  2280 I chatty  : uid=1000(system) .CaptureManager expire 4 lines
10-23 14:57:10.421  1092 15995 I CameraService: android want to connect camera1
10-23 14:57:10.421  1092 15995 I CameraService: CameraService::connect call (PID 1550 "android", camera ID 1) for HAL version default and Camera API version 1
10-23 14:57:10.421  1092 15995 E CameraService: can not read file /data/.camera/RUS_camera_hardware_thirdParty.
10-23 14:57:10.421  1550  2160 D MotorManagerService: setMotorUping
10-23 14:57:10.421  1550  2160 D MotorManagerService: sendBroadcast ACTION_MOTOR_UPING
10-23 14:57:10.423  1550  2160 D MotorManagerService: Exception in getSoundRaw: java.lang.NullPointerException: Attempt to invoke virtual method 'boolean java.lang.String.equals(java.lang.Object)' on a null object reference
10-23 14:57:10.423  1550  2160 I MotorManagerService: initSensor
10-23 14:57:10.425   801  2134 I sensors-hal: batch:152, free_fall_detect/7, period=1000000, max_latency=0
10-23 14:57:10.425   801  2134 I sensors-hal: batch:161, free_fall_detect/7, period=1000000, max_latency=0 request completed
10-23 14:57:10.426   801  2134 I sensors-hal: activate:111, free_fall_detect/7 en=1
10-23 14:57:10.426   801  2134 I sensors-hal: ssc_enable_rt_task:254, ssc_enable_rt_task : true
10-23 14:57:10.426   781  1564 D audio_hw_primary: adev_set_parameters: enter: MuteBackMic=1
10-23 14:57:10.426   781  1564 D audio_hw_extn: audio_extn_set_anc_parameters: anc_enabled:0
10-23 14:57:10.426   781  1564 D audio_hw_spkr_prot: audio_extn_fbsp_set_parameters: Speaker protection disabled
10-23 14:57:10.427  1092 15995 I CameraService: CameraService::connect, oppo.camera.packname = android
10-23 14:57:10.431  1160  1160 D NuPlayerDriver: NuPlayerDriver(0xee093580) created, clientPid(1092)
10-23 14:57:10.431  1160  1160 D NuPlayerDriver: new NuPlayerDriver(0xee093580)
10-23 14:57:10.431   801  2134 I sensors-hal: activate:130, free_fall_detect/7 en=1 completed type = 33171006
10-23 14:57:10.432 14386 14386 D WindowManager: Add to mViews: com.android.keyguard.base.CameraSlidingUpAnimView{da87052 V.ED..... ......I. 0,0-0,0}, this = android.view.WindowManagerGlobal@8275da7,pkg=null
10-23 14:57:10.434  1160  1160 I NuPlayerDriver: setDataSource(0xee093580) url(<no-scheme URI suppressed>)
10-23 14:57:10.434  1160  1160 D NuPlayerDriver: setDataSource(url)(0xee093580) wait mLock
10-23 14:57:10.435  1160  5193 D NuPlayerDriver: notifySetDataSourceCompleted(0xee093580) err = 0
10-23 14:57:10.435  1160  1160 D NuPlayerDriver: setDataSource(url)(0xee093580) get mLock
10-23 14:57:10.435  1160  3306 I NuPlayerDriver: prepareAsync(0xee093580)
10-23 14:57:10.436  1160  5197 E FileSource: Failed to open file '/product/media/audio/ui/camera_click.ogg'. (No such file or directory)
10-23 14:57:10.436  1160  5197 E GenericSource: Failed to create data source!
10-23 14:57:10.436  1160  5193 I NuPlayerDriver: notifyPrepareCompleted(0xee093580) err = -2147483648
10-23 14:57:10.436  1160  5193 D NuPlayerDriver: notifyListener_l(0xee093580), (100, 1, -2147483648, -1), loop setting(0, 0)
10-23 14:57:10.437  1092  2555 E MediaPlayerNative: error (1, -2147483648)
10-23 14:57:10.437  1092 15995 E CameraService: Failed to load CameraService sounds: /product/media/audio/ui/camera_click.ogg
10-23 14:57:10.437  1160  1160 D NuPlayerDriver: reset(0xee093580) at state 2
10-23 14:57:10.437  1160  1160 D NuPlayerDriver: notifyListener_l(0xee093580), (8, 0, 0, -1), loop setting(0, 0)
10-23 14:57:10.437  1160  1160 D NuPlayerDriver: reset(0xee093580) mState = STATE_RESET_IN_PROGRESS wait mLock
10-23 14:57:10.437  1160  5193 W AMessage: failed to post message as target looper for handler 0 is gone.
10-23 14:57:10.437  1160  5193 I NuPlayer: performReset
10-23 14:57:10.437  1160  5193 I NuPlayer: performReset: mSource->stop()
10-23 14:57:10.438   801  5124 E sensors-hal: handle_sns_std_sensor_event:87, wise_light: lux 161 ,period 180 ms, data c 2
10-23 14:57:10.438  1160  5193 I NuPlayer: performReset completed!
10-23 14:57:10.438  1160  5193 D NuPlayerDriver: notifyResetComplete(0xee093580)
10-23 14:57:10.438  1160  1160 D NuPlayerDriver: reset(0xee093580) mState = 0 get mLock
10-23 14:57:10.439  1160  5193 D NuPlayerDriver: ~NuPlayerDriver(0xee093580)
10-23 14:57:10.440  1160  3306 D NuPlayerDriver: NuPlayerDriver(0xec393500) created, clientPid(1092)
10-23 14:57:10.440  1160  3306 D NuPlayerDriver: new NuPlayerDriver(0xec393500)
10-23 14:57:10.443  1160  3306 I NuPlayerDriver: setDataSource(0xec393500) url(<no-scheme URI suppressed>)
10-23 14:57:10.443  1160  3306 D NuPlayerDriver: setDataSource(url)(0xec393500) wait mLock
10-23 14:57:10.444  1160  5199 D NuPlayerDriver: notifySetDataSourceCompleted(0xec393500) err = 0
10-23 14:57:10.444  1160  3306 D NuPlayerDriver: setDataSource(url)(0xec393500) get mLock
10-23 14:57:10.444  1160  1160 I NuPlayerDriver: prepareAsync(0xec393500)
10-23 14:57:10.445 14386 14386 I Kgd.KeyguardWallpaperContainer: processGaussGradient, gauss not effect.
10-23 14:57:10.456  1138  1138 D IAtlas  : IAtlas::init CallingPid 1160
10-23 14:57:10.457  1138  1138 D IAtlas  : IAtlas::init this 0x7453e15bd0
10-23 14:57:10.457  1138  1138 I OppoFfmpegPlugin: found audio mime = audio/vorbis
10-23 14:57:10.457  1138  1138 I OppoFfmpegPlugin: Register ffmpeg sniffer plugin
10-23 14:57:10.458  1138  1138 I FFmpegExtractor: SniffFFMPEG (initial confidence: 0.000000, mime: )
10-23 14:57:10.461  1138  1138 D FFmpegExtractor: SniffFFMPEG failed to sniff this source
10-23 14:57:10.461  1138  1138 V OppoFfmpegPlugin: ffmpeg extractor sniff mime = 
10-23 14:57:10.461  1138  1138 V OppoFfmpegPlugin: Do not use ffmpeg parser, return origin extractor.
10-23 14:57:10.462  1160  5200 I GenericSource: initFromDataSource: numtracks = 1
10-23 14:57:10.463  1160  5200 W BpMediaSource: ignoring potentially modified MetaData from start
10-23 14:57:10.463  1160  5200 W BpMediaSource: input:
10-23 14:57:10.463  1160  5200 I MetaDataBase: extf: (int32_t) 2
10-23 14:57:10.463  1160  5200 W BpMediaSource: output:
10-23 14:57:10.463  1160  5200 I MetaDataBase: extf: (int32_t) 2
10-23 14:57:10.463  1160  5199 I NuPlayerDriver: notifyPrepareCompleted(0xec393500) err = 0
10-23 14:57:10.463  1160  5199 D NuPlayerDriver: notifyListener_l(0xec393500), (1, 0, 0, -1), loop setting(0, 0)
10-23 14:57:10.464 14386 14386 I Kgd.KeyguardWallpaperContainer: processGaussGradient, gauss not effect.
10-23 14:57:10.465  1160  1160 D NuPlayerDriver: NuPlayerDriver(0xee093c80) created, clientPid(1092)
10-23 14:57:10.465  1160  1160 D NuPlayerDriver: new NuPlayerDriver(0xee093c80)
10-23 14:57:10.467  1160  1160 I NuPlayerDriver: setDataSource(0xee093c80) url(<no-scheme URI suppressed>)
10-23 14:57:10.467  1160  1160 D NuPlayerDriver: setDataSource(url)(0xee093c80) wait mLock
10-23 14:57:10.467  1160  5202 D NuPlayerDriver: notifySetDataSourceCompleted(0xee093c80) err = 0
10-23 14:57:10.468  1160  1160 D NuPlayerDriver: setDataSource(url)(0xee093c80) get mLock
10-23 14:57:10.469  1160  3306 I NuPlayerDriver: prepareAsync(0xee093c80)
10-23 14:57:10.470  1160  5203 E FileSource: Failed to open file '/product/media/audio/ui/VideoRecord.ogg'. (No such file or directory)
10-23 14:57:10.470  1160  5203 E GenericSource: Failed to create data source!
10-23 14:57:10.470  1160  5202 I NuPlayerDriver: notifyPrepareCompleted(0xee093c80) err = -2147483648
10-23 14:57:10.470  1160  5202 D NuPlayerDriver: notifyListener_l(0xee093c80), (100, 1, -2147483648, -1), loop setting(0, 0)
10-23 14:57:10.470  1092  2555 E MediaPlayerNative: error (1, -2147483648)
10-23 14:57:10.470  1092 15995 E CameraService: Failed to load CameraService sounds: /product/media/audio/ui/VideoRecord.ogg
10-23 14:57:10.470  1160  1160 D NuPlayerDriver: reset(0xee093c80) at state 2
10-23 14:57:10.470  1160  1160 D NuPlayerDriver: notifyListener_l(0xee093c80), (8, 0, 0, -1), loop setting(0, 0)
10-23 14:57:10.470  1160  1160 D NuPlayerDriver: reset(0xee093c80) mState = STATE_RESET_IN_PROGRESS wait mLock
10-23 14:57:10.470  1160  5202 W AMessage: failed to post message as target looper for handler 0 is gone.
10-23 14:57:10.471  1160  5202 I NuPlayer: performReset
10-23 14:57:10.471  1160  5202 I NuPlayer: performReset: mSource->stop()
10-23 14:57:10.471  1160  5202 I NuPlayer: performReset completed!
10-23 14:57:10.471  1160  5202 D NuPlayerDriver: notifyResetComplete(0xee093c80)
10-23 14:57:10.471  1160  1160 D NuPlayerDriver: reset(0xee093c80) mState = 0 get mLock
10-23 14:57:10.472  1160  3306 D NuPlayerDriver: NuPlayerDriver(0xee0f0800) created, clientPid(1092)
10-23 14:57:10.472  1160  3306 D NuPlayerDriver: new NuPlayerDriver(0xee0f0800)
10-23 14:57:10.471  1160  5202 D NuPlayerDriver: ~NuPlayerDriver(0xee093c80)
10-23 14:57:10.476  1160  3306 I NuPlayerDriver: setDataSource(0xee0f0800) url(<no-scheme URI suppressed>)
10-23 14:57:10.476  1160  3306 D NuPlayerDriver: setDataSource(url)(0xee0f0800) wait mLock
10-23 14:57:10.476  1160  5223 D NuPlayerDriver: notifySetDataSourceCompleted(0xee0f0800) err = 0
10-23 14:57:10.477  1160  3306 D NuPlayerDriver: setDataSource(url)(0xee0f0800) get mLock
10-23 14:57:10.478  1160  1160 I NuPlayerDriver: prepareAsync(0xee0f0800)
10-23 14:57:10.483   890   970 W DispPerfService: onFrameAvailable: sequence=14891 CameraSlidingUpAnimWindow#0 (14386,-1)
10-23 14:57:10.490 14386 14386 I Choreographer: Skipped 1 frames!  The application may be doing too much work on its main thread.
10-23 14:57:10.491 14386 14386 I Kgd.KeyguardWallpaperContainer: processGaussGradient, gauss not effect.
10-23 14:57:10.495  1138  1138 D IAtlas  : IAtlas::init CallingPid 1160
10-23 14:57:10.496  1138  1138 D IAtlas  : IAtlas::init this 0x7456233ae0
10-23 14:57:10.496  1138  1138 I OppoFfmpegPlugin: found audio mime = audio/vorbis
10-23 14:57:10.496  1138  1138 I OppoFfmpegPlugin: Register ffmpeg sniffer plugin
10-23 14:57:10.497  1138  1138 I FFmpegExtractor: SniffFFMPEG (initial confidence: 0.000000, mime: )
10-23 14:57:10.501 14386 14386 I Kgd.KeyguardWallpaperContainer: processGaussGradient, gauss not effect.
10-23 14:57:10.502  1138  1138 D FFmpegExtractor: SniffFFMPEG failed to sniff this source
10-23 14:57:10.502  1138  1138 V OppoFfmpegPlugin: ffmpeg extractor sniff mime = 
10-23 14:57:10.502  1138  1138 V OppoFfmpegPlugin: Do not use ffmpeg parser, return origin extractor.
10-23 14:57:10.503  1160  5224 I GenericSource: initFromDataSource: numtracks = 1
10-23 14:57:10.505  1160  5224 W BpMediaSource: ignoring potentially modified MetaData from start
10-23 14:57:10.505  1160  5224 W BpMediaSource: input:
10-23 14:57:10.505  1160  5224 I MetaDataBase: extf: (int32_t) 2
10-23 14:57:10.505  1160  5224 W BpMediaSource: output:
10-23 14:57:10.505  1160  5224 I MetaDataBase: extf: (int32_t) 2
10-23 14:57:10.505  1160  5223 I NuPlayerDriver: notifyPrepareCompleted(0xee0f0800) err = 0
10-23 14:57:10.505  1160  5223 D NuPlayerDriver: notifyListener_l(0xee0f0800), (1, 0, 0, -1), loop setting(0, 0)
10-23 14:57:10.506  1160  1160 D NuPlayerDriver: NuPlayerDriver(0xee0f0180) created, clientPid(1092)
10-23 14:57:10.506  1160  1160 D NuPlayerDriver: new NuPlayerDriver(0xee0f0180)
10-23 14:57:10.509  1160  1160 I NuPlayerDriver: setDataSource(0xee0f0180) url(<no-scheme URI suppressed>)
10-23 14:57:10.509  1160  1160 D NuPlayerDriver: setDataSource(url)(0xee0f0180) wait mLock
10-23 14:57:10.509  1160  5227 D NuPlayerDriver: notifySetDataSourceCompleted(0xee0f0180) err = 0
10-23 14:57:10.510  1160  1160 D NuPlayerDriver: setDataSource(url)(0xee0f0180) get mLock
10-23 14:57:10.510  1160  3306 I NuPlayerDriver: prepareAsync(0xee0f0180)
10-23 14:57:10.511  1160  5228 E FileSource: Failed to open file '/product/media/audio/ui/VideoStop.ogg'. (No such file or directory)
10-23 14:57:10.511  1160  5228 E GenericSource: Failed to create data source!
10-23 14:57:10.511  1160  5227 I NuPlayerDriver: notifyPrepareCompleted(0xee0f0180) err = -2147483648
10-23 14:57:10.511  1160  5227 D NuPlayerDriver: notifyListener_l(0xee0f0180), (100, 1, -2147483648, -1), loop setting(0, 0)
10-23 14:57:10.514  1092  2555 E MediaPlayerNative: error (1, -2147483648)
10-23 14:57:10.514  1092 15995 E CameraService: Failed to load CameraService sounds: /product/media/audio/ui/VideoStop.ogg
10-23 14:57:10.514  1160  1160 D NuPlayerDriver: reset(0xee0f0180) at state 2
10-23 14:57:10.514  1160  1160 D NuPlayerDriver: notifyListener_l(0xee0f0180), (8, 0, 0, -1), loop setting(0, 0)
10-23 14:57:10.514  1160  1160 D NuPlayerDriver: reset(0xee0f0180) mState = STATE_RESET_IN_PROGRESS wait mLock
10-23 14:57:10.515  1160  5227 W AMessage: failed to post message as target looper for handler 0 is gone.
10-23 14:57:10.515  1160  5227 I NuPlayer: performReset
10-23 14:57:10.515  1160  5227 I NuPlayer: performReset: mSource->stop()
10-23 14:57:10.515  1160  5227 I NuPlayer: performReset completed!
10-23 14:57:10.515  1160  5227 D NuPlayerDriver: notifyResetComplete(0xee0f0180)
10-23 14:57:10.515  1160  1160 D NuPlayerDriver: reset(0xee0f0180) mState = 0 get mLock
10-23 14:57:10.515  1160  1160 D NuPlayerDriver: ~NuPlayerDriver(0xee0f0180)
10-23 14:57:10.516 14386 14386 I Kgd.KeyguardWallpaperContainer: processGaussGradient, gauss not effect.
10-23 14:57:10.518  1160  1160 D NuPlayerDriver: NuPlayerDriver(0xee0f0280) created, clientPid(1092)
10-23 14:57:10.518  1160  1160 D NuPlayerDriver: new NuPlayerDriver(0xee0f0280)
10-23 14:57:10.520  1160  1160 I NuPlayerDriver: setDataSource(0xee0f0280) url(<no-scheme URI suppressed>)
10-23 14:57:10.520  1160  1160 D NuPlayerDriver: setDataSource(url)(0xee0f0280) wait mLock
10-23 14:57:10.520  1160  5232 D NuPlayerDriver: notifySetDataSourceCompleted(0xee0f0280) err = 0
10-23 14:57:10.520  1160  1160 D NuPlayerDriver: setDataSource(url)(0xee0f0280) get mLock
10-23 14:57:10.520  1160  3306 I NuPlayerDriver: prepareAsync(0xee0f0280)
10-23 14:57:10.521  1160  5233 E FileSource: Failed to open file '/system/media/audio/ui/VideoStop.ogg'. (No such file or directory)
10-23 14:57:10.521  1160  5233 E GenericSource: Failed to create data source!
10-23 14:57:10.521  1160  5232 I NuPlayerDriver: notifyPrepareCompleted(0xee0f0280) err = -2147483648
10-23 14:57:10.521  1160  5232 D NuPlayerDriver: notifyListener_l(0xee0f0280), (100, 1, -2147483648, -1), loop setting(0, 0)
10-23 14:57:10.521  1092  2555 E MediaPlayerNative: error (1, -2147483648)
10-23 14:57:10.522  1092 15995 E CameraService: Failed to load CameraService sounds: /system/media/audio/ui/VideoStop.ogg
10-23 14:57:10.522  1160  1160 D NuPlayerDriver: reset(0xee0f0280) at state 2
10-23 14:57:10.523  1160  1160 D NuPlayerDriver: notifyListener_l(0xee0f0280), (8, 0, 0, -1), loop setting(0, 0)
10-23 14:57:10.523  1160  1160 D NuPlayerDriver: reset(0xee0f0280) mState = STATE_RESET_IN_PROGRESS wait mLock
10-23 14:57:10.523  1160  5232 W AMessage: failed to post message as target looper for handler 0 is gone.
10-23 14:57:10.523  1160  5232 I NuPlayer: performReset
10-23 14:57:10.523  1160  5232 I NuPlayer: performReset: mSource->stop()
10-23 14:57:10.523  1160  5232 I NuPlayer: performReset completed!
10-23 14:57:10.523  1160  5232 D NuPlayerDriver: notifyResetComplete(0xee0f0280)
10-23 14:57:10.523  1160  1160 D NuPlayerDriver: reset(0xee0f0280) mState = 0 get mLock
10-23 14:57:10.523  1160  1160 D NuPlayerDriver: ~NuPlayerDriver(0xee0f0280)
10-23 14:57:10.524  1092 15995 I Camera2ClientBase: Camera 1: Opened. Client: android (PID 1550, UID 1000)
10-23 14:57:10.524  1092 15995 E CameraService: connectHelper: in motor_socket  1
10-23 14:57:10.524  1092 15995 E CameraService: can not read rus file
10-23 14:57:10.524  1092 15995 I CameraService: g_isConfigureStreamCtrlMotor=0, upMotor=0, needMotorKeepUp = 0
10-23 14:57:10.524  1092 15995 I CameraService: ctrl camera by motor_socket E, ctrl_buffer(1,1550,android,1,0)
10-23 14:57:10.525  1092 15995 I CameraService: ctrl camera by motor_socket X
10-23 14:57:10.525  1550  2259 D MotorSocketServer: new client coming!
10-23 14:57:10.525  1550  2259 D MotorSocketServer: readBytes = 18
10-23 14:57:10.525  1550  2259 D MotorSocketServer: ClientSocket read info = 1,1550,android,1,0
10-23 14:57:10.525  1550  2259 D MotorManagerService: msg from socket = 1,1550,android,1,0
10-23 14:57:10.525  1550  2259 D MotorSocketServer: wait for new client coming!
10-23 14:57:10.525  1550  2258 D MotorManagerService: socket from camera, cameraUserPid: 1550 mCameraID: 1  mSceneFlag: 1 mFocusPkg: com.example.bottombar.demoprofile sCameraUserPkg:  autoFlashFlag: 0
10-23 14:57:10.526  1550  2258 D MotorManagerService: mSceneFlag == CAMERA_USE
10-23 14:57:10.526  1550  2258 D MotorManagerService: upMotorByAllScene :MotorManagerService mAppMotorCommand: 1 mLatestMotorCommand: 0
10-23 14:57:10.526  1550  2258 D MotorManagerService: removeOppoAlbumBackMess
10-23 14:57:10.527  1092 15995 I CameraService: onTorchStatusChangedLocked: Torch status changed for cameraId=1, newStatus=0
10-23 14:57:10.529  1092 15995 I CameraProviderManager: Camera device device@3.3/legacy/1 torch status is now NOT_AVAILABLE
10-23 14:57:10.529  1092 15995 I CameraService: onTorchStatusChangedLocked: Torch status changed for cameraId=1, newStatus=0
10-23 14:57:10.529  1550  1718 D CameraService_proxy: notifyHypnus camera status open
10-23 14:57:10.529   785  2551 D CHIUSECASE: [OPPO_EX] OPEN_CAMERA E cameraId 1
10-23 14:57:10.531   785  2551 D CHIUSECASE: [OPPO_EX] OPEN_CAMERA X
10-23 14:57:10.531   785  2551 E libc    : Access denied finding property "ro.camera.req.fmq.size"
10-23 14:57:10.532   785  2551 E libc    : Access denied finding property "ro.camera.res.fmq.size"
10-23 14:57:10.533 14386 14386 I Kgd.KeyguardWallpaperContainer: processGaussGradient, gauss not effect.
10-23 14:57:10.534  1092 15995 W Camera2-Parameters: initialize: Camera 1: Unknown preview format: 24
10-23 14:57:10.534  1092 15995 W Camera2-Parameters: initialize: Camera 1: Unknown preview format: 25
10-23 14:57:10.535  1092 15995 E Camera2-Parameters: Error finding static metadata entry 'android.distortionCorrection.availableModes' (1b0001)
10-23 14:57:10.535  1092 15995 I Camera2-Parameters: Camera 1: Disabling ZSL mode
10-23 14:57:10.535  1092 15995 I Camera2-Parameters: initialize: allowZslMode: 0 slowJpegMode 0
10-23 14:57:10.538  1092 15995 I CameraService: connectHelper: open camera1 and ConnectStatus is connect
10-23 14:57:10.538  1092 15995 I CameraService: set FreeDom Eviction for android in connect
10-23 14:57:10.548  1092  2555 E libc    : Access denied finding property "persist.report.tid"
10-23 14:57:10.548  1092  2555 E libc    : Access denied finding property "persist.report.tid"
10-23 14:57:10.549   785  2551 D CHIUSECASE: [OPPO_EX] CREATE_SESSION E
10-23 14:57:10.550 14386 14386 I Kgd.KeyguardWallpaperContainer: processGaussGradient, gauss not effect.
10-23 14:57:10.556   785  2551 E CHIUSECASE: ResetApertureData ResetApertureData
10-23 14:57:10.556   785  2551 E CHIUSECASE: ResetApertureData Initialize
10-23 14:57:10.560   785  2551 I OPFDManager: Create
10-23 14:57:10.560   785  2551 I OPFDManager: FDManagerNode: E
10-23 14:57:10.560   785  2551 E OPFDManager: m_capMode:0, m_attr_detect_enable:1
10-23 14:57:10.560   785  2551 I OPFDManager: FDManagerNode: FDHWDimension: 640 x 480
10-23 14:57:10.560   785  2551 I OPFDManager: VendorFDLoad: FD lib ptr existed
10-23 14:57:10.560   785  2551 I OPFDManager: FDManagerNode: X
10-23 14:57:10.560   785  2551 I OPFDManager: FD manager node : max input ports 1, max output ports 4
10-23 14:57:10.561   785  2551 I OPFDManager: Dimensions :Base[640x480], Preview [640x480], Original [640x480], Request [640x480]
10-23 14:57:10.562   785  2551 I OPFDManager: FD frames processed 0 skipped 0 total frames 0
10-23 14:57:10.562   785  2551 I OPFDManager: VendorFDDeinit: FD deinit spends 0 ms (pending engine: 0)
10-23 14:57:10.562   785  2551 D CHIUSECASE: [OPPO_EX] SelectedMode W=2304, H=1728, FPS:30, NumBatchedFrames:1, modeIndex:1,cameraId:1
10-23 14:57:10.565   785  2551 I OPFDManager: Create
10-23 14:57:10.565   785  2551 I OPFDManager: FDManagerNode: E
10-23 14:57:10.565   785  2551 E OPFDManager: m_capMode:0, m_attr_detect_enable:1
10-23 14:57:10.565   785  2551 I OPFDManager: FDManagerNode: FDHWDimension: 640 x 480
10-23 14:57:10.565   785  2551 I OPFDManager: VendorFDLoad: FD lib ptr existed
10-23 14:57:10.565   785  2551 I OPFDManager: FDManagerNode: X
10-23 14:57:10.565   785  2551 I OPFDManager: FD manager node : max input ports 1, max output ports 4
10-23 14:57:10.565   785  2551 I OPFDManager: Dimensions :Base[640x480], Preview [640x480], Original [640x480], Request [640x480]
10-23 14:57:10.566 14386 14386 I Kgd.KeyguardWallpaperContainer: processGaussGradient, gauss not effect.
10-23 14:57:10.650 14386 14386 I Kgd.KeyguardWallpaperContainer: processGaussGradient, gauss not effect.
10-23 14:57:10.651   785  2551 E libc    : Access denied finding property "gsm.operator.numeric"
10-23 14:57:10.658   816   845 E ANDR-PERF-RESOURCEQS: Failed to reset optimization [3, 0]
10-23 14:57:10.666 14386 14386 I Kgd.KeyguardWallpaperContainer: processGaussGradient, gauss not effect.
10-23 14:57:10.687   801  5156 E sensors-hal: handle_sns_client_event:83, device_orient_event: ts=272593305335251, type=0
10-23 14:57:10.688  1550  1644 V WindowOrientationListener: onSensorChanged mDesiredRotation = 0 newRotation = -1
10-23 14:57:10.692  1550  3500 I StatusBarManagerService: disable, what:2621440, pkg:com.android.systemui token:android.os.BinderProxy@eab17f3
10-23 14:57:10.706  1550  3500 I StatusBarManagerService: disableLocked, what:400000, pkg:Window{de5aa2b u0 StatusBar} userId: 0 token:android.os.Binder@b97d7fc net1:680000 net2:0
10-23 14:57:10.722 14386 14386 D StatusBar: disable<e i a s B H r c!s > disable2<q i n >
10-23 14:57:10.761 14386 14386 E PhoneState: iconId is 0android.widget.ImageView{3cbef0d G.ED..... ......I. 0,0-0,0 #7f0a0119 app:id/data_inout}
10-23 14:57:10.786   785  2551 I OPFDManager: widthRatio=1.000000, heightRatio=1.000000
10-23 14:57:10.786   785  2551 I OPFDManager: CAMIF Map in ActiveArray (0, 0), 2304x1728
10-23 14:57:10.786   785  2551 I OPFDManager: VendorFDInit: E
10-23 14:57:10.786   785  2551 I OPFDManager: VendorFDLoad_init_flag = Thread_Load_Init_Lib_OK
10-23 14:57:10.786   785  2551 I imagefw_android: detect		detect		hunter		M_Detect_Hunter_SmallFace_Gray_9_1_0_model
10-23 14:57:10.786   785  2551 I imagefw_android: detect		align		deep		M_Align_Deepface_106_track_2_17_4_model
10-23 14:57:10.786   785  2551 I imagefw_android: detect		align		deep		M_Align_Deepface_21_track_2_3_0_model
10-23 14:57:10.786   785  2551 I imagefw_android: track		detect		hunter		M_Detect_Hunter_SmallFace_Gray_9_1_0_model
10-23 14:57:10.786   785  2551 I imagefw_android: track		align		deep		M_Align_Deepface_106_track_2_17_4_model
10-23 14:57:10.786   785  2551 I imagefw_android: track		align		deep		M_Align_Deepface_21_track_2_3_0_model
10-23 14:57:10.786   785  2551 I OPFDManager: VendorFDInit: X
10-23 14:57:10.787   785  2551 I CHIUSECASE: OPMetaManager
10-23 14:57:10.787   785  2551 D CHIUSECASE: [OPPO_EX] CREATE_SESSION X
10-23 14:57:10.787  1092  2555 E Camera3-Device: configureStreams: Stream 1: DataSpace override not allowed for format 0x21
10-23 14:57:10.787  1092  2555 E Camera3-Device: configureStreams: Stream 2: DataSpace override not allowed for format 0x23
10-23 14:57:10.789  1092  2555 D Camera3-Device: Set real time priority for request queue thread (tid 5238)
10-23 14:57:10.806  1092  5238 E Camera3-Device: sendRequestsBatch: motor_state = 1, mIsSetTorchOn = 0, flash_mode = 0, ae_mode = 1, cameraId=0x1
10-23 14:57:10.808   785  2061 I OPFDManager: Input image dim width 640 height 480 stride 640 scanline 480
10-23 14:57:10.809   785  2062 E mm-camera-CORE: ArbitOut:CID:1,Frame:1, FPS:30.00, (Short, Safe, Long)  G (4.648 4.648 4.648) ET (30000000 30000000 30000000) SensCorrF:2.00
10-23 14:57:10.810  1092  5238 E Camera3-Device: sendRequestsBatch: motor_state = 1, mIsSetTorchOn = 0, flash_mode = 0, ae_mode = 1, cameraId=0x1
10-23 14:57:10.817   785  2062 E libc    : Access denied finding property "gsm.operator.numeric"
10-23 14:57:10.821   785  2062 E mm-camera-CORE: ArbitOut:CID:1,Frame:2, FPS:30.00, (Short, Safe, Long)  G (4.648 4.648 4.648) ET (30000000 30000000 30000000) SensCorrF:2.00
10-23 14:57:10.824   785  2062 E libc    : Access denied finding property "gsm.operator.numeric"
10-23 14:57:10.825   785  2059 E mm-camera-CORE: ArbitOut:CID:1,Frame:3, FPS:30.00, (Short, Safe, Long)  G (4.648 4.648 4.648) ET (30000000 30000000 30000000) SensCorrF:2.00
10-23 14:57:10.828   785  2059 E libc    : Access denied finding property "gsm.operator.numeric"
10-23 14:57:10.830   785  2062 E mm-camera-CORE: ArbitOut:CID:1,Frame:4, FPS:30.00, (Short, Safe, Long)  G (4.648 4.648 4.648) ET (30000000 30000000 30000000) SensCorrF:2.00
10-23 14:57:10.831   785  2062 E libc    : Access denied finding property "gsm.operator.numeric"
10-23 14:57:10.907  4008  1979 E NfcService: setReaderMode() called while NFC is not enabled.
10-23 14:57:10.909  1550  1644 V WindowOrientationListener: Runnable mRotationEvaluator newRotation : 0
10-23 14:57:10.923   785  2059 E mm-camera-CORE: ArbitOut:CID:1,Frame:5, FPS:30.00, (Short, Safe, Long)  G (4.648 4.648 4.648) ET (30000000 30000000 30000000) SensCorrF:2.00
10-23 14:57:10.937   785  2059 E libc    : Access denied finding property "gsm.operator.numeric"
10-23 14:57:10.953   785  2059 E mm-camera-CORE: ArbitOut:CID:1,Frame:6, FPS:30.00, (Short, Safe, Long)  G (4.648 4.648 4.648) ET (30000000 30000000 30000000) SensCorrF:2.00
10-23 14:57:10.959   785  2059 E libc    : Access denied finding property "gsm.operator.numeric"
10-23 14:57:10.974  1950  1975 I imagefw_android: FACE_SDK cv_face_detect face count is 1
10-23 14:57:10.987   785  2059 E mm-camera-CORE: ArbitOut:CID:1,Frame:7, FPS:30.00, (Short, Safe, Long)  G (4.648 4.648 4.648) ET (30000000 30000000 30000000) SensCorrF:2.00
10-23 14:57:10.996   785  2059 E libc    : Access denied finding property "gsm.operator.numeric"
10-23 14:57:11.003  1092  5238 E Camera3-Device: sendRequestsBatch: motor_state = 1, mIsSetTorchOn = 0, flash_mode = 0, ae_mode = 1, cameraId=0x1
10-23 14:57:11.023   785  2062 E mm-camera-CORE: ArbitOut:CID:1,Frame:8, FPS:30.00, (Short, Safe, Long)  G (4.648 4.648 4.648) ET (30000000 30000000 30000000) SensCorrF:2.00
10-23 14:57:11.036  1092  5238 E Camera3-Device: sendRequestsBatch: motor_state = 1, mIsSetTorchOn = 0, flash_mode = 0, ae_mode = 1, cameraId=0x1
10-23 14:57:11.040   785  2062 E libc    : Access denied finding property "gsm.operator.numeric"
10-23 14:57:11.041   890  2720 W SurfaceFlinger: Attempting to destroy on removed layer: 8f761e0 CameraSlidingUpAnimWindow#0
10-23 14:57:11.052   890   890 D SurfaceFlinger: Client::detachLayer this 0x712c9788c0, layer sequence 14889 WindowToken{7c9e3e3 android.os.BinderProxy@c5af012}#0
10-23 14:57:11.052   890   890 D SurfaceFlinger: Client::detachLayer this 0x712bb113c0, layer sequence 14890 8f761e0 CameraSlidingUpAnimWindow#0
10-23 14:57:11.053   785  2062 E mm-camera-CORE: ArbitOut:CID:1,Frame:9, FPS:30.00, (Short, Safe, Long)  G (4.648 4.648 4.648) ET (30000000 30000000 30000000) SensCorrF:2.00
10-23 14:57:11.055   890   890 D SurfaceFlinger: Client::detachLayer this 0x712bb113c0, layer sequence 14891 CameraSlidingUpAnimWindow#0
10-23 14:57:11.063   785  2062 E libc    : Access denied finding property "gsm.operator.numeric"
10-23 14:57:11.064  1118  1118 D keystore: AddAuthenticationToken: timestamp = 0, time_received = 119913
10-23 14:57:11.070   890  2720 D SurfaceFlinger: keyguard unlock n:-2147483648
10-23 14:57:11.070  1092  5238 E Camera3-Device: sendRequestsBatch: motor_state = 1, mIsSetTorchOn = 0, flash_mode = 0, ae_mode = 1, cameraId=0x1
10-23 14:57:11.072 14386 14417 W FingerprintManager: resetTimeout, packageName = com.android.systemui
10-23 14:57:11.073 14386 14386 D Kgd.KeyguardBouncer: setKeyguardHostVisible visible=false
