10-23 14:57:12.007  1550  1645 W BroadcastQueue: Background execution not allowed: receiving Intent { act=android.net.wifi.STATE_CHANGE flg=0x24000010 (has extras) } to com.android.mms/com.chinamobile.aisms.sdk.LocalBroadcastManager
10-23 14:57:12.007  1550  1645 W BroadcastQueue: Background execution not allowed: receiving Intent { act=android.net.wifi.STATE_CHANGE flg=0x24000010 (has extras) } to com.ted.number/com.chinamobile.aisms.sdk.LocalBroadcastManager
10-23 14:57:12.008  1467  1467 D mirror  : WifiChangeReceiver wifi change isConnectedfalse
10-23 14:57:12.009  2750  2750 D DPMJ    : |SERVICE| DPM received action android.net.wifi.STATE_CHANGE
10-23 14:57:12.011  2750  2750 I DPMJ    : |SERVICE| sendWifiStatus - subType: 21 networkState: 4 softApState: 11 rssi=0 ssid= bssid=00:00:00:00:00:00 ipV4Addr= ifNameV4= ipAddrV6= ifNameV6=
10-23 14:57:12.012  1550  2182 E SupplicantStateTracker: Ignoring { when=-13ms what=147499 target=com.android.internal.util.StateMachine$SmHandler }
10-23 14:57:12.014  1550  2182 D WifiStateMachine: CMD_START_CONNECT sup state DisconnectedState my state DisconnectedState nid=9 roam=false
10-23 14:57:12.014 14164 14164 D baidu_location_service: WifiScan finished, in callback.
10-23 14:57:12.014   813   813 V LocSvc_HIDL_IzatSubscription: [wifiSupplicantStatusUpdate][670] [HS] <<<<= [HC]
10-23 14:57:12.014  1550  2182 I WifiStateMachine: Connecting with c4:e3:9f:22:11:19 as the mac address
10-23 14:57:12.015  2582  2582 W BluetoothAdapterService: mWifiStateBroadcastReceiver: wifi state false 
10-23 14:57:12.015  2582  2582 D BluetoothVendorService: setWifiState to: false
10-23 14:57:12.015  2582  2582 I BluetoothVendorJni: setWifiStateNative
10-23 14:57:12.015  2582  2582 I bt_btif_vendor: setWifiState :0
10-23 14:57:12.016  1550 10887 I WifiService: getWifiApConfiguration uid=1002
10-23 14:57:12.026  1550  2182 D SupplicantStaIfaceHal: Network is already saved, will not trigger remove and add operation.
10-23 14:57:12.026  1202  1202 W wificond: Scan aborted
10-23 14:57:12.026  1550  4013 D WificondControl: Scan failed event
10-23 14:57:12.026  1550  2207 W WificondScannerImpl: Scan failed
10-23 14:57:12.027  1550  2207 W AlarmManager: Unrecognized alarm listener com.android.server.wifi.scanner.OppoScanFoolProof$1@60a150d
10-23 14:57:12.028   871   871 I wpa_supplicant: getCapabilitiesInternal capabilities: NONE IEEE8021X WPA-EAP WPA-PSK WPA-EAP-SUITE-B WPA-EAP-SUITE-B-192 OWE DPP FILS-SHA256 FILS-SHA384
10-23 14:57:12.028  1550  2258 D MotorManagerService: downMotorByAllScene :MotorManagerService mAppMotorCommand: 0 mLatestMotorCommand: 1 mGoogleFlashOn: false
10-23 14:57:12.031   871   871 E wpa_supplicant: eap_proxy: eap_proxy_notify_config
10-23 14:57:12.032   871   871 I wpa_supplicant: wlan0: Trying to associate with SSID 'old_wang_5G'
10-23 14:57:12.032   871   871 I wpa_supplicant: wlan0: OWN MAC adrress: c4:e3:9f:22:11:19
10-23 14:57:12.034   871   871 E wpa_supplicant: eap_proxy: eap_proxy_notify_config
10-23 14:57:12.034   871   871 E wpa_supplicant: eap_proxy: eap_proxy_allowed_method
10-23 14:57:12.034   871   871 E wpa_supplicant: eap_proxy: config or eap_methods is null
10-23 14:57:12.034   871   871 E wpa_supplicant: eap_proxy: eap_proxy_allowed_method
10-23 14:57:12.034   871   871 E wpa_supplicant: eap_proxy: config or eap_methods is null
10-23 14:57:12.034   871   871 E wpa_supplicant: eap_proxy: eap_proxy_allowed_method
10-23 14:57:12.034   871   871 E wpa_supplicant: eap_proxy: config or eap_methods is null
10-23 14:57:12.035  1550  2182 E WifiScanRequestProxy: Scan failure received. reason: -1,description: Scan failed
10-23 14:57:12.036  1550  2182 D WifiStateMachine: state is CONNECTING,not bc.
10-23 14:57:12.037  2582  2582 W BluetoothAdapterService: mWifiStateBroadcastReceiver: wifi state false 
10-23 14:57:12.037  2582  2582 D BluetoothVendorService: setWifiState to: false
10-23 14:57:12.037  2582  2582 I BluetoothVendorJni: setWifiStateNative
10-23 14:57:12.037  2582  2582 I bt_btif_vendor: setWifiState :0
10-23 14:57:12.038   813   813 V LocSvc_HIDL_IzatSubscription: [wifiSupplicantStatusUpdate][670] [HS] <<<<= [HC]
10-23 14:57:12.043 14164 14164 D baidu_location_service: WifiScan finished, in callback.
10-23 14:57:12.054   801  5156 E sensors-hal: handle_sns_client_event:83, device_orient_event: ts=272594674967335, type=4
10-23 14:57:12.055  1550  1644 V WindowOrientationListener: onSensorChanged mDesiredRotation = 4
10-23 14:57:12.059  1550  1710 I EthernetTracker: interfaceLinkStateChanged, iface: wlan0, up: false
10-23 14:57:12.061   871   871 I wpa_supplicant: wlan0: CTRL-EVENT-ASSOC-REJECT bssid=f4:83:cd:9a:2e:ab status_code=37
10-23 14:57:12.062   871   871 E wpa_supplicant: eap_proxy: eap_proxy_notify_config
10-23 14:57:12.062  1550  2182 W WifiDiags: CaptureBugReport 1
10-23 14:57:12.063   996   996 I CNSS    : EVENT_WLAN_LOG_COMPLETE event received Reason code 0	 indicator = 1	 ring_id = 0
10-23 14:57:12.064   996   996 I CNSS    : EVENT_WLAN_LOG_COMPLETE event received Reason code 0	 indicator = 1	 ring_id = 1
10-23 14:57:12.065   805   874 I WifiHAL : Fate Tx-Rx: Packet fate stats stop received
10-23 14:57:12.065   805   805 E WifiHAL : wifi_get_ring_data: Error -5 happened. 
10-23 14:57:12.065  1550  2182 E WifiVendorHal: getRingBufferData(l.2066) failed {.code = ERROR_INVALID_ARGS, .description = }
10-23 14:57:12.066   996   996 I CNSS    : EVENT_WLAN_LOG_COMPLETE event received Reason code 0	 indicator = 1	 ring_id = 4
10-23 14:57:12.066  1550  2182 D WifiStateMachine: Assocation Rejection event: bssid=f4:83:cd:9a:2e:ab reason code=37 timedOut=false
10-23 14:57:12.072  1550  2182 D WifiLastResortWatchdog: updateFailureCountForNetwork: Unable to find Network ["old_wang_5G", f4:83:cd:9a:2e:ab]
10-23 14:57:12.072  1550  2182 D WifiStateMachine: state is CONNECTING,not bc.
10-23 14:57:12.073  1550  2182 D OppoWifiConnectionAlert: MC=false,mwk=0,maf=0,mar=3
10-23 14:57:12.075  1550  1645 W BroadcastQueue: Background execution not allowed: receiving Intent { act=android.net.wifi.STATE_CHANGE flg=0x24000010 (has extras) } to com.android.mms/com.chinamobile.aisms.sdk.LocalBroadcastManager
10-23 14:57:12.075  1550  1645 W BroadcastQueue: Background execution not allowed: receiving Intent { act=android.net.wifi.STATE_CHANGE flg=0x24000010 (has extras) } to com.ted.number/com.chinamobile.aisms.sdk.LocalBroadcastManager
10-23 14:57:12.076  1467  1467 D mirror  : WifiChangeReceiver wifi change isConnectedfalse
10-23 14:57:12.077  2750  2750 D DPMJ    : |SERVICE| DPM received action android.net.wifi.STATE_CHANGE
10-23 14:57:12.078  1550  1550 D OppoWifiSharingManager: wifi connect state = DISCONNECTED
10-23 14:57:12.079  1550  1550 D OppoSilenceRecovery: actionandroid.net.wifi.STATE_CHANGE
10-23 14:57:12.079  1550  1550 D OppoSilenceRecovery: wifi connect state =DISCONNECTED
10-23 14:57:12.080  1550  3500 I WifiService: getWifiApConfiguration uid=1002
10-23 14:57:12.081  2750  2750 I DPMJ    : |SERVICE| sendWifiStatus - subType: 21 networkState: 4 softApState: 11 rssi=0 ssid= bssid=00:00:00:00:00:00 ipV4Addr= ifNameV4= ipAddrV6= ifNameV6=
10-23 14:57:12.091  1550  2182 E SupplicantStateTracker: Ignoring { when=-25ms what=147499 target=com.android.internal.util.StateMachine$SmHandler }
10-23 14:57:12.092  1550  2182 D WifiStateMachine: CMD_START_CONNECT sup state DisconnectedState my state DisconnectedState nid=9 roam=false
10-23 14:57:12.092   813   813 V LocSvc_HIDL_IzatSubscription: [wifiSupplicantStatusUpdate][670] [HS] <<<<= [HC]
10-23 14:57:12.093  1550  2182 I WifiStateMachine: Connecting with c4:e3:9f:22:11:19 as the mac address
10-23 14:57:12.093  2582  2582 W BluetoothAdapterService: mWifiStateBroadcastReceiver: wifi state false 
10-23 14:57:12.093  2582  2582 D BluetoothVendorService: setWifiState to: false
10-23 14:57:12.094  2582  2582 I BluetoothVendorJni: setWifiStateNative
10-23 14:57:12.094  2582  2582 I bt_btif_vendor: setWifiState :0
10-23 14:57:12.095  1202  1202 W wificond: Scan aborted
10-23 14:57:12.096  1550  2182 D SupplicantStaIfaceHal: Network is already saved, will not trigger remove and add operation.
10-23 14:57:12.097   871   871 I wpa_supplicant: getCapabilitiesInternal capabilities: NONE IEEE8021X WPA-EAP WPA-PSK WPA-EAP-SUITE-B WPA-EAP-SUITE-B-192 OWE DPP FILS-SHA256 FILS-SHA384
10-23 14:57:12.098  1550  3500 D WificondControl: Scan failed event
10-23 14:57:12.098  1550  2207 W WificondScannerImpl: Scan failed
10-23 14:57:12.099  1550  2207 W AlarmManager: Unrecognized alarm listener com.android.server.wifi.scanner.OppoScanFoolProof$1@60a150d
10-23 14:57:12.102   871   871 E wpa_supplicant: eap_proxy: eap_proxy_notify_config
10-23 14:57:12.103   871   871 I wpa_supplicant: wlan0: Trying to associate with SSID 'old_wang_5G'
10-23 14:57:12.103   871   871 I wpa_supplicant: wlan0: OWN MAC adrress: c4:e3:9f:22:11:19
10-23 14:57:12.104   871   871 E wpa_supplicant: eap_proxy: eap_proxy_notify_config
10-23 14:57:12.105   871   871 E wpa_supplicant: eap_proxy: eap_proxy_allowed_method
10-23 14:57:12.105   871   871 E wpa_supplicant: eap_proxy: config or eap_methods is null
10-23 14:57:12.105   871   871 E wpa_supplicant: eap_proxy: eap_proxy_allowed_method
10-23 14:57:12.105   871   871 E wpa_supplicant: eap_proxy: config or eap_methods is null
10-23 14:57:12.105   871   871 E wpa_supplicant: eap_proxy: eap_proxy_allowed_method
10-23 14:57:12.105   871   871 E wpa_supplicant: eap_proxy: config or eap_methods is null
10-23 14:57:12.105  1550  2182 E WifiScanRequestProxy: Scan failure received. reason: -1,description: Scan failed
10-23 14:57:12.106  1550  2182 D WifiStateMachine: state is CONNECTING,not bc.
10-23 14:57:12.108   813   813 V LocSvc_HIDL_IzatSubscription: [wifiSupplicantStatusUpdate][670] [HS] <<<<= [HC]
10-23 14:57:12.113 14164 14164 D baidu_location_service: WifiScan finished, in callback.
10-23 14:57:12.115  1550  2137 D SensorService: FusionLight, isFlashing = 0
10-23 14:57:12.125  1550  1710 I EthernetTracker: interfaceLinkStateChanged, iface: wlan0, up: false
10-23 14:57:12.126   805   874 I WifiHAL : Fate Tx-Rx: Packet fate stats stop received
10-23 14:57:12.126   871   871 I wpa_supplicant: wlan0: CTRL-EVENT-ASSOC-REJECT bssid=f4:83:cd:9a:2e:ab status_code=37
10-23 14:57:12.126   871   871 I wpa_supplicant: wlan0: CTRL-EVENT-SSID-TEMP-DISABLED id=0 ssid="old_wang_5G" auth_failures=1 duration=5 reason=CONN_FAILED
10-23 14:57:12.127  1550  2182 W WifiDiags: CaptureBugReport 1
10-23 14:57:12.128   871   871 E wpa_supplicant: eap_proxy: eap_proxy_notify_config
10-23 14:57:12.129   996   996 I CNSS    : EVENT_WLAN_LOG_COMPLETE event received Reason code 0	 indicator = 1	 ring_id = 0
10-23 14:57:12.130   996   996 I CNSS    : EVENT_WLAN_LOG_COMPLETE event received Reason code 0	 indicator = 1	 ring_id = 1
10-23 14:57:12.131   805   805 E WifiHAL : wifi_get_ring_data: Error -5 happened. 
10-23 14:57:12.132  1550  2182 E WifiVendorHal: getRingBufferData(l.2066) failed {.code = ERROR_INVALID_ARGS, .description = }
10-23 14:57:12.133   996   996 I CNSS    : EVENT_WLAN_LOG_COMPLETE event received Reason code 0	 indicator = 1	 ring_id = 4
10-23 14:57:12.133  1550  2182 D WifiStateMachine: Assocation Rejection event: bssid=f4:83:cd:9a:2e:ab reason code=37 timedOut=false
10-23 14:57:12.140  1550  2182 D WifiLastResortWatchdog: updateFailureCountForNetwork: Unable to find Network ["old_wang_5G", f4:83:cd:9a:2e:ab]
10-23 14:57:12.140  1550  2182 D WifiStateMachine: state is CONNECTING,not bc.
10-23 14:57:12.141  1550  2182 D OppoWifiConnectionAlert: MC=false,mwk=0,maf=0,mar=4
10-23 14:57:12.143  1550  1645 W BroadcastQueue: Background execution not allowed: receiving Intent { act=android.net.wifi.STATE_CHANGE flg=0x24000010 (has extras) } to com.android.mms/com.chinamobile.aisms.sdk.LocalBroadcastManager
10-23 14:57:12.143  1550  1645 W BroadcastQueue: Background execution not allowed: receiving Intent { act=android.net.wifi.STATE_CHANGE flg=0x24000010 (has extras) } to com.ted.number/com.chinamobile.aisms.sdk.LocalBroadcastManager
10-23 14:57:12.144  1550  1550 D OppoWifiSharingManager: wifi connect state = DISCONNECTED
10-23 14:57:12.145  1550  4013 I WifiService: getWifiApConfiguration uid=1002
10-23 14:57:12.145  1550  1550 D OppoSilenceRecovery: actionandroid.net.wifi.STATE_CHANGE
10-23 14:57:12.145  1550  1550 D OppoSilenceRecovery: wifi connect state =DISCONNECTED
10-23 14:57:12.146  2750  2750 D DPMJ    : |SERVICE| DPM received action android.net.wifi.STATE_CHANGE
10-23 14:57:12.147  1467  1467 D mirror  : WifiChangeReceiver wifi change isConnectedfalse
10-23 14:57:12.148  2750  2750 I DPMJ    : |SERVICE| sendWifiStatus - subType: 21 networkState: 4 softApState: 11 rssi=0 ssid= bssid=00:00:00:00:00:00 ipV4Addr= ifNameV4= ipAddrV6= ifNameV6=
10-23 14:57:12.152  1550  2182 E SupplicantStateTracker: Ignoring { when=-18ms what=147499 target=com.android.internal.util.StateMachine$SmHandler }
10-23 14:57:12.154   813   813 V LocSvc_HIDL_IzatSubscription: [wifiSupplicantStatusUpdate][670] [HS] <<<<= [HC]
10-23 14:57:12.158  1550  2182 D WifiStateMachine: CMD_START_CONNECT sup state DisconnectedState my state DisconnectedState nid=9 roam=false
10-23 14:57:12.159  1550  2182 I WifiStateMachine: Connecting with c4:e3:9f:22:11:19 as the mac address
10-23 14:57:12.160  2582  2582 W BluetoothAdapterService: mWifiStateBroadcastReceiver: wifi state false 
10-23 14:57:12.160  2582  2582 D BluetoothVendorService: setWifiState to: false
10-23 14:57:12.160  2582  2582 I BluetoothVendorJni: setWifiStateNative
10-23 14:57:12.160  2582  2582 I bt_btif_vendor: setWifiState :0
10-23 14:57:12.161  1202  1202 W wificond: Scan aborted
10-23 14:57:12.162  1550  4013 D WificondControl: Scan failed event
10-23 14:57:12.162  1550  2182 D SupplicantStaIfaceHal: Network is already saved, will not trigger remove and add operation.
10-23 14:57:12.162  1550  2207 W WificondScannerImpl: Scan failed
10-23 14:57:12.163   871   871 I wpa_supplicant: getCapabilitiesInternal capabilities: NONE IEEE8021X WPA-EAP WPA-PSK WPA-EAP-SUITE-B WPA-EAP-SUITE-B-192 OWE DPP FILS-SHA256 FILS-SHA384
10-23 14:57:12.163  1550  2207 W AlarmManager: Unrecognized alarm listener com.android.server.wifi.scanner.OppoScanFoolProof$1@60a150d
10-23 14:57:12.164   871   871 I wpa_supplicant: wlan0: CTRL-EVENT-SSID-REENABLED id=0 ssid="old_wang_5G"
10-23 14:57:12.165   871   871 E wpa_supplicant: eap_proxy: eap_proxy_notify_config
10-23 14:57:12.166   871   871 I wpa_supplicant: wlan0: Trying to associate with SSID 'old_wang_5G'
10-23 14:57:12.166   871   871 I wpa_supplicant: wlan0: OWN MAC adrress: c4:e3:9f:22:11:19
10-23 14:57:12.169   871   871 E wpa_supplicant: eap_proxy: eap_proxy_notify_config
10-23 14:57:12.169   871   871 E wpa_supplicant: eap_proxy: eap_proxy_allowed_method
10-23 14:57:12.169   871   871 E wpa_supplicant: eap_proxy: config or eap_methods is null
10-23 14:57:12.169   871   871 E wpa_supplicant: eap_proxy: eap_proxy_allowed_method
10-23 14:57:12.169   871   871 E wpa_supplicant: eap_proxy: config or eap_methods is null
10-23 14:57:12.169   871   871 E wpa_supplicant: eap_proxy: eap_proxy_allowed_method
10-23 14:57:12.169   871   871 E wpa_supplicant: eap_proxy: config or eap_methods is null
10-23 14:57:12.170  1550  2182 E WifiScanRequestProxy: Scan failure received. reason: -1,description: Scan failed
10-23 14:57:12.171  1550  2182 D WifiStateMachine: state is CONNECTING,not bc.
10-23 14:57:12.174   813   813 V LocSvc_HIDL_IzatSubscription: [wifiSupplicantStatusUpdate][670] [HS] <<<<= [HC]
10-23 14:57:12.180 14164 14164 D baidu_location_service: WifiScan finished, in callback.
10-23 14:57:12.192  1550  1710 I EthernetTracker: interfaceLinkStateChanged, iface: wlan0, up: false
10-23 14:57:12.193   871   871 I wpa_supplicant: wlan0: CTRL-EVENT-ASSOC-REJECT bssid=f4:83:cd:9a:2e:ab status_code=37
10-23 14:57:12.193   805   874 I WifiHAL : Fate Tx-Rx: Packet fate stats stop received
10-23 14:57:12.193   871   871 I wpa_supplicant: wlan0: CTRL-EVENT-SSID-TEMP-DISABLED id=0 ssid="old_wang_5G" auth_failures=1 duration=5 reason=CONN_FAILED
10-23 14:57:12.194  1550  2182 W WifiDiags: CaptureBugReport 1
10-23 14:57:12.195   871   871 E wpa_supplicant: eap_proxy: eap_proxy_notify_config
10-23 14:57:12.197   996   996 I CNSS    : EVENT_WLAN_LOG_COMPLETE event received Reason code 0	 indicator = 1	 ring_id = 0
10-23 14:57:12.197   996   996 I CNSS    : EVENT_WLAN_LOG_COMPLETE event received Reason code 0	 indicator = 1	 ring_id = 1
10-23 14:57:12.198   805   805 E WifiHAL : wifi_get_ring_data: Error -5 happened. 
10-23 14:57:12.198  1550  2182 E WifiVendorHal: getRingBufferData(l.2066) failed {.code = ERROR_INVALID_ARGS, .description = }
10-23 14:57:12.199   996   996 I CNSS    : EVENT_WLAN_LOG_COMPLETE event received Reason code 0	 indicator = 1	 ring_id = 4
10-23 14:57:12.199  1550  2182 D WifiStateMachine: Assocation Rejection event: bssid=f4:83:cd:9a:2e:ab reason code=37 timedOut=false
10-23 14:57:12.206  1550  2182 D WifiLastResortWatchdog: updateFailureCountForNetwork: Unable to find Network ["old_wang_5G", f4:83:cd:9a:2e:ab]
10-23 14:57:12.206  1550  2182 D WifiStateMachine: state is CONNECTING,not bc.
10-23 14:57:12.207  1550  2182 D OppoWifiConnectionAlert: MC=false,mwk=0,maf=0,mar=5
10-23 14:57:12.208  1550  1550 D OppoWifiSharingManager: wifi connect state = DISCONNECTED
10-23 14:57:12.209  1550  1550 D OppoSilenceRecovery: actionandroid.net.wifi.STATE_CHANGE
10-23 14:57:12.209  1550  1550 D OppoSilenceRecovery: wifi connect state =DISCONNECTED
10-23 14:57:12.210  1550 10887 I WifiService: getWifiApConfiguration uid=1002
10-23 14:57:12.211  2750  2750 D DPMJ    : |SERVICE| DPM received action android.net.wifi.STATE_CHANGE
10-23 14:57:12.213  2750  2750 I DPMJ    : |SERVICE| sendWifiStatus - subType: 21 networkState: 4 softApState: 11 rssi=0 ssid= bssid=00:00:00:00:00:00 ipV4Addr= ifNameV4= ipAddrV6= ifNameV6=
10-23 14:57:12.214  1467  1467 D mirror  : WifiChangeReceiver wifi change isConnectedfalse
10-23 14:57:12.217  1550  2182 E SupplicantStateTracker: Ignoring { when=-17ms what=147499 target=com.android.internal.util.StateMachine$SmHandler }
10-23 14:57:12.220  1550  1645 W BroadcastQueue: Background execution not allowed: receiving Intent { act=android.net.wifi.STATE_CHANGE flg=0x24000010 (has extras) } to com.android.mms/com.chinamobile.aisms.sdk.LocalBroadcastManager
10-23 14:57:12.222  1550  2182 D WifiStateMachine: CMD_START_CONNECT sup state DisconnectedState my state DisconnectedState nid=9 roam=false
10-23 14:57:12.222  1550  1645 W BroadcastQueue: Background execution not allowed: receiving Intent { act=android.net.wifi.STATE_CHANGE flg=0x24000010 (has extras) } to com.ted.number/com.chinamobile.aisms.sdk.LocalBroadcastManager
10-23 14:57:12.222   813   813 V LocSvc_HIDL_IzatSubscription: [wifiSupplicantStatusUpdate][670] [HS] <<<<= [HC]
10-23 14:57:12.223  1550  2182 I WifiStateMachine: Connecting with c4:e3:9f:22:11:19 as the mac address
10-23 14:57:12.224  2582  2582 W BluetoothAdapterService: mWifiStateBroadcastReceiver: wifi state false 
10-23 14:57:12.224  2582  2582 D BluetoothVendorService: setWifiState to: false
10-23 14:57:12.224  2582  2582 I BluetoothVendorJni: setWifiStateNative
10-23 14:57:12.224  2582  2582 I bt_btif_vendor: setWifiState :0
10-23 14:57:12.226  1202  1202 W wificond: Scan aborted
10-23 14:57:12.226  1550 10887 D WificondControl: Scan failed event
10-23 14:57:12.227  1550  2182 D SupplicantStaIfaceHal: Network is already saved, will not trigger remove and add operation.
10-23 14:57:12.227  1550  2207 W WificondScannerImpl: Scan failed
10-23 14:57:12.227   871   871 I wpa_supplicant: getCapabilitiesInternal capabilities: NONE IEEE8021X WPA-EAP WPA-PSK WPA-EAP-SUITE-B WPA-EAP-SUITE-B-192 OWE DPP FILS-SHA256 FILS-SHA384
10-23 14:57:12.228  1550  2207 W AlarmManager: Unrecognized alarm listener com.android.server.wifi.scanner.OppoScanFoolProof$1@60a150d
10-23 14:57:12.230   871   871 I wpa_supplicant: wlan0: CTRL-EVENT-SSID-REENABLED id=0 ssid="old_wang_5G"
10-23 14:57:12.231   871   871 E wpa_supplicant: eap_proxy: eap_proxy_notify_config
10-23 14:57:12.232   871   871 I wpa_supplicant: wlan0: Trying to associate with SSID 'old_wang_5G'
10-23 14:57:12.232   871   871 I wpa_supplicant: wlan0: OWN MAC adrress: c4:e3:9f:22:11:19
10-23 14:57:12.237   871   871 E wpa_supplicant: eap_proxy: eap_proxy_notify_config
10-23 14:57:12.237   871   871 E wpa_supplicant: eap_proxy: eap_proxy_allowed_method
10-23 14:57:12.237   871   871 E wpa_supplicant: eap_proxy: config or eap_methods is null
10-23 14:57:12.237   871   871 E wpa_supplicant: eap_proxy: eap_proxy_allowed_method
10-23 14:57:12.237   871   871 E wpa_supplicant: eap_proxy: config or eap_methods is null
10-23 14:57:12.237   871   871 E wpa_supplicant: eap_proxy: eap_proxy_allowed_method
10-23 14:57:12.237   871   871 E wpa_supplicant: eap_proxy: config or eap_methods is null
10-23 14:57:12.238  1550  2182 E WifiScanRequestProxy: Scan failure received. reason: -1,description: Scan failed
10-23 14:57:12.239  1550  2182 D WifiStateMachine: state is CONNECTING,not bc.
10-23 14:57:12.240   813   813 V LocSvc_HIDL_IzatSubscription: [wifiSupplicantStatusUpdate][670] [HS] <<<<= [HC]
10-23 14:57:12.246 14164 14164 D baidu_location_service: WifiScan finished, in callback.
10-23 14:57:12.251  1550  2160 D MotorManagerService: setMotorDownArrived
10-23 14:57:12.251  1550  2160 D MotorManagerService: setMotorDownArrived mGoogleFlashOn: false mCloseGoogleFlash: true
10-23 14:57:12.252  1550  2160 V SensorManager: unRegisterListener by com.android.server.oppo.MotorManagerService$3
10-23 14:57:12.252  1550  2160 W SensorService: SensorEventConnection sensor handle=7, package = com.android.server.oppo.MotorManagerService disable
10-23 14:57:12.252  1550  2160 D SensorService: 0x7393f6e240 removeFd fd=495
10-23 14:57:12.252  1550  2160 D SensorService: recordConnection in disable
10-23 14:57:12.252  1550  2160 D SensorService: SensorDevice::activate: ident=0x7393f6e240, handle=0x00000007, enabled=0, count=1
10-23 14:57:12.252  1550  2160 D SensorService: disable index=0
10-23 14:57:12.252  1550  2160 D SensorService: 	>>> actuating h/w activate handle=7 enabled=0
10-23 14:57:12.253   801  2134 I sensors-hal: activate:111, free_fall_detect/7 en=0
10-23 14:57:12.253   801  2134 I sensors-hal: activate:130, free_fall_detect/7 en=0 completed type = 33171006
10-23 14:57:12.254  1550  2160 D SensorService: reset the mRecentEvent handle = 7
10-23 14:57:12.254  1550  2160 D SensorService: disable reset the lastEvent handle = 7 in disable
10-23 14:57:12.254  1550  2160 D SensorService: ~SensorEventConnection(0x7393f6e240)
10-23 14:57:12.254  1550  2160 D SensorService: 4 active sensors
10-23 14:57:12.254  1550  2160 D SensorService: removing connection 0x7393f6e240 for sensor[0].handle=0x00000002
10-23 14:57:12.254  1550  2160 D SensorService: removing connection 0x7393f6e240 for sensor[1].handle=0x00000014
10-23 14:57:12.254  1550  2160 D SensorService: removing connection 0x7393f6e240 for sensor[2].handle=0x0000001b
10-23 14:57:12.254  1550  2160 D SensorService: removing connection 0x7393f6e240 for sensor[3].handle=0x000003e9
10-23 14:57:12.254   781  1564 D audio_hw_primary: adev_set_parameters: enter: MuteBackMic=0
10-23 14:57:12.254   781  1564 D audio_hw_extn: audio_extn_set_anc_parameters: anc_enabled:0
10-23 14:57:12.254   781  1564 D audio_hw_spkr_prot: audio_extn_fbsp_set_parameters: Speaker protection disabled
10-23 14:57:12.257  1550  2160 D MotorCalibrateHelper: readStringFromFile path:/sys/bus/platform/devices/vendor:motor_pl/hall_data, result:-382,-17
10-23 14:57:12.257  1550  2160 D MotorCalibrateHelper: getHallData hallData: -382,-17
10-23 14:57:12.257  1550  1710 I EthernetTracker: interfaceLinkStateChanged, iface: wlan0, up: false
10-23 14:57:12.258  1550  2160 D MotorCalibrateHelper: readStringFromFile path:/sys/bus/platform/devices/vendor:motor_pl/hall_calibration, result:-316,-370,-346,-17,-16,-395
10-23 14:57:12.259  1550  2160 D MotorCalibrateHelper: isNeedCalib hallsData[0]: -382 near_hall1: -346 hallsData[1]: -17 far_hall2: -395
10-23 14:57:12.260   871   871 I wpa_supplicant: wlan0: CTRL-EVENT-ASSOC-REJECT bssid=f4:83:cd:9a:2e:ab status_code=37
10-23 14:57:12.260   871   871 I wpa_supplicant: wlan0: CTRL-EVENT-SSID-TEMP-DISABLED id=0 ssid="old_wang_5G" auth_failures=1 duration=5 reason=CONN_FAILED
10-23 14:57:12.260   805   874 I WifiHAL : Fate Tx-Rx: Packet fate stats stop received
10-23 14:57:12.260  1550  2182 W WifiDiags: CaptureBugReport 1
10-23 14:57:12.262   871   871 E wpa_supplicant: eap_proxy: eap_proxy_notify_config
10-23 14:57:12.262   996   996 I CNSS    : EVENT_WLAN_LOG_COMPLETE event received Reason code 0	 indicator = 1	 ring_id = 0
10-23 14:57:12.263   996   996 I CNSS    : EVENT_WLAN_LOG_COMPLETE event received Reason code 0	 indicator = 1	 ring_id = 1
10-23 14:57:12.264   805   805 E WifiHAL : wifi_get_ring_data: Error -5 happened. 
10-23 14:57:12.265  1550  2182 E WifiVendorHal: getRingBufferData(l.2066) failed {.code = ERROR_INVALID_ARGS, .description = }
10-23 14:57:12.266  1550  2182 D WifiStateMachine: Assocation Rejection event: bssid=f4:83:cd:9a:2e:ab reason code=37 timedOut=false
10-23 14:57:12.267   996   996 I CNSS    : EVENT_WLAN_LOG_COMPLETE event received Reason code 0	 indicator = 1	 ring_id = 4
10-23 14:57:12.273  1550  2182 D WifiLastResortWatchdog: updateFailureCountForNetwork: Unable to find Network ["old_wang_5G", f4:83:cd:9a:2e:ab]
10-23 14:57:12.273  1550  2182 D WifiStateMachine: state is CONNECTING,not bc.
10-23 14:57:12.274  1550  2182 D OppoWifiConnectionAlert: MC=false,mwk=0,maf=0,mar=6
10-23 14:57:12.275  1550  1550 D OppoWifiSharingManager: wifi connect state = DISCONNECTED
10-23 14:57:12.275  1550  1550 D OppoSilenceRecovery: actionandroid.net.wifi.STATE_CHANGE
10-23 14:57:12.275  1550  1550 D OppoSilenceRecovery: wifi connect state =DISCONNECTED
10-23 14:57:12.276  2750  2750 D DPMJ    : |SERVICE| DPM received action android.net.wifi.STATE_CHANGE
10-23 14:57:12.278  2750  2750 I DPMJ    : |SERVICE| sendWifiStatus - subType: 21 networkState: 4 softApState: 11 rssi=0 ssid= bssid=00:00:00:00:00:00 ipV4Addr= ifNameV4= ipAddrV6= ifNameV6=
10-23 14:57:12.278  1467  1467 D mirror  : WifiChangeReceiver wifi change isConnectedfalse
10-23 14:57:12.279  1550 10887 I WifiService: getWifiApConfiguration uid=1002
10-23 14:57:12.280  1550  1645 W BroadcastQueue: Background execution not allowed: receiving Intent { act=android.net.wifi.STATE_CHANGE flg=0x24000010 (has extras) } to com.android.mms/com.chinamobile.aisms.sdk.LocalBroadcastManager
10-23 14:57:12.281  1550  1645 W BroadcastQueue: Background execution not allowed: receiving Intent { act=android.net.wifi.STATE_CHANGE flg=0x24000010 (has extras) } to com.ted.number/com.chinamobile.aisms.sdk.LocalBroadcastManager
10-23 14:57:12.286  1550  2182 E SupplicantStateTracker: Ignoring { when=-20ms what=147499 target=com.android.internal.util.StateMachine$SmHandler }
10-23 14:57:12.287  1550  2182 D WifiStateMachine: CMD_START_CONNECT sup state DisconnectedState my state DisconnectedState nid=9 roam=false
10-23 14:57:12.287   813   813 V LocSvc_HIDL_IzatSubscription: [wifiSupplicantStatusUpdate][670] [HS] <<<<= [HC]
10-23 14:57:12.287  1550  2182 I WifiStateMachine: Connecting with c4:e3:9f:22:11:19 as the mac address
10-23 14:57:12.288  2582  2582 W BluetoothAdapterService: mWifiStateBroadcastReceiver: wifi state false 
10-23 14:57:12.289  2582  2582 D BluetoothVendorService: setWifiState to: false
10-23 14:57:12.289  2582  2582 I BluetoothVendorJni: setWifiStateNative
10-23 14:57:12.289  2582  2582 I bt_btif_vendor: setWifiState :0
10-23 14:57:12.291  1202  1202 W wificond: Scan aborted
10-23 14:57:12.291  1550 10887 D WificondControl: Scan failed event
10-23 14:57:12.291  1550  2182 D SupplicantStaIfaceHal: Network is already saved, will not trigger remove and add operation.
10-23 14:57:12.291  1550  2207 W WificondScannerImpl: Scan failed
10-23 14:57:12.293  1550  2207 W AlarmManager: Unrecognized alarm listener com.android.server.wifi.scanner.OppoScanFoolProof$1@60a150d
10-23 14:57:12.293   871   871 I wpa_supplicant: getCapabilitiesInternal capabilities: NONE IEEE8021X WPA-EAP WPA-PSK WPA-EAP-SUITE-B WPA-EAP-SUITE-B-192 OWE DPP FILS-SHA256 FILS-SHA384
10-23 14:57:12.295   871   871 I wpa_supplicant: wlan0: CTRL-EVENT-SSID-REENABLED id=0 ssid="old_wang_5G"
10-23 14:57:12.296   871   871 E wpa_supplicant: eap_proxy: eap_proxy_notify_config
10-23 14:57:12.297   871   871 I wpa_supplicant: wlan0: Trying to associate with SSID 'old_wang_5G'
10-23 14:57:12.298   871   871 I wpa_supplicant: wlan0: OWN MAC adrress: c4:e3:9f:22:11:19
10-23 14:57:12.300   871   871 E wpa_supplicant: eap_proxy: eap_proxy_notify_config
10-23 14:57:12.300   871   871 E wpa_supplicant: eap_proxy: eap_proxy_allowed_method
10-23 14:57:12.300   871   871 E wpa_supplicant: eap_proxy: config or eap_methods is null
10-23 14:57:12.300   871   871 E wpa_supplicant: eap_proxy: eap_proxy_allowed_method
10-23 14:57:12.300   871   871 E wpa_supplicant: eap_proxy: config or eap_methods is null
10-23 14:57:12.300   871   871 E wpa_supplicant: eap_proxy: eap_proxy_allowed_method
10-23 14:57:12.300   871   871 E wpa_supplicant: eap_proxy: config or eap_methods is null
10-23 14:57:12.301  1550  2182 E WifiScanRequestProxy: Scan failure received. reason: -1,description: Scan failed
10-23 14:57:12.302  1550  2182 D WifiStateMachine: state is CONNECTING,not bc.
10-23 14:57:12.303   813   813 V LocSvc_HIDL_IzatSubscription: [wifiSupplicantStatusUpdate][670] [HS] <<<<= [HC]
10-23 14:57:12.308 14164 14164 D baidu_location_service: WifiScan finished, in callback.
10-23 14:57:12.320  1550  1710 I EthernetTracker: interfaceLinkStateChanged, iface: wlan0, up: false
10-23 14:57:12.322   805   874 I WifiHAL : Fate Tx-Rx: Packet fate stats stop received
10-23 14:57:12.322   871   871 I wpa_supplicant: wlan0: CTRL-EVENT-ASSOC-REJECT bssid=f4:83:cd:9a:2e:ab status_code=37
10-23 14:57:12.322   871   871 I wpa_supplicant: wlan0: CTRL-EVENT-SSID-TEMP-DISABLED id=0 ssid="old_wang_5G" auth_failures=1 duration=5 reason=CONN_FAILED
10-23 14:57:12.323  1550  2182 W WifiDiags: CaptureBugReport 1
10-23 14:57:12.324   871   871 E wpa_supplicant: eap_proxy: eap_proxy_notify_config
10-23 14:57:12.325   996   996 I CNSS    : EVENT_WLAN_LOG_COMPLETE event received Reason code 0	 indicator = 1	 ring_id = 0
10-23 14:57:12.325   996   996 I CNSS    : EVENT_WLAN_LOG_COMPLETE event received Reason code 0	 indicator = 1	 ring_id = 1
10-23 14:57:12.326   805   805 E WifiHAL : wifi_get_ring_data: Error -5 happened. 
10-23 14:57:12.326  1550  2182 E WifiVendorHal: getRingBufferData(l.2066) failed {.code = ERROR_INVALID_ARGS, .description = }
10-23 14:57:12.327   996   996 I CNSS    : EVENT_WLAN_LOG_COMPLETE event received Reason code 0	 indicator = 1	 ring_id = 4
10-23 14:57:12.327  1550  2182 D WifiStateMachine: Assocation Rejection event: bssid=f4:83:cd:9a:2e:ab reason code=37 timedOut=false
10-23 14:57:12.336  1550  2182 D WifiLastResortWatchdog: updateFailureCountForNetwork: Unable to find Network ["old_wang_5G", f4:83:cd:9a:2e:ab]
10-23 14:57:12.336  1550  2182 D WifiStateMachine: state is CONNECTING,not bc.
10-23 14:57:12.337  1550  2182 D OppoWifiConnectionAlert: MC=false,mwk=0,maf=0,mar=7
10-23 14:57:12.339  1550  1645 W BroadcastQueue: Background execution not allowed: receiving Intent { act=android.net.wifi.STATE_CHANGE flg=0x24000010 (has extras) } to com.android.mms/com.chinamobile.aisms.sdk.LocalBroadcastManager
10-23 14:57:12.339  1550  1645 W BroadcastQueue: Background execution not allowed: receiving Intent { act=android.net.wifi.STATE_CHANGE flg=0x24000010 (has extras) } to com.ted.number/com.chinamobile.aisms.sdk.LocalBroadcastManager
10-23 14:57:12.339  1467  1467 D mirror  : WifiChangeReceiver wifi change isConnectedfalse
10-23 14:57:12.340  1550  1550 D OppoWifiSharingManager: wifi connect state = DISCONNECTED
10-23 14:57:12.340  1550  4013 I WifiService: getWifiApConfiguration uid=1002
10-23 14:57:12.340  1550  1550 D OppoSilenceRecovery: actionandroid.net.wifi.STATE_CHANGE
10-23 14:57:12.340  1550  1550 D OppoSilenceRecovery: wifi connect state =DISCONNECTED
10-23 14:57:12.342  2750  2750 D DPMJ    : |SERVICE| DPM received action android.net.wifi.STATE_CHANGE
10-23 14:57:12.345  2750  2750 I DPMJ    : |SERVICE| sendWifiStatus - subType: 21 networkState: 4 softApState: 11 rssi=0 ssid= bssid=00:00:00:00:00:00 ipV4Addr= ifNameV4= ipAddrV6= ifNameV6=
10-23 14:57:12.350  1550  2182 E SupplicantStateTracker: Ignoring { when=-23ms what=147499 target=com.android.internal.util.StateMachine$SmHandler }
10-23 14:57:12.351  1550  2182 D WifiStateMachine: CMD_START_CONNECT sup state DisconnectedState my state DisconnectedState nid=9 roam=false
10-23 14:57:12.352   813   813 V LocSvc_HIDL_IzatSubscription: [wifiSupplicantStatusUpdate][670] [HS] <<<<= [HC]
10-23 14:57:12.352  1550  2182 I WifiStateMachine: Connecting with c4:e3:9f:22:11:19 as the mac address
10-23 14:57:12.354  2582  2582 W BluetoothAdapterService: mWifiStateBroadcastReceiver: wifi state false 
10-23 14:57:12.354  2582  2582 D BluetoothVendorService: setWifiState to: false
10-23 14:57:12.354  2582  2582 I BluetoothVendorJni: setWifiStateNative
10-23 14:57:12.354  2582  2582 I bt_btif_vendor: setWifiState :0
10-23 14:57:12.355  1202  1202 W wificond: Scan aborted
10-23 14:57:12.355  1550  2182 D SupplicantStaIfaceHal: Network is already saved, will not trigger remove and add operation.
10-23 14:57:12.355  1550  4013 D WificondControl: Scan failed event
10-23 14:57:12.356  1550  2207 W WificondScannerImpl: Scan failed
10-23 14:57:12.357  1550  2207 W AlarmManager: Unrecognized alarm listener com.android.server.wifi.scanner.OppoScanFoolProof$1@60a150d
10-23 14:57:12.357   871   871 I wpa_supplicant: getCapabilitiesInternal capabilities: NONE IEEE8021X WPA-EAP WPA-PSK WPA-EAP-SUITE-B WPA-EAP-SUITE-B-192 OWE DPP FILS-SHA256 FILS-SHA384
10-23 14:57:12.359   871   871 I wpa_supplicant: wlan0: CTRL-EVENT-SSID-REENABLED id=0 ssid="old_wang_5G"
10-23 14:57:12.361   871   871 E wpa_supplicant: eap_proxy: eap_proxy_notify_config
10-23 14:57:12.363   871   871 I wpa_supplicant: wlan0: Trying to associate with SSID 'old_wang_5G'
10-23 14:57:12.363   871   871 I wpa_supplicant: wlan0: OWN MAC adrress: c4:e3:9f:22:11:19
10-23 14:57:12.365   871   871 E wpa_supplicant: eap_proxy: eap_proxy_notify_config
10-23 14:57:12.365   871   871 E wpa_supplicant: eap_proxy: eap_proxy_allowed_method
10-23 14:57:12.365   871   871 E wpa_supplicant: eap_proxy: config or eap_methods is null
10-23 14:57:12.365   871   871 E wpa_supplicant: eap_proxy: eap_proxy_allowed_method
10-23 14:57:12.365   871   871 E wpa_supplicant: eap_proxy: config or eap_methods is null
10-23 14:57:12.365   871   871 E wpa_supplicant: eap_proxy: eap_proxy_allowed_method
10-23 14:57:12.365   871   871 E wpa_supplicant: eap_proxy: config or eap_methods is null
10-23 14:57:12.366  1550  2182 E WifiScanRequestProxy: Scan failure received. reason: -1,description: Scan failed
10-23 14:57:12.367  1550  2182 D WifiStateMachine: state is CONNECTING,not bc.
10-23 14:57:12.370   813   813 V LocSvc_HIDL_IzatSubscription: [wifiSupplicantStatusUpdate][670] [HS] <<<<= [HC]
10-23 14:57:12.373 14164 14164 D baidu_location_service: WifiScan finished, in callback.
10-23 14:57:12.384  1550  1710 I EthernetTracker: interfaceLinkStateChanged, iface: wlan0, up: false
10-23 14:57:12.387   805   874 I WifiHAL : Fate Tx-Rx: Packet fate stats stop received
10-23 14:57:12.389   871   871 I wpa_supplicant: wlan0: CTRL-EVENT-ASSOC-REJECT bssid=f4:83:cd:9a:2e:ab status_code=37
10-23 14:57:12.389   871   871 I wpa_supplicant: wlan0: CTRL-EVENT-SSID-TEMP-DISABLED id=0 ssid="old_wang_5G" auth_failures=1 duration=5 reason=CONN_FAILED
10-23 14:57:12.390  1550  2182 W WifiDiags: CaptureBugReport 1
10-23 14:57:12.391   996   996 I CNSS    : EVENT_WLAN_LOG_COMPLETE event received Reason code 0	 indicator = 1	 ring_id = 0
10-23 14:57:12.392   871   871 E wpa_supplicant: eap_proxy: eap_proxy_notify_config
10-23 14:57:12.392   996   996 I CNSS    : EVENT_WLAN_LOG_COMPLETE event received Reason code 0	 indicator = 1	 ring_id = 1
10-23 14:57:12.394   805   805 E WifiHAL : wifi_get_ring_data: Error -5 happened. 
10-23 14:57:12.395  1550  2182 E WifiVendorHal: getRingBufferData(l.2066) failed {.code = ERROR_INVALID_ARGS, .description = }
10-23 14:57:12.396   996   996 I CNSS    : EVENT_WLAN_LOG_COMPLETE event received Reason code 0	 indicator = 1	 ring_id = 4
10-23 14:57:12.396  1550  2182 D WifiStateMachine: Assocation Rejection event: bssid=f4:83:cd:9a:2e:ab reason code=37 timedOut=false
10-23 14:57:12.400  1550  2182 D WifiLastResortWatchdog: updateFailureCountForNetwork: Unable to find Network ["old_wang_5G", f4:83:cd:9a:2e:ab]
10-23 14:57:12.401  1550  2182 D WifiStateMachine: state is CONNECTING,not bc.
10-23 14:57:12.401  1550  2182 D OppoWifiConnectionAlert: MC=false,mwk=0,maf=0,mar=8
10-23 14:57:12.404  1550  4013 I WifiService: getWifiApConfiguration uid=1002
10-23 14:57:12.404  2750  2750 D DPMJ    : |SERVICE| DPM received action android.net.wifi.STATE_CHANGE
10-23 14:57:12.405  2750  2750 I DPMJ    : |SERVICE| sendWifiStatus - subType: 21 networkState: 4 softApState: 11 rssi=0 ssid= bssid=00:00:00:00:00:00 ipV4Addr= ifNameV4= ipAddrV6= ifNameV6=
10-23 14:57:12.405  1550  1550 D OppoWifiSharingManager: wifi connect state = DISCONNECTED
10-23 14:57:12.405  1550  1550 D OppoSilenceRecovery: actionandroid.net.wifi.STATE_CHANGE
10-23 14:57:12.405  1550  1550 D OppoSilenceRecovery: wifi connect state =DISCONNECTED
10-23 14:57:12.406  1467  1467 D mirror  : WifiChangeReceiver wifi change isConnectedfalse
10-23 14:57:12.408  1550  1645 W BroadcastQueue: Background execution not allowed: receiving Intent { act=android.net.wifi.STATE_CHANGE flg=0x24000010 (has extras) } to com.android.mms/com.chinamobile.aisms.sdk.LocalBroadcastManager
10-23 14:57:12.408  1550  1645 W BroadcastQueue: Background execution not allowed: receiving Intent { act=android.net.wifi.STATE_CHANGE flg=0x24000010 (has extras) } to com.ted.number/com.chinamobile.aisms.sdk.LocalBroadcastManager
10-23 14:57:12.408  1550  2182 E SupplicantStateTracker: Ignoring { when=-12ms what=147499 target=com.android.internal.util.StateMachine$SmHandler }
10-23 14:57:12.411   813   813 V LocSvc_HIDL_IzatSubscription: [wifiSupplicantStatusUpdate][670] [HS] <<<<= [HC]
10-23 14:57:12.415  1550  2182 D WifiStateMachine: CMD_START_CONNECT sup state DisconnectedState my state DisconnectedState nid=9 roam=false
10-23 14:57:12.415  1550  2182 I WifiStateMachine: Connecting with c4:e3:9f:22:11:19 as the mac address
10-23 14:57:12.416  2582  2582 W BluetoothAdapterService: mWifiStateBroadcastReceiver: wifi state false 
10-23 14:57:12.416  2582  2582 D BluetoothVendorService: setWifiState to: false
10-23 14:57:12.416  2582  2582 I BluetoothVendorJni: setWifiStateNative
10-23 14:57:12.416  2582  2582 I bt_btif_vendor: setWifiState :0
10-23 14:57:12.418  1202  1202 W wificond: Scan aborted
10-23 14:57:12.418  1550  2182 D SupplicantStaIfaceHal: Network is already saved, will not trigger remove and add operation.
10-23 14:57:12.418  1550  4013 D WificondControl: Scan failed event
10-23 14:57:12.418  1550  2207 W WificondScannerImpl: Scan failed
10-23 14:57:12.419  1550  2207 W AlarmManager: Unrecognized alarm listener com.android.server.wifi.scanner.OppoScanFoolProof$1@60a150d
10-23 14:57:12.419   871   871 I wpa_supplicant: getCapabilitiesInternal capabilities: NONE IEEE8021X WPA-EAP WPA-PSK WPA-EAP-SUITE-B WPA-EAP-SUITE-B-192 OWE DPP FILS-SHA256 FILS-SHA384
10-23 14:57:12.421   871   871 I wpa_supplicant: wlan0: CTRL-EVENT-SSID-REENABLED id=0 ssid="old_wang_5G"
10-23 14:57:12.422   871   871 E wpa_supplicant: eap_proxy: eap_proxy_notify_config
10-23 14:57:12.422   871   871 I wpa_supplicant: wlan0: Trying to associate with SSID 'old_wang_5G'
10-23 14:57:12.422   871   871 I wpa_supplicant: wlan0: OWN MAC adrress: c4:e3:9f:22:11:19
10-23 14:57:12.424   871   871 E wpa_supplicant: eap_proxy: eap_proxy_notify_config
10-23 14:57:12.424   871   871 E wpa_supplicant: eap_proxy: eap_proxy_allowed_method
10-23 14:57:12.424   871   871 E wpa_supplicant: eap_proxy: config or eap_methods is null
10-23 14:57:12.424   871   871 E wpa_supplicant: eap_proxy: eap_proxy_allowed_method
10-23 14:57:12.424   871   871 E wpa_supplicant: eap_proxy: config or eap_methods is null
10-23 14:57:12.424   871   871 E wpa_supplicant: eap_proxy: eap_proxy_allowed_method
10-23 14:57:12.424   871   871 E wpa_supplicant: eap_proxy: config or eap_methods is null
10-23 14:57:12.425  1550  2182 E WifiScanRequestProxy: Scan failure received. reason: -1,description: Scan failed
10-23 14:57:12.425  1550  2182 D WifiStateMachine: state is CONNECTING,not bc.
10-23 14:57:12.429   813   813 V LocSvc_HIDL_IzatSubscription: [wifiSupplicantStatusUpdate][670] [HS] <<<<= [HC]
10-23 14:57:12.432 14164 14164 D baidu_location_service: WifiScan finished, in callback.
10-23 14:57:12.446  1550  1710 I EthernetTracker: interfaceLinkStateChanged, iface: wlan0, up: false
10-23 14:57:12.450   805   874 I WifiHAL : Fate Tx-Rx: Packet fate stats stop received
10-23 14:57:12.450   871   871 I wpa_supplicant: wlan0: CTRL-EVENT-ASSOC-REJECT bssid=f4:83:cd:9a:2e:ab status_code=37
10-23 14:57:12.450   871   871 I wpa_supplicant: wlan0: CTRL-EVENT-SSID-TEMP-DISABLED id=0 ssid="old_wang_5G" auth_failures=1 duration=5 reason=CONN_FAILED
10-23 14:57:12.451  1550  2182 W WifiDiags: CaptureBugReport 1
10-23 14:57:12.452   871   871 E wpa_supplicant: eap_proxy: eap_proxy_notify_config
10-23 14:57:12.453   996   996 I CNSS    : EVENT_WLAN_LOG_COMPLETE event received Reason code 0	 indicator = 1	 ring_id = 0
10-23 14:57:12.454   996   996 I CNSS    : EVENT_WLAN_LOG_COMPLETE event received Reason code 0	 indicator = 1	 ring_id = 1
10-23 14:57:12.455   805   805 E WifiHAL : wifi_get_ring_data: Error -5 happened. 
10-23 14:57:12.455  1550  2182 E WifiVendorHal: getRingBufferData(l.2066) failed {.code = ERROR_INVALID_ARGS, .description = }
10-23 14:57:12.455   996   996 I CNSS    : EVENT_WLAN_LOG_COMPLETE event received Reason code 0	 indicator = 1	 ring_id = 4
10-23 14:57:12.456  1550  2182 D WifiStateMachine: Assocation Rejection event: bssid=f4:83:cd:9a:2e:ab reason code=37 timedOut=false
10-23 14:57:12.466  1550  2182 D WifiLastResortWatchdog: updateFailureCountForNetwork: Unable to find Network ["old_wang_5G", f4:83:cd:9a:2e:ab]
10-23 14:57:12.466  1550  2182 D WifiStateMachine: state is CONNECTING,not bc.
10-23 14:57:12.467  1550  2182 D OppoWifiConnectionAlert: MC=false,mwk=0,maf=0,mar=9
10-23 14:57:12.467  1550  1550 D OppoWifiSharingManager: wifi connect state = DISCONNECTED
10-23 14:57:12.467  1550  1550 D OppoSilenceRecovery: actionandroid.net.wifi.STATE_CHANGE
10-23 14:57:12.468  1550  1550 D OppoSilenceRecovery: wifi connect state =DISCONNECTED
10-23 14:57:12.469  2750  2750 D DPMJ    : |SERVICE| DPM received action android.net.wifi.STATE_CHANGE
10-23 14:57:12.470  1550  3500 I WifiService: getWifiApConfiguration uid=1002
10-23 14:57:12.470  1550  1645 W BroadcastQueue: Background execution not allowed: receiving Intent { act=android.net.wifi.STATE_CHANGE flg=0x24000010 (has extras) } to com.android.mms/com.chinamobile.aisms.sdk.LocalBroadcastManager
10-23 14:57:12.471  1550  1645 W BroadcastQueue: Background execution not allowed: receiving Intent { act=android.net.wifi.STATE_CHANGE flg=0x24000010 (has extras) } to com.ted.number/com.chinamobile.aisms.sdk.LocalBroadcastManager
10-23 14:57:12.471  1467  1467 D mirror  : WifiChangeReceiver wifi change isConnectedfalse
10-23 14:57:12.474  2750  2750 I DPMJ    : |SERVICE| sendWifiStatus - subType: 21 networkState: 4 softApState: 11 rssi=0 ssid= bssid=00:00:00:00:00:00 ipV4Addr= ifNameV4= ipAddrV6= ifNameV6=
10-23 14:57:12.475  1550  2182 E SupplicantStateTracker: Ignoring { when=-20ms what=147499 target=com.android.internal.util.StateMachine$SmHandler }
10-23 14:57:12.478  1550  2182 D WifiStateMachine: CMD_START_CONNECT sup state DisconnectedState my state DisconnectedState nid=9 roam=false
10-23 14:57:12.480  1550  2182 I WifiStateMachine: Connecting with c4:e3:9f:22:11:19 as the mac address
10-23 14:57:12.482  1202  1202 W wificond: Scan aborted
10-23 14:57:12.483   813   813 V LocSvc_HIDL_IzatSubscription: [wifiSupplicantStatusUpdate][670] [HS] <<<<= [HC]
10-23 14:57:12.483  1550  2182 D SupplicantStaIfaceHal: Network is already saved, will not trigger remove and add operation.
10-23 14:57:12.484   871   871 I wpa_supplicant: getCapabilitiesInternal capabilities: NONE IEEE8021X WPA-EAP WPA-PSK WPA-EAP-SUITE-B WPA-EAP-SUITE-B-192 OWE DPP FILS-SHA256 FILS-SHA384
10-23 14:57:12.484  2582  2582 W BluetoothAdapterService: mWifiStateBroadcastReceiver: wifi state false 
10-23 14:57:12.484  2582  2582 D BluetoothVendorService: setWifiState to: false
10-23 14:57:12.484  2582  2582 I BluetoothVendorJni: setWifiStateNative
10-23 14:57:12.484  2582  2582 I bt_btif_vendor: setWifiState :0
10-23 14:57:12.484  1550  4013 D WificondControl: Scan failed event
10-23 14:57:12.484  1550  2207 W WificondScannerImpl: Scan failed
10-23 14:57:12.486   871   871 I wpa_supplicant: wlan0: CTRL-EVENT-SSID-REENABLED id=0 ssid="old_wang_5G"
10-23 14:57:12.486  1550  2207 W AlarmManager: Unrecognized alarm listener com.android.server.wifi.scanner.OppoScanFoolProof$1@60a150d
10-23 14:57:12.487   871   871 E wpa_supplicant: eap_proxy: eap_proxy_notify_config
10-23 14:57:12.488   871   871 I wpa_supplicant: wlan0: Trying to associate with SSID 'old_wang_5G'
10-23 14:57:12.488   871   871 I wpa_supplicant: wlan0: OWN MAC adrress: c4:e3:9f:22:11:19
10-23 14:57:12.490   871   871 E wpa_supplicant: eap_proxy: eap_proxy_notify_config
10-23 14:57:12.490   871   871 E wpa_supplicant: eap_proxy: eap_proxy_allowed_method
10-23 14:57:12.490   871   871 E wpa_supplicant: eap_proxy: config or eap_methods is null
10-23 14:57:12.490   871   871 E wpa_supplicant: eap_proxy: eap_proxy_allowed_method
10-23 14:57:12.490   871   871 E wpa_supplicant: eap_proxy: config or eap_methods is null
10-23 14:57:12.490   871   871 E wpa_supplicant: eap_proxy: eap_proxy_allowed_method
10-23 14:57:12.490   871   871 E wpa_supplicant: eap_proxy: config or eap_methods is null
10-23 14:57:12.497  1550  2182 E WifiScanRequestProxy: Scan failure received. reason: -1,description: Scan failed
10-23 14:57:12.499  1550  2182 D WifiStateMachine: state is CONNECTING,not bc.
10-23 14:57:12.504   813   813 V LocSvc_HIDL_IzatSubscription: [wifiSupplicantStatusUpdate][670] [HS] <<<<= [HC]
10-23 14:57:12.509 14164 14164 D baidu_location_service: WifiScan finished, in callback.
10-23 14:57:12.511   871   871 I wpa_supplicant: wlan0: CTRL-EVENT-ASSOC-REJECT bssid=f4:83:cd:9a:2e:ab status_code=37
10-23 14:57:12.511   871   871 I wpa_supplicant: wlan0: CTRL-EVENT-SSID-TEMP-DISABLED id=0 ssid="old_wang_5G" auth_failures=1 duration=5 reason=CONN_FAILED
10-23 14:57:12.512  1550  2182 W WifiDiags: CaptureBugReport 1
10-23 14:57:12.512   871   871 E wpa_supplicant: eap_proxy: eap_proxy_notify_config
10-23 14:57:12.513  1550  1710 I EthernetTracker: interfaceLinkStateChanged, iface: wlan0, up: false
10-23 14:57:12.514   805   874 I WifiHAL : Fate Tx-Rx: Packet fate stats stop received
10-23 14:57:12.514   805   805 E WifiHAL : wifi_get_ring_data: Error -5 happened. 
10-23 14:57:12.514  1550  2182 E WifiVendorHal: getRingBufferData(l.2066) failed {.code = ERROR_INVALID_ARGS, .description = }
10-23 14:57:12.515  1550  2182 D WifiStateMachine: Assocation Rejection event: bssid=f4:83:cd:9a:2e:ab reason code=37 timedOut=false
10-23 14:57:12.517   996   996 I CNSS    : EVENT_WLAN_LOG_COMPLETE event received Reason code 0	 indicator = 1	 ring_id = 0
10-23 14:57:12.517   996   996 I CNSS    : EVENT_WLAN_LOG_COMPLETE event received Reason code 0	 indicator = 1	 ring_id = 1
10-23 14:57:12.517   996   996 I CNSS    : EVENT_WLAN_LOG_COMPLETE event received Reason code 0	 indicator = 1	 ring_id = 4
10-23 14:57:12.519  1550  2182 D WifiLastResortWatchdog: updateFailureCountForNetwork: Unable to find Network ["old_wang_5G", f4:83:cd:9a:2e:ab]
10-23 14:57:12.520  1550  2182 D WifiStateMachine: state is CONNECTING,not bc.
10-23 14:57:12.521  1550  2182 D OppoWifiConnectionAlert: MC=false,mwk=0,maf=0,mar=10
10-23 14:57:12.524  2750  2750 D DPMJ    : |SERVICE| DPM received action android.net.wifi.STATE_CHANGE
10-23 14:57:12.524  1550  3500 I WifiService: getWifiApConfiguration uid=1002
10-23 14:57:12.524  1550  1550 D OppoWifiSharingManager: wifi connect state = DISCONNECTED
10-23 14:57:12.524  1550  1550 D OppoSilenceRecovery: actionandroid.net.wifi.STATE_CHANGE
10-23 14:57:12.524  1550  1550 D OppoSilenceRecovery: wifi connect state =DISCONNECTED
10-23 14:57:12.525  1550  2182 E SupplicantStateTracker: Ignoring { when=-11ms what=147499 target=com.android.internal.util.StateMachine$SmHandler }
10-23 14:57:12.527  2750  2750 I DPMJ    : |SERVICE| sendWifiStatus - subType: 21 networkState: 4 softApState: 11 rssi=0 ssid= bssid=00:00:00:00:00:00 ipV4Addr= ifNameV4= ipAddrV6= ifNameV6=
10-23 14:57:12.527  1467  1467 D mirror  : WifiChangeReceiver wifi change isConnectedfalse
10-23 14:57:12.529  1550  1645 W BroadcastQueue: Background execution not allowed: receiving Intent { act=android.net.wifi.STATE_CHANGE flg=0x24000010 (has extras) } to com.android.mms/com.chinamobile.aisms.sdk.LocalBroadcastManager
10-23 14:57:12.530  1550  1645 W BroadcastQueue: Background execution not allowed: receiving Intent { act=android.net.wifi.STATE_CHANGE flg=0x24000010 (has extras) } to com.ted.number/com.chinamobile.aisms.sdk.LocalBroadcastManager
10-23 14:57:12.537  1550  2182 D WifiStateMachine: CMD_START_CONNECT sup state DisconnectedState my state DisconnectedState nid=9 roam=false
10-23 14:57:12.537   813   813 V LocSvc_HIDL_IzatSubscription: [wifiSupplicantStatusUpdate][670] [HS] <<<<= [HC]
