10-23 14:56:12.160   871   871 I wpa_supplicant: wlan0: OWN MAC adrress: c4:e3:9f:22:11:19
10-23 14:56:12.166   871   871 E wpa_supplicant: eap_proxy: eap_proxy_notify_config
10-23 14:56:12.166   871   871 E wpa_supplicant: eap_proxy: eap_proxy_allowed_method
10-23 14:56:12.166   871   871 E wpa_supplicant: eap_proxy: config or eap_methods is null
10-23 14:56:12.166   871   871 E wpa_supplicant: eap_proxy: eap_proxy_allowed_method
10-23 14:56:12.166   871   871 E wpa_supplicant: eap_proxy: config or eap_methods is null
10-23 14:56:12.166   871   871 E wpa_supplicant: eap_proxy: eap_proxy_allowed_method
10-23 14:56:12.166   871   871 E wpa_supplicant: eap_proxy: config or eap_methods is null
10-23 14:56:12.174   813   813 V LocSvc_HIDL_IzatSubscription: [wifiSupplicantStatusUpdate][670] [HS] <<<<= [HC]
10-23 14:56:12.178 14164 14164 D baidu_location_service: WifiScan finished, in callback.
10-23 14:56:12.189  1550  1710 I chatty  : uid=1000(system) android.fg expire 16 lines
10-23 14:56:12.191   871   871 I wpa_supplicant: wlan0: CTRL-EVENT-ASSOC-REJECT bssid=f4:83:cd:9a:2e:ab status_code=37
10-23 14:56:12.191   871   871 I wpa_supplicant: wlan0: CTRL-EVENT-SSID-TEMP-DISABLED id=0 ssid="old_wang_5G" auth_failures=1 duration=5 reason=CONN_FAILED
10-23 14:56:12.191   805   874 I WifiHAL : Fate Tx-Rx: Packet fate stats stop received
10-23 14:56:12.192   871   871 E wpa_supplicant: eap_proxy: eap_proxy_notify_config
10-23 14:56:12.194   996   996 I CNSS    : EVENT_WLAN_LOG_COMPLETE event received Reason code 0	 indicator = 1	 ring_id = 0
10-23 14:56:12.195   996   996 I CNSS    : EVENT_WLAN_LOG_COMPLETE event received Reason code 0	 indicator = 1	 ring_id = 1
10-23 14:56:12.197   805   805 E WifiHAL : wifi_get_ring_data: Error -5 happened. 
10-23 14:56:12.199   996   996 I CNSS    : EVENT_WLAN_LOG_COMPLETE event received Reason code 0	 indicator = 1	 ring_id = 4
10-23 14:56:12.216  2750  2750 D DPMJ    : |SERVICE| DPM received action android.net.wifi.STATE_CHANGE
10-23 14:56:12.218  1550  2740 I chatty  : uid=1000(system) Binder:1550_8 expire 10 lines
10-23 14:56:12.218  2750  2750 I DPMJ    : |SERVICE| sendWifiStatus - subType: 21 networkState: 4 softApState: 11 rssi=0 ssid= bssid=00:00:00:00:00:00 ipV4Addr= ifNameV4= ipAddrV6= ifNameV6=
10-23 14:56:12.220  1550  1645 W BroadcastQueue: Background execution not allowed: receiving Intent { act=android.net.wifi.STATE_CHANGE flg=0x24000010 (has extras) } to com.android.mms/com.chinamobile.aisms.sdk.LocalBroadcastManager
10-23 14:56:12.220  1550  1645 W BroadcastQueue: Background execution not allowed: receiving Intent { act=android.net.wifi.STATE_CHANGE flg=0x24000010 (has extras) } to com.ted.number/com.chinamobile.aisms.sdk.LocalBroadcastManager
10-23 14:56:12.220  1467  1467 D mirror  : WifiChangeReceiver wifi change isConnectedfalse
10-23 14:56:12.230   813   813 V LocSvc_HIDL_IzatSubscription: [wifiSupplicantStatusUpdate][670] [HS] <<<<= [HC]
10-23 14:56:12.232  2582  2582 W BluetoothAdapterService: mWifiStateBroadcastReceiver: wifi state false 
10-23 14:56:12.232  2582  2582 D BluetoothVendorService: setWifiState to: false
10-23 14:56:12.232  2582  2582 I BluetoothVendorJni: setWifiStateNative
10-23 14:56:12.233  2582  2582 I bt_btif_vendor: setWifiState :0
10-23 14:56:12.235  1202  1202 W wificond: Scan aborted
10-23 14:56:12.237   871   871 I wpa_supplicant: getCapabilitiesInternal capabilities: NONE IEEE8021X WPA-EAP WPA-PSK WPA-EAP-SUITE-B WPA-EAP-SUITE-B-192 OWE DPP FILS-SHA256 FILS-SHA384
10-23 14:56:12.240   871   871 I wpa_supplicant: wlan0: CTRL-EVENT-SSID-REENABLED id=0 ssid="old_wang_5G"
10-23 14:56:12.241   871   871 E wpa_supplicant: eap_proxy: eap_proxy_notify_config
10-23 14:56:12.243   871   871 I wpa_supplicant: wlan0: Trying to associate with SSID 'old_wang_5G'
10-23 14:56:12.243   871   871 I wpa_supplicant: wlan0: OWN MAC adrress: c4:e3:9f:22:11:19
10-23 14:56:12.247   871   871 E wpa_supplicant: eap_proxy: eap_proxy_notify_config
10-23 14:56:12.247   871   871 E wpa_supplicant: eap_proxy: eap_proxy_allowed_method
10-23 14:56:12.248   871   871 E wpa_supplicant: eap_proxy: config or eap_methods is null
10-23 14:56:12.248   871   871 E wpa_supplicant: eap_proxy: eap_proxy_allowed_method
10-23 14:56:12.248   871   871 E wpa_supplicant: eap_proxy: config or eap_methods is null
10-23 14:56:12.248   871   871 E wpa_supplicant: eap_proxy: eap_proxy_allowed_method
10-23 14:56:12.248   871   871 E wpa_supplicant: eap_proxy: config or eap_methods is null
10-23 14:56:12.255   813   813 V LocSvc_HIDL_IzatSubscription: [wifiSupplicantStatusUpdate][670] [HS] <<<<= [HC]
10-23 14:56:12.260 14164 14164 D baidu_location_service: WifiScan finished, in callback.
10-23 14:56:12.276   805   874 I WifiHAL : Fate Tx-Rx: Packet fate stats stop received
10-23 14:56:12.277   871   871 I wpa_supplicant: wlan0: CTRL-EVENT-ASSOC-REJECT bssid=f4:83:cd:9a:2e:ab status_code=37
10-23 14:56:12.277   871   871 I wpa_supplicant: wlan0: CTRL-EVENT-SSID-TEMP-DISABLED id=0 ssid="old_wang_5G" auth_failures=1 duration=5 reason=CONN_FAILED
10-23 14:56:12.278   871   871 E wpa_supplicant: eap_proxy: eap_proxy_notify_config
10-23 14:56:12.280   996   996 I CNSS    : EVENT_WLAN_LOG_COMPLETE event received Reason code 0	 indicator = 1	 ring_id = 0
10-23 14:56:12.281   996   996 I CNSS    : EVENT_WLAN_LOG_COMPLETE event received Reason code 0	 indicator = 1	 ring_id = 1
10-23 14:56:12.282   805   805 E WifiHAL : wifi_get_ring_data: Error -5 happened. 
10-23 14:56:12.284   996   996 I CNSS    : EVENT_WLAN_LOG_COMPLETE event received Reason code 0	 indicator = 1	 ring_id = 4
10-23 14:56:12.299  1550  1645 W BroadcastQueue: Background execution not allowed: receiving Intent { act=android.net.wifi.STATE_CHANGE flg=0x24000010 (has extras) } to com.android.mms/com.chinamobile.aisms.sdk.LocalBroadcastManager
10-23 14:56:12.299  1550  1645 W BroadcastQueue: Background execution not allowed: receiving Intent { act=android.net.wifi.STATE_CHANGE flg=0x24000010 (has extras) } to com.ted.number/com.chinamobile.aisms.sdk.LocalBroadcastManager
10-23 14:56:12.300  1467  1467 D mirror  : WifiChangeReceiver wifi change isConnectedfalse
10-23 14:56:12.302  2750  2750 D DPMJ    : |SERVICE| DPM received action android.net.wifi.STATE_CHANGE
10-23 14:56:12.303  1550  3487 I chatty  : uid=1000(system) Binder:1550_11 expire 6 lines
10-23 14:56:12.304  2750  2750 I DPMJ    : |SERVICE| sendWifiStatus - subType: 21 networkState: 4 softApState: 11 rssi=0 ssid= bssid=00:00:00:00:00:00 ipV4Addr= ifNameV4= ipAddrV6= ifNameV6=
10-23 14:56:12.315   813   813 V LocSvc_HIDL_IzatSubscription: [wifiSupplicantStatusUpdate][670] [HS] <<<<= [HC]
10-23 14:56:12.316  2582  2582 W BluetoothAdapterService: mWifiStateBroadcastReceiver: wifi state false 
10-23 14:56:12.316  2582  2582 D BluetoothVendorService: setWifiState to: false
10-23 14:56:12.316  2582  2582 I BluetoothVendorJni: setWifiStateNative
10-23 14:56:12.316  2582  2582 I bt_btif_vendor: setWifiState :0
10-23 14:56:12.318  1202  1202 W wificond: Scan aborted
10-23 14:56:12.320   871   871 I wpa_supplicant: getCapabilitiesInternal capabilities: NONE IEEE8021X WPA-EAP WPA-PSK WPA-EAP-SUITE-B WPA-EAP-SUITE-B-192 OWE DPP FILS-SHA256 FILS-SHA384
10-23 14:56:12.323   871   871 I wpa_supplicant: wlan0: CTRL-EVENT-SSID-REENABLED id=0 ssid="old_wang_5G"
10-23 14:56:12.324   871   871 E wpa_supplicant: eap_proxy: eap_proxy_notify_config
10-23 14:56:12.325   871   871 I wpa_supplicant: wlan0: Trying to associate with SSID 'old_wang_5G'
10-23 14:56:12.325   871   871 I wpa_supplicant: wlan0: OWN MAC adrress: c4:e3:9f:22:11:19
10-23 14:56:12.327   871   871 E wpa_supplicant: eap_proxy: eap_proxy_notify_config
10-23 14:56:12.327   871   871 E wpa_supplicant: eap_proxy: eap_proxy_allowed_method
10-23 14:56:12.327   871   871 E wpa_supplicant: eap_proxy: config or eap_methods is null
10-23 14:56:12.327   871   871 E wpa_supplicant: eap_proxy: eap_proxy_allowed_method
10-23 14:56:12.327   871   871 E wpa_supplicant: eap_proxy: config or eap_methods is null
10-23 14:56:12.327   871   871 E wpa_supplicant: eap_proxy: eap_proxy_allowed_method
10-23 14:56:12.327   871   871 E wpa_supplicant: eap_proxy: config or eap_methods is null
10-23 14:56:12.334   813   813 V LocSvc_HIDL_IzatSubscription: [wifiSupplicantStatusUpdate][670] [HS] <<<<= [HC]
10-23 14:56:12.339 14164 14164 D baidu_location_service: WifiScan finished, in callback.
10-23 14:56:12.356   805   874 I WifiHAL : Fate Tx-Rx: Packet fate stats stop received
10-23 14:56:12.357   871   871 I wpa_supplicant: wlan0: CTRL-EVENT-ASSOC-REJECT bssid=f4:83:cd:9a:2e:ab status_code=37
10-23 14:56:12.357   871   871 I wpa_supplicant: wlan0: CTRL-EVENT-SSID-TEMP-DISABLED id=0 ssid="old_wang_5G" auth_failures=1 duration=5 reason=CONN_FAILED
10-23 14:56:12.359   871   871 E wpa_supplicant: eap_proxy: eap_proxy_notify_config
10-23 14:56:12.361   996   996 I CNSS    : EVENT_WLAN_LOG_COMPLETE event received Reason code 0	 indicator = 1	 ring_id = 0
10-23 14:56:12.363   996   996 I CNSS    : EVENT_WLAN_LOG_COMPLETE event received Reason code 0	 indicator = 1	 ring_id = 1
10-23 14:56:12.366   805   805 E WifiHAL : wifi_get_ring_data: Error -5 happened. 
10-23 14:56:12.369   996   996 I CNSS    : EVENT_WLAN_LOG_COMPLETE event received Reason code 0	 indicator = 1	 ring_id = 4
10-23 14:56:12.387  1550  1645 W BroadcastQueue: Background execution not allowed: receiving Intent { act=android.net.wifi.STATE_CHANGE flg=0x24000010 (has extras) } to com.android.mms/com.chinamobile.aisms.sdk.LocalBroadcastManager
10-23 14:56:12.387  1550  1645 W BroadcastQueue: Background execution not allowed: receiving Intent { act=android.net.wifi.STATE_CHANGE flg=0x24000010 (has extras) } to com.ted.number/com.chinamobile.aisms.sdk.LocalBroadcastManager
10-23 14:56:12.388  1467  1467 D mirror  : WifiChangeReceiver wifi change isConnectedfalse
10-23 14:56:12.389  2750  2750 D DPMJ    : |SERVICE| DPM received action android.net.wifi.STATE_CHANGE
10-23 14:56:12.390  2750  2750 I DPMJ    : |SERVICE| sendWifiStatus - subType: 21 networkState: 4 softApState: 11 rssi=0 ssid= bssid=00:00:00:00:00:00 ipV4Addr= ifNameV4= ipAddrV6= ifNameV6=
10-23 14:56:12.401   813   813 V LocSvc_HIDL_IzatSubscription: [wifiSupplicantStatusUpdate][670] [HS] <<<<= [HC]
10-23 14:56:12.403  2582  2582 W BluetoothAdapterService: mWifiStateBroadcastReceiver: wifi state false 
10-23 14:56:12.403  2582  2582 D BluetoothVendorService: setWifiState to: false
10-23 14:56:12.403  2582  2582 I BluetoothVendorJni: setWifiStateNative
10-23 14:56:12.403  2582  2582 I bt_btif_vendor: setWifiState :0
10-23 14:56:12.407  1202  1202 W wificond: Scan aborted
10-23 14:56:12.408   871   871 I wpa_supplicant: getCapabilitiesInternal capabilities: NONE IEEE8021X WPA-EAP WPA-PSK WPA-EAP-SUITE-B WPA-EAP-SUITE-B-192 OWE DPP FILS-SHA256 FILS-SHA384
10-23 14:56:12.411   871   871 I wpa_supplicant: wlan0: CTRL-EVENT-SSID-REENABLED id=0 ssid="old_wang_5G"
10-23 14:56:12.411   871   871 E wpa_supplicant: eap_proxy: eap_proxy_notify_config
10-23 14:56:12.414   871   871 I wpa_supplicant: wlan0: Trying to associate with SSID 'old_wang_5G'
10-23 14:56:12.414   871   871 I wpa_supplicant: wlan0: OWN MAC adrress: c4:e3:9f:22:11:19
10-23 14:56:12.419   871   871 E wpa_supplicant: eap_proxy: eap_proxy_notify_config
10-23 14:56:12.419   871   871 E wpa_supplicant: eap_proxy: eap_proxy_allowed_method
10-23 14:56:12.419   871   871 E wpa_supplicant: eap_proxy: config or eap_methods is null
10-23 14:56:12.419   871   871 E wpa_supplicant: eap_proxy: eap_proxy_allowed_method
10-23 14:56:12.419   871   871 E wpa_supplicant: eap_proxy: config or eap_methods is null
10-23 14:56:12.419   871   871 E wpa_supplicant: eap_proxy: eap_proxy_allowed_method
10-23 14:56:12.419   871   871 E wpa_supplicant: eap_proxy: config or eap_methods is null
10-23 14:56:12.424   813   813 V LocSvc_HIDL_IzatSubscription: [wifiSupplicantStatusUpdate][670] [HS] <<<<= [HC]
10-23 14:56:12.429 14164 14164 D baidu_location_service: WifiScan finished, in callback.
10-23 14:56:12.446   871   871 I wpa_supplicant: wlan0: CTRL-EVENT-ASSOC-REJECT bssid=f4:83:cd:9a:2e:ab status_code=37
10-23 14:56:12.446   805   874 I WifiHAL : Fate Tx-Rx: Packet fate stats stop received
10-23 14:56:12.447   871   871 I wpa_supplicant: wlan0: CTRL-EVENT-SSID-TEMP-DISABLED id=0 ssid="old_wang_5G" auth_failures=1 duration=5 reason=CONN_FAILED
10-23 14:56:12.448   871   871 E wpa_supplicant: eap_proxy: eap_proxy_notify_config
10-23 14:56:12.449   996   996 I CNSS    : EVENT_WLAN_LOG_COMPLETE event received Reason code 0	 indicator = 1	 ring_id = 0
10-23 14:56:12.451   996   996 I CNSS    : EVENT_WLAN_LOG_COMPLETE event received Reason code 0	 indicator = 1	 ring_id = 1
10-23 14:56:12.453   805   805 E WifiHAL : wifi_get_ring_data: Error -5 happened. 
10-23 14:56:12.455   996   996 I CNSS    : EVENT_WLAN_LOG_COMPLETE event received Reason code 0	 indicator = 1	 ring_id = 4
10-23 14:56:12.473  2750  2750 D DPMJ    : |SERVICE| DPM received action android.net.wifi.STATE_CHANGE
10-23 14:56:12.476  2750  2750 I DPMJ    : |SERVICE| sendWifiStatus - subType: 21 networkState: 4 softApState: 11 rssi=0 ssid= bssid=00:00:00:00:00:00 ipV4Addr= ifNameV4= ipAddrV6= ifNameV6=
10-23 14:56:12.477  1467  1467 D mirror  : WifiChangeReceiver wifi change isConnectedfalse
10-23 14:56:12.480  1550  1645 W BroadcastQueue: Background execution not allowed: receiving Intent { act=android.net.wifi.STATE_CHANGE flg=0x24000010 (has extras) } to com.android.mms/com.chinamobile.aisms.sdk.LocalBroadcastManager
10-23 14:56:12.480  1550  1645 W BroadcastQueue: Background execution not allowed: receiving Intent { act=android.net.wifi.STATE_CHANGE flg=0x24000010 (has extras) } to com.ted.number/com.chinamobile.aisms.sdk.LocalBroadcastManager
10-23 14:56:12.489  2582  2582 W BluetoothAdapterService: mWifiStateBroadcastReceiver: wifi state false 
10-23 14:56:12.489  2582  2582 D BluetoothVendorService: setWifiState to: false
10-23 14:56:12.489  2582  2582 I BluetoothVendorJni: setWifiStateNative
10-23 14:56:12.489  2582  2582 I bt_btif_vendor: setWifiState :0
10-23 14:56:12.490   813   813 V LocSvc_HIDL_IzatSubscription: [wifiSupplicantStatusUpdate][670] [HS] <<<<= [HC]
10-23 14:56:12.493  1202  1202 W wificond: Scan aborted
10-23 14:56:12.495   871   871 I wpa_supplicant: getCapabilitiesInternal capabilities: NONE IEEE8021X WPA-EAP WPA-PSK WPA-EAP-SUITE-B WPA-EAP-SUITE-B-192 OWE DPP FILS-SHA256 FILS-SHA384
10-23 14:56:12.499   871   871 I wpa_supplicant: wlan0: CTRL-EVENT-SSID-REENABLED id=0 ssid="old_wang_5G"
10-23 14:56:12.501   871   871 E wpa_supplicant: eap_proxy: eap_proxy_notify_config
10-23 14:56:12.502   871   871 I wpa_supplicant: wlan0: Trying to associate with SSID 'old_wang_5G'
10-23 14:56:12.502   871   871 I wpa_supplicant: wlan0: OWN MAC adrress: c4:e3:9f:22:11:19
10-23 14:56:12.506   871   871 E wpa_supplicant: eap_proxy: eap_proxy_notify_config
10-23 14:56:12.506   871   871 E wpa_supplicant: eap_proxy: eap_proxy_allowed_method
10-23 14:56:12.506   871   871 E wpa_supplicant: eap_proxy: config or eap_methods is null
10-23 14:56:12.506   871   871 E wpa_supplicant: eap_proxy: eap_proxy_allowed_method
10-23 14:56:12.506   871   871 E wpa_supplicant: eap_proxy: config or eap_methods is null
10-23 14:56:12.506   871   871 E wpa_supplicant: eap_proxy: eap_proxy_allowed_method
10-23 14:56:12.506   871   871 E wpa_supplicant: eap_proxy: config or eap_methods is null
10-23 14:56:12.513   813   813 V LocSvc_HIDL_IzatSubscription: [wifiSupplicantStatusUpdate][670] [HS] <<<<= [HC]
10-23 14:56:12.517 14164 14164 D baidu_location_service: WifiScan finished, in callback.
10-23 14:56:12.532   805   874 I WifiHAL : Fate Tx-Rx: Packet fate stats stop received
10-23 14:56:12.533   871   871 I wpa_supplicant: wlan0: CTRL-EVENT-ASSOC-REJECT bssid=f4:83:cd:9a:2e:ab status_code=37
10-23 14:56:12.533   871   871 I wpa_supplicant: wlan0: CTRL-EVENT-SSID-TEMP-DISABLED id=0 ssid="old_wang_5G" auth_failures=1 duration=5 reason=CONN_FAILED
10-23 14:56:12.535   871   871 E wpa_supplicant: eap_proxy: eap_proxy_notify_config
10-23 14:56:12.536   996   996 I CNSS    : EVENT_WLAN_LOG_COMPLETE event received Reason code 0	 indicator = 1	 ring_id = 0
10-23 14:56:12.538   996   996 I CNSS    : EVENT_WLAN_LOG_COMPLETE event received Reason code 0	 indicator = 1	 ring_id = 1
10-23 14:56:12.540   805   805 E WifiHAL : wifi_get_ring_data: Error -5 happened. 
10-23 14:56:12.542   996   996 I CNSS    : EVENT_WLAN_LOG_COMPLETE event received Reason code 0	 indicator = 1	 ring_id = 4
10-23 14:56:12.558  2750  2750 D DPMJ    : |SERVICE| DPM received action android.net.wifi.STATE_CHANGE
10-23 14:56:12.561  2750  2750 I DPMJ    : |SERVICE| sendWifiStatus - subType: 21 networkState: 4 softApState: 11 rssi=0 ssid= bssid=00:00:00:00:00:00 ipV4Addr= ifNameV4= ipAddrV6= ifNameV6=
10-23 14:56:12.562  1550  1645 W BroadcastQueue: Background execution not allowed: receiving Intent { act=android.net.wifi.STATE_CHANGE flg=0x24000010 (has extras) } to com.android.mms/com.chinamobile.aisms.sdk.LocalBroadcastManager
10-23 14:56:12.562  1550  1645 W BroadcastQueue: Background execution not allowed: receiving Intent { act=android.net.wifi.STATE_CHANGE flg=0x24000010 (has extras) } to com.ted.number/com.chinamobile.aisms.sdk.LocalBroadcastManager
10-23 14:56:12.562  1467  1467 D mirror  : WifiChangeReceiver wifi change isConnectedfalse
10-23 14:56:12.572   813   813 V LocSvc_HIDL_IzatSubscription: [wifiSupplicantStatusUpdate][670] [HS] <<<<= [HC]
10-23 14:56:12.575  2582  2582 W BluetoothAdapterService: mWifiStateBroadcastReceiver: wifi state false 
10-23 14:56:12.575  2582  2582 D BluetoothVendorService: setWifiState to: false
10-23 14:56:12.575  2582  2582 I BluetoothVendorJni: setWifiStateNative
10-23 14:56:12.575  2582  2582 I bt_btif_vendor: setWifiState :0
10-23 14:56:12.577  1202  1202 W wificond: Scan aborted
10-23 14:56:12.580   871   871 I wpa_supplicant: getCapabilitiesInternal capabilities: NONE IEEE8021X WPA-EAP WPA-PSK WPA-EAP-SUITE-B WPA-EAP-SUITE-B-192 OWE DPP FILS-SHA256 FILS-SHA384
10-23 14:56:12.584   871   871 I wpa_supplicant: wlan0: CTRL-EVENT-SSID-REENABLED id=0 ssid="old_wang_5G"
10-23 14:56:12.586   871   871 E wpa_supplicant: eap_proxy: eap_proxy_notify_config
10-23 14:56:12.587   871   871 I wpa_supplicant: wlan0: Trying to associate with SSID 'old_wang_5G'
10-23 14:56:12.587   871   871 I wpa_supplicant: wlan0: OWN MAC adrress: c4:e3:9f:22:11:19
10-23 14:56:12.592   871   871 E wpa_supplicant: eap_proxy: eap_proxy_notify_config
10-23 14:56:12.592   871   871 E wpa_supplicant: eap_proxy: eap_proxy_allowed_method
10-23 14:56:12.592   871   871 E wpa_supplicant: eap_proxy: config or eap_methods is null
10-23 14:56:12.592   871   871 E wpa_supplicant: eap_proxy: eap_proxy_allowed_method
10-23 14:56:12.592   871   871 E wpa_supplicant: eap_proxy: config or eap_methods is null
10-23 14:56:12.592   871   871 E wpa_supplicant: eap_proxy: eap_proxy_allowed_method
10-23 14:56:12.592   871   871 E wpa_supplicant: eap_proxy: config or eap_methods is null
10-23 14:56:12.600   813   813 V LocSvc_HIDL_IzatSubscription: [wifiSupplicantStatusUpdate][670] [HS] <<<<= [HC]
10-23 14:56:12.602 14164 14164 D baidu_location_service: WifiScan finished, in callback.
10-23 14:56:12.615   871   871 I wpa_supplicant: wlan0: CTRL-EVENT-ASSOC-REJECT bssid=f4:83:cd:9a:2e:ab status_code=37
10-23 14:56:12.615   871   871 I wpa_supplicant: wlan0: CTRL-EVENT-SSID-TEMP-DISABLED id=0 ssid="old_wang_5G" auth_failures=1 duration=5 reason=CONN_FAILED
10-23 14:56:12.616   805   874 I WifiHAL : Fate Tx-Rx: Packet fate stats stop received
10-23 14:56:12.617   871   871 E wpa_supplicant: eap_proxy: eap_proxy_notify_config
10-23 14:56:12.619   996   996 I CNSS    : EVENT_WLAN_LOG_COMPLETE event received Reason code 0	 indicator = 1	 ring_id = 0
10-23 14:56:12.620   996   996 I CNSS    : EVENT_WLAN_LOG_COMPLETE event received Reason code 0	 indicator = 1	 ring_id = 1
10-23 14:56:12.620   805   805 E WifiHAL : wifi_get_ring_data: Error -5 happened. 
10-23 14:56:12.622   996   996 I CNSS    : EVENT_WLAN_LOG_COMPLETE event received Reason code 0	 indicator = 1	 ring_id = 4
10-23 14:56:12.638  2750  2750 D DPMJ    : |SERVICE| DPM received action android.net.wifi.STATE_CHANGE
10-23 14:56:12.640  2750  2750 I DPMJ    : |SERVICE| sendWifiStatus - subType: 21 networkState: 4 softApState: 11 rssi=0 ssid= bssid=00:00:00:00:00:00 ipV4Addr= ifNameV4= ipAddrV6= ifNameV6=
10-23 14:56:12.643  1467  1467 D mirror  : WifiChangeReceiver wifi change isConnectedfalse
10-23 14:56:12.645  1550  1645 W BroadcastQueue: Background execution not allowed: receiving Intent { act=android.net.wifi.STATE_CHANGE flg=0x24000010 (has extras) } to com.android.mms/com.chinamobile.aisms.sdk.LocalBroadcastManager
10-23 14:56:12.645  1550  1645 W BroadcastQueue: Background execution not allowed: receiving Intent { act=android.net.wifi.STATE_CHANGE flg=0x24000010 (has extras) } to com.ted.number/com.chinamobile.aisms.sdk.LocalBroadcastManager
10-23 14:56:12.651   813   813 V LocSvc_HIDL_IzatSubscription: [wifiSupplicantStatusUpdate][670] [HS] <<<<= [HC]
10-23 14:56:12.654  2582  2582 W BluetoothAdapterService: mWifiStateBroadcastReceiver: wifi state false 
10-23 14:56:12.654  2582  2582 D BluetoothVendorService: setWifiState to: false
10-23 14:56:12.654  2582  2582 I BluetoothVendorJni: setWifiStateNative
10-23 14:56:12.654  2582  2582 I bt_btif_vendor: setWifiState :0
10-23 14:56:12.655  1202  1202 W wificond: Scan aborted
10-23 14:56:12.657   871   871 I wpa_supplicant: getCapabilitiesInternal capabilities: NONE IEEE8021X WPA-EAP WPA-PSK WPA-EAP-SUITE-B WPA-EAP-SUITE-B-192 OWE DPP FILS-SHA256 FILS-SHA384
10-23 14:56:12.660   871   871 I wpa_supplicant: wlan0: CTRL-EVENT-SSID-REENABLED id=0 ssid="old_wang_5G"
10-23 14:56:12.660   871   871 E wpa_supplicant: eap_proxy: eap_proxy_notify_config
10-23 14:56:12.662   871   871 I wpa_supplicant: wlan0: Trying to associate with SSID 'old_wang_5G'
10-23 14:56:12.662   871   871 I wpa_supplicant: wlan0: OWN MAC adrress: c4:e3:9f:22:11:19
10-23 14:56:12.665   871   871 E wpa_supplicant: eap_proxy: eap_proxy_notify_config
10-23 14:56:12.665   871   871 E wpa_supplicant: eap_proxy: eap_proxy_allowed_method
10-23 14:56:12.666   871   871 E wpa_supplicant: eap_proxy: config or eap_methods is null
10-23 14:56:12.666   871   871 E wpa_supplicant: eap_proxy: eap_proxy_allowed_method
10-23 14:56:12.666   871   871 E wpa_supplicant: eap_proxy: config or eap_methods is null
10-23 14:56:12.666   871   871 E wpa_supplicant: eap_proxy: eap_proxy_allowed_method
10-23 14:56:12.666   871   871 E wpa_supplicant: eap_proxy: config or eap_methods is null
10-23 14:56:12.671   813   813 V LocSvc_HIDL_IzatSubscription: [wifiSupplicantStatusUpdate][670] [HS] <<<<= [HC]
10-23 14:56:12.675 14164 14164 D baidu_location_service: WifiScan finished, in callback.
10-23 14:56:12.687   871   871 I wpa_supplicant: wlan0: CTRL-EVENT-ASSOC-REJECT bssid=f4:83:cd:9a:2e:ab status_code=37
10-23 14:56:12.687   805   874 I WifiHAL : Fate Tx-Rx: Packet fate stats stop received
10-23 14:56:12.688   871   871 I wpa_supplicant: wlan0: CTRL-EVENT-SSID-TEMP-DISABLED id=0 ssid="old_wang_5G" auth_failures=1 duration=5 reason=CONN_FAILED
10-23 14:56:12.689   871   871 E wpa_supplicant: eap_proxy: eap_proxy_notify_config
10-23 14:56:12.691   996   996 I CNSS    : EVENT_WLAN_LOG_COMPLETE event received Reason code 0	 indicator = 1	 ring_id = 0
10-23 14:56:12.692   996   996 I CNSS    : EVENT_WLAN_LOG_COMPLETE event received Reason code 0	 indicator = 1	 ring_id = 1
10-23 14:56:12.694   805   805 E WifiHAL : wifi_get_ring_data: Error -5 happened. 
10-23 14:56:12.695   996   996 I CNSS    : EVENT_WLAN_LOG_COMPLETE event received Reason code 0	 indicator = 1	 ring_id = 4
10-23 14:56:12.708   623   623 D CriticalLog: etCriticalDataToCache find in cache  mDataCache[800]=800:WiFi连接失败:2918, data=800:WiFi连接失败:2919
10-23 14:56:12.708   623   623 D CriticalLog: criticallog, isReachLimit id = 800 thisVsersionCount = 2919, historyCount = 3001
10-23 14:56:12.710   623   623 D CriticalLog: etCriticalDataToCache find in cache  mDataCache[1824]=800:WiFi连接失败:3000, data=800:WiFi连接失败:3001
10-23 14:56:12.710   623   623 D CriticalLog: criticallog, isReachLimit id = 1824 thisVsersionCount = 2919, historyCount = 3001
10-23 14:56:12.712   871   871 I wpa_supplicant: Try to unregister vendor STA network
10-23 14:56:12.731  2750  2750 D DPMJ    : |SERVICE| DPM received action android.net.wifi.STATE_CHANGE
10-23 14:56:12.732  1550  2742 I chatty  : uid=1000(system) Binder:1550_9 expire 10 lines
10-23 14:56:12.735   623   623 D CriticalLog: etCriticalDataToCache find in cache  mDataCache[800]=800:WiFi连接失败:2918, data=800:WiFi连接失败:2919
10-23 14:56:12.735   623   623 D CriticalLog: criticallog, isReachLimit id = 800 thisVsersionCount = 2919, historyCount = 3001
10-23 14:56:12.736   623   623 D CriticalLog: etCriticalDataToCache find in cache  mDataCache[1824]=800:WiFi连接失败:3000, data=800:WiFi连接失败:3001
10-23 14:56:12.736  1550  1645 W BroadcastQueue: Background execution not allowed: receiving Intent { act=android.net.wifi.STATE_CHANGE flg=0x24000010 (has extras) } to com.android.mms/com.chinamobile.aisms.sdk.LocalBroadcastManager
10-23 14:56:12.736   623   623 D CriticalLog: criticallog, isReachLimit id = 1824 thisVsersionCount = 2919, historyCount = 3001
10-23 14:56:12.736  1550  1645 W BroadcastQueue: Background execution not allowed: receiving Intent { act=android.net.wifi.STATE_CHANGE flg=0x24000010 (has extras) } to com.ted.number/com.chinamobile.aisms.sdk.LocalBroadcastManager
10-23 14:56:12.737  1467  1467 D mirror  : WifiChangeReceiver wifi change isConnectedfalse
10-23 14:56:12.737  2750  2750 I DPMJ    : |SERVICE| sendWifiStatus - subType: 21 networkState: 4 softApState: 11 rssi=0 ssid= bssid=00:00:00:00:00:00 ipV4Addr= ifNameV4= ipAddrV6= ifNameV6=
10-23 14:56:12.741   813   813 V LocSvc_HIDL_IzatSubscription: [wifiSupplicantStatusUpdate][670] [HS] <<<<= [HC]
10-23 14:56:12.749  2582  2582 W BluetoothAdapterService: mWifiStateBroadcastReceiver: wifi state false 
10-23 14:56:12.750  2582  2582 D BluetoothVendorService: setWifiState to: false
10-23 14:56:12.750  2582  2582 I BluetoothVendorJni: setWifiStateNative
10-23 14:56:12.750  2582  2582 I bt_btif_vendor: setWifiState :0
10-23 14:56:13.270   730   756 E NetlinkEvent: NetlinkEvent::FindParam(): Parameter 'INTERFACE' not found
10-23 14:56:13.270   730   756 E NetlinkEvent: NetlinkEvent::FindParam(): Parameter 'STATE' not found
10-23 14:56:13.270   730   756 E NetlinkEvent: NetlinkEvent::FindParam(): Parameter 'TIME_NS' not found
10-23 14:56:13.270   730   756 E NetlinkEvent: NetlinkEvent::FindParam(): Parameter 'UID' not found
10-23 14:56:14.119   730   756 E NetlinkEvent: NetlinkEvent::FindParam(): Parameter 'INTERFACE' not found
10-23 14:56:14.119   730   756 E NetlinkEvent: NetlinkEvent::FindParam(): Parameter 'STATE' not found
10-23 14:56:14.119   730   756 E NetlinkEvent: NetlinkEvent::FindParam(): Parameter 'TIME_NS' not found
10-23 14:56:14.119   730   756 E NetlinkEvent: NetlinkEvent::FindParam(): Parameter 'UID' not found
10-23 14:56:14.648 14164 14164 D baidu_location_service: WifiScan finished, in callback.
10-23 14:56:14.834   996   996 I CNSS    : EVENT_WLAN_LOG_COMPLETE event received Reason code 0	 indicator = 1	 ring_id = 3
10-23 14:56:14.836   996   996 I CNSS    : Failed to open /proc/ath_pktlog/cld file with error code = Permission denied
10-23 14:56:14.836   996   996 I CNSS    : Failed to capture pktlog
10-23 14:56:14.980   813   813 V LocSvc_HIDL_IzatSubscription: [batteryLevelUpdate][772] [HS] <<<<= [HC]
10-23 14:56:15.233  1040  1069 D         : thermal_monitor msm_therm: open fail -1
10-23 14:56:15.233  1040  1069 D         : thermal_monitor gpu0-usr: open fail -1
10-23 14:56:15.233  1040  1069 D         : thermal_monitor cpu0-gold-usr: open fail -1
10-23 14:56:15.233  1040  1071 D         : power_monitor cpu0-gold-usr: open fail -1
10-23 14:56:15.680  8856 21624 D WadlProxyServiceManager: ##@innerStartService start
10-23 14:56:17.712  2750  2750 D DPMJ    : |SERVICE| DPM received action android.net.wifi.STATE_CHANGE
10-23 14:56:17.715  1550  1645 W BroadcastQueue: Background execution not allowed: receiving Intent { act=android.net.wifi.STATE_CHANGE flg=0x4000010 (has extras) } to com.android.mms/com.chinamobile.aisms.sdk.LocalBroadcastManager
10-23 14:56:17.716  1467  1467 D mirror  : WifiChangeReceiver wifi change isConnectedfalse
10-23 14:56:17.717  2750  2750 I DPMJ    : |SERVICE| sendWifiStatus - subType: 21 networkState: 4 softApState: 11 rssi=0 ssid= bssid=00:00:00:00:00:00 ipV4Addr= ifNameV4= ipAddrV6= ifNameV6=
10-23 14:56:17.720  1550  1645 W BroadcastQueue: Background execution not allowed: receiving Intent { act=android.net.wifi.STATE_CHANGE flg=0x4000010 (has extras) } to com.ted.number/com.chinamobile.aisms.sdk.LocalBroadcastManager
10-23 14:56:17.725   813   813 V LocSvc_HIDL_IzatSubscription: [wifiSupplicantStatusUpdate][670] [HS] <<<<= [HC]
10-23 14:56:17.726  2582  2582 W BluetoothAdapterService: mWifiStateBroadcastReceiver: wifi state false 
10-23 14:56:17.726  2582  2582 D BluetoothVendorService: setWifiState to: false
10-23 14:56:17.727  2582  2582 I BluetoothVendorJni: setWifiStateNative
10-23 14:56:17.727  2582  2582 I bt_btif_vendor: setWifiState :0
10-23 14:56:20.005 24038 24092 W Settings: Setting airplane_mode_on has moved from android.provider.Settings.System to android.provider.Settings.Global, returning read-only value.
10-23 14:56:20.071 29772 29772 I SceneService.NearbyPoiSceneService: updateDataJob begin, dataSource = 0; synthesis = 0; mScreenOn = true
10-23 14:56:20.072 29772 29772 I SceneService.PoiSceneHelper: checkResidentShop end, result = false; step - stepThree = 0 ## stepSecond  = 36074 & stepThree = 36074& stepCur = 36074
10-23 14:56:20.100   813   813 V LocSvc_HIDL_IzatSubscription: [batteryLevelUpdate][772] [HS] <<<<= [HC]
10-23 14:56:21.253 13017 13125 D WorkerThreadMonitor: Kill MSF check result[ senderSize:0,sendInterval:134118,receiveInterval=14009,addCmdCount=1420
10-23 14:56:22.654  1550  2646 W Watchdog: !@WatchDog_3995
10-23 14:56:24.703  1550  2182 I chatty  : uid=1000(system) WifiStateMachin expire 178 lines
10-23 14:56:24.883 19151 19153 E rutils  : releaseProcess gCount = 1
10-23 14:56:25.686  8856 21624 D WadlProxyServiceManager: ##@innerStartService start
10-23 14:56:25.985   813   813 V LocSvc_HIDL_IzatSubscription: [batteryLevelUpdate][772] [HS] <<<<= [HC]
10-23 14:56:26.717  1202  1202 W wificond: Scan is not started. Ignore abort request
10-23 14:56:26.720   871   871 I wpa_supplicant: getCapabilitiesInternal capabilities: NONE IEEE8021X WPA-EAP WPA-PSK WPA-EAP-SUITE-B WPA-EAP-SUITE-B-192 OWE DPP FILS-SHA256 FILS-SHA384
10-23 14:56:26.721   871   871 I wpa_supplicant: getCapabilitiesInternal capabilities: NONE IEEE8021X WPA-EAP WPA-PSK WPA-EAP-SUITE-B WPA-EAP-SUITE-B-192 OWE DPP FILS-SHA256 FILS-SHA384
10-23 14:56:26.736   871   871 I wpa_supplicant: Vendor key_mgmt: 0x2
10-23 14:56:26.737   871   871 I wpa_supplicant: Vendor Proto: 0x7
10-23 14:56:26.738   871   871 I wpa_supplicant: vendor group_cipher: 0x11e
10-23 14:56:26.739   871   871 I wpa_supplicant: vendor pairwise_cipher: 0x118
10-23 14:56:26.742   871   871 I wpa_supplicant: getCapabilitiesInternal capabilities: NONE IEEE8021X WPA-EAP WPA-PSK WPA-EAP-SUITE-B WPA-EAP-SUITE-B-192 OWE DPP FILS-SHA256 FILS-SHA384
10-23 14:56:26.746   871   871 E wpa_supplicant: eap_proxy: eap_proxy_notify_config
10-23 14:56:26.749   871   871 I wpa_supplicant: wlan0: Trying to associate with SSID 'old_wang_5G'
10-23 14:56:26.749   871   871 I wpa_supplicant: wlan0: OWN MAC adrress: c4:e3:9f:22:11:19
10-23 14:56:26.757   871   871 E wpa_supplicant: eap_proxy: eap_proxy_notify_config
10-23 14:56:26.757   871   871 E wpa_supplicant: eap_proxy: eap_proxy_allowed_method
10-23 14:56:26.757   871   871 E wpa_supplicant: eap_proxy: config or eap_methods is null
10-23 14:56:26.757   871   871 E wpa_supplicant: eap_proxy: eap_proxy_allowed_method
10-23 14:56:26.757   871   871 E wpa_supplicant: eap_proxy: config or eap_methods is null
10-23 14:56:26.757   871   871 E wpa_supplicant: eap_proxy: eap_proxy_allowed_method
10-23 14:56:26.757   871   871 E wpa_supplicant: eap_proxy: config or eap_methods is null
10-23 14:56:26.766   813   813 V LocSvc_HIDL_IzatSubscription: [wifiSupplicantStatusUpdate][670] [HS] <<<<= [HC]
10-23 14:56:26.779   805   874 I WifiHAL : Fate Tx-Rx: Packet fate stats stop received
10-23 14:56:26.779   871   871 I wpa_supplicant: wlan0: CTRL-EVENT-ASSOC-REJECT bssid=f4:83:cd:9a:2e:ab status_code=37
10-23 14:56:26.779   871   871 I wpa_supplicant: wlan0: CTRL-EVENT-SSID-TEMP-DISABLED id=0 ssid="old_wang_5G" auth_failures=1 duration=5 reason=CONN_FAILED
10-23 14:56:26.782   871   871 E wpa_supplicant: eap_proxy: eap_proxy_notify_config
10-23 14:56:26.783   996   996 I chatty  : uid=1000(system) /vendor/bin/cnss_diag expire 39 lines
10-23 14:56:26.804  1550  1550 I chatty  : uid=1000 system_server expire 49 lines
10-23 14:56:26.805  2750  2750 D DPMJ    : |SERVICE| DPM received action android.net.wifi.STATE_CHANGE
10-23 14:56:26.806  1550  1645 W BroadcastQueue: Background execution not allowed: receiving Intent { act=android.net.wifi.STATE_CHANGE flg=0x4000010 (has extras) } to com.android.mms/com.chinamobile.aisms.sdk.LocalBroadcastManager
10-23 14:56:26.806  1550  1645 W BroadcastQueue: Background execution not allowed: receiving Intent { act=android.net.wifi.STATE_CHANGE flg=0x4000010 (has extras) } to com.ted.number/com.chinamobile.aisms.sdk.LocalBroadcastManager
10-23 14:56:26.809  1467  1467 D mirror  : WifiChangeReceiver wifi change isConnectedfalse
10-23 14:56:26.810  2750  2750 I DPMJ    : |SERVICE| sendWifiStatus - subType: 21 networkState: 4 softApState: 11 rssi=0 ssid= bssid=00:00:00:00:00:00 ipV4Addr= ifNameV4= ipAddrV6= ifNameV6=
10-23 14:56:26.842   871   871 I wpa_supplicant: wlan0: CTRL-EVENT-SCAN-FAILED ret=-16 retry=1
10-23 14:56:26.842   813   813 V LocSvc_HIDL_IzatSubscription: [wifiSupplicantStatusUpdate][670] [HS] <<<<= [HC]
10-23 14:56:26.844  2582  2582 W BluetoothAdapterService: mWifiStateBroadcastReceiver: wifi state false 
10-23 14:56:26.844  2582  2582 D BluetoothVendorService: setWifiState to: false
10-23 14:56:26.844  2582  2582 I BluetoothVendorJni: setWifiStateNative
10-23 14:56:26.844  2582  2582 I bt_btif_vendor: setWifiState :0
10-23 14:56:26.847  1202  1202 W wificond: Scan aborted
10-23 14:56:26.848  1550  2207 I chatty  : uid=1000(system) WifiScanningSer expire 24 lines
10-23 14:56:26.849   871   871 I wpa_supplicant: getCapabilitiesInternal capabilities: NONE IEEE8021X WPA-EAP WPA-PSK WPA-EAP-SUITE-B WPA-EAP-SUITE-B-192 OWE DPP FILS-SHA256 FILS-SHA384
10-23 14:56:26.851   871   871 I wpa_supplicant: wlan0: CTRL-EVENT-SSID-REENABLED id=0 ssid="old_wang_5G"
10-23 14:56:26.852   871   871 E wpa_supplicant: eap_proxy: eap_proxy_notify_config
10-23 14:56:26.854   871   871 I wpa_supplicant: wlan0: Trying to associate with SSID 'old_wang_5G'
10-23 14:56:26.854   871   871 I wpa_supplicant: wlan0: OWN MAC adrress: c4:e3:9f:22:11:19
10-23 14:56:26.858   871   871 E wpa_supplicant: eap_proxy: eap_proxy_notify_config
10-23 14:56:26.859   871   871 E wpa_supplicant: eap_proxy: eap_proxy_allowed_method
10-23 14:56:26.859   871   871 E wpa_supplicant: eap_proxy: config or eap_methods is null
10-23 14:56:26.859   871   871 E wpa_supplicant: eap_proxy: eap_proxy_allowed_method
10-23 14:56:26.859   871   871 E wpa_supplicant: eap_proxy: config or eap_methods is null
10-23 14:56:26.859   871   871 E wpa_supplicant: eap_proxy: eap_proxy_allowed_method
10-23 14:56:26.859   871   871 E wpa_supplicant: eap_proxy: config or eap_methods is null
10-23 14:56:26.868  2750  2750 D DPMJ    : |SERVICE| DPM received action android.net.wifi.STATE_CHANGE
10-23 14:56:26.870  2750  2750 I DPMJ    : |SERVICE| sendWifiStatus - subType: 21 networkState: 4 softApState: 11 rssi=0 ssid= bssid=00:00:00:00:00:00 ipV4Addr= ifNameV4= ipAddrV6= ifNameV6=
10-23 14:56:26.872  1550  1645 W BroadcastQueue: Background execution not allowed: receiving Intent { act=android.net.wifi.STATE_CHANGE flg=0x4000010 (has extras) } to com.android.mms/com.chinamobile.aisms.sdk.LocalBroadcastManager
10-23 14:56:26.872  1550  1645 W BroadcastQueue: Background execution not allowed: receiving Intent { act=android.net.wifi.STATE_CHANGE flg=0x4000010 (has extras) } to com.ted.number/com.chinamobile.aisms.sdk.LocalBroadcastManager
10-23 14:56:26.875  1467  1467 D mirror  : WifiChangeReceiver wifi change isConnectedfalse
10-23 14:56:26.879   805   874 I WifiHAL : Fate Tx-Rx: Packet fate stats stop received
10-23 14:56:26.882  2750  2750 D DPMJ    : |SERVICE| DPM received action android.net.wifi.STATE_CHANGE
10-23 14:56:26.883  1550  1645 W BroadcastQueue: Background execution not allowed: receiving Intent { act=android.net.wifi.STATE_CHANGE flg=0x4000010 (has extras) } to com.android.mms/com.chinamobile.aisms.sdk.LocalBroadcastManager
10-23 14:56:26.884  1467  1467 D mirror  : WifiChangeReceiver wifi change isConnectedfalse
10-23 14:56:26.884  1550  1645 W BroadcastQueue: Background execution not allowed: receiving Intent { act=android.net.wifi.STATE_CHANGE flg=0x4000010 (has extras) } to com.ted.number/com.chinamobile.aisms.sdk.LocalBroadcastManager
10-23 14:56:26.885  2750  2750 I DPMJ    : |SERVICE| sendWifiStatus - subType: 21 networkState: 4 softApState: 11 rssi=0 ssid= bssid=00:00:00:00:00:00 ipV4Addr= ifNameV4= ipAddrV6= ifNameV6=
10-23 14:56:26.890   871   871 I wpa_supplicant: wlan0: CTRL-EVENT-ASSOC-REJECT bssid=f4:83:cd:9a:2e:ab status_code=37
10-23 14:56:26.890   871   871 E wpa_supplicant: eap_proxy: eap_proxy_notify_config
10-23 14:56:26.897   813   813 V LocSvc_HIDL_IzatSubscription: [wifiSupplicantStatusUpdate][670] [HS] <<<<= [HC]
10-23 14:56:26.898  2582  2582 W BluetoothAdapterService: mWifiStateBroadcastReceiver: wifi state false 
10-23 14:56:26.898  2582  2582 D BluetoothVendorService: setWifiState to: false
10-23 14:56:26.898  2582  2582 I BluetoothVendorJni: setWifiStateNative
10-23 14:56:26.898  2582  2582 I bt_btif_vendor: setWifiState :0
10-23 14:56:26.900   813   813 V LocSvc_HIDL_IzatSubscription: [wifiSupplicantStatusUpdate][670] [HS] <<<<= [HC]
10-23 14:56:26.905   805   805 E WifiHAL : wifi_get_ring_data: Error -5 happened. 
10-23 14:56:26.921  2750  2750 D DPMJ    : |SERVICE| DPM received action android.net.wifi.STATE_CHANGE
10-23 14:56:26.922  1467  1467 D mirror  : WifiChangeReceiver wifi change isConnectedfalse
10-23 14:56:26.923  1550  1645 W BroadcastQueue: Background execution not allowed: receiving Intent { act=android.net.wifi.STATE_CHANGE flg=0x24000010 (has extras) } to com.android.mms/com.chinamobile.aisms.sdk.LocalBroadcastManager
10-23 14:56:26.923  1550  1645 W BroadcastQueue: Background execution not allowed: receiving Intent { act=android.net.wifi.STATE_CHANGE flg=0x24000010 (has extras) } to com.ted.number/com.chinamobile.aisms.sdk.LocalBroadcastManager
10-23 14:56:26.924  2750  2750 I DPMJ    : |SERVICE| sendWifiStatus - subType: 21 networkState: 4 softApState: 11 rssi=0 ssid= bssid=00:00:00:00:00:00 ipV4Addr= ifNameV4= ipAddrV6= ifNameV6=
10-23 14:56:26.934   813   813 V LocSvc_HIDL_IzatSubscription: [wifiSupplicantStatusUpdate][670] [HS] <<<<= [HC]
10-23 14:56:26.935  2582  2582 W BluetoothAdapterService: mWifiStateBroadcastReceiver: wifi state false 
10-23 14:56:26.935  2582  2582 D BluetoothVendorService: setWifiState to: false
10-23 14:56:26.935  2582  2582 I BluetoothVendorJni: setWifiStateNative
10-23 14:56:26.935  2582  2582 I bt_btif_vendor: setWifiState :0
10-23 14:56:26.937   813   813 V LocSvc_HIDL_IzatSubscription: [wifiSupplicantStatusUpdate][670] [HS] <<<<= [HC]
10-23 14:56:26.939 14164 14164 D baidu_location_service: WifiScan finished, in callback.
10-23 14:56:26.947  1202  1202 W wificond: Scan aborted
10-23 14:56:26.949   871   871 I wpa_supplicant: getCapabilitiesInternal capabilities: NONE IEEE8021X WPA-EAP WPA-PSK WPA-EAP-SUITE-B WPA-EAP-SUITE-B-192 OWE DPP FILS-SHA256 FILS-SHA384
10-23 14:56:26.951   871   871 E wpa_supplicant: eap_proxy: eap_proxy_notify_config
10-23 14:56:26.952   871   871 I wpa_supplicant: wlan0: Trying to associate with SSID 'old_wang_5G'
10-23 14:56:26.952   871   871 I wpa_supplicant: wlan0: OWN MAC adrress: c4:e3:9f:22:11:19
10-23 14:56:26.957   871   871 E wpa_supplicant: eap_proxy: eap_proxy_notify_config
10-23 14:56:26.957   871   871 E wpa_supplicant: eap_proxy: eap_proxy_allowed_method
10-23 14:56:26.957   871   871 E wpa_supplicant: eap_proxy: config or eap_methods is null
10-23 14:56:26.957   871   871 E wpa_supplicant: eap_proxy: eap_proxy_allowed_method
10-23 14:56:26.957   871   871 E wpa_supplicant: eap_proxy: config or eap_methods is null
10-23 14:56:26.957   871   871 E wpa_supplicant: eap_proxy: eap_proxy_allowed_method
10-23 14:56:26.957   871   871 E wpa_supplicant: eap_proxy: config or eap_methods is null
10-23 14:56:26.961  2582  2582 W BluetoothAdapterService: mWifiStateBroadcastReceiver: wifi state false 
10-23 14:56:26.961  2582  2582 D BluetoothVendorService: setWifiState to: false
10-23 14:56:26.961  2582  2582 I BluetoothVendorJni: setWifiStateNative
10-23 14:56:26.961  2582  2582 I bt_btif_vendor: setWifiState :0
10-23 14:56:26.962   813   813 V LocSvc_HIDL_IzatSubscription: [wifiSupplicantStatusUpdate][670] [HS] <<<<= [HC]
10-23 14:56:26.967 14164 14164 D baidu_location_service: WifiScan finished, in callback.
10-23 14:56:26.986   871   871 I wpa_supplicant: wlan0: CTRL-EVENT-ASSOC-REJECT bssid=f4:83:cd:9a:2e:ab status_code=37
10-23 14:56:26.987   805   874 I WifiHAL : Fate Tx-Rx: Packet fate stats stop received
10-23 14:56:26.987   871   871 E wpa_supplicant: eap_proxy: eap_proxy_notify_config
10-23 14:56:26.994   805   805 E WifiHAL : wifi_get_ring_data: Error -5 happened. 
10-23 14:56:27.014  2750  2750 D DPMJ    : |SERVICE| DPM received action android.net.wifi.STATE_CHANGE
10-23 14:56:27.014  1550  1645 W BroadcastQueue: Background execution not allowed: receiving Intent { act=android.net.wifi.STATE_CHANGE flg=0x24000010 (has extras) } to com.android.mms/com.chinamobile.aisms.sdk.LocalBroadcastManager
10-23 14:56:27.016  1467  1467 D mirror  : WifiChangeReceiver wifi change isConnectedfalse
10-23 14:56:27.017  2750  2750 I DPMJ    : |SERVICE| sendWifiStatus - subType: 21 networkState: 4 softApState: 11 rssi=0 ssid= bssid=00:00:00:00:00:00 ipV4Addr= ifNameV4= ipAddrV6= ifNameV6=
10-23 14:56:27.020  1550  1645 W BroadcastQueue: Background execution not allowed: receiving Intent { act=android.net.wifi.STATE_CHANGE flg=0x24000010 (has extras) } to com.ted.number/com.chinamobile.aisms.sdk.LocalBroadcastManager
10-23 14:56:27.039   813   813 V LocSvc_HIDL_IzatSubscription: [wifiSupplicantStatusUpdate][670] [HS] <<<<= [HC]
10-23 14:56:27.041  2582  2582 W BluetoothAdapterService: mWifiStateBroadcastReceiver: wifi state false 
10-23 14:56:27.041  2582  2582 D BluetoothVendorService: setWifiState to: false
10-23 14:56:27.041  2582  2582 I BluetoothVendorJni: setWifiStateNative
10-23 14:56:27.041  2582  2582 I bt_btif_vendor: setWifiState :0
10-23 14:56:27.045  1202  1202 W wificond: Scan aborted
10-23 14:56:27.047   871   871 I wpa_supplicant: getCapabilitiesInternal capabilities: NONE IEEE8021X WPA-EAP WPA-PSK WPA-EAP-SUITE-B WPA-EAP-SUITE-B-192 OWE DPP FILS-SHA256 FILS-SHA384
10-23 14:56:27.050   871   871 E wpa_supplicant: eap_proxy: eap_proxy_notify_config
10-23 14:56:27.054   871   871 I wpa_supplicant: wlan0: Trying to associate with SSID 'old_wang_5G'
10-23 14:56:27.054   871   871 I wpa_supplicant: wlan0: OWN MAC adrress: c4:e3:9f:22:11:19
10-23 14:56:27.060   871   871 E wpa_supplicant: eap_proxy: eap_proxy_notify_config
10-23 14:56:27.060   871   871 E wpa_supplicant: eap_proxy: eap_proxy_allowed_method
10-23 14:56:27.060   871   871 E wpa_supplicant: eap_proxy: config or eap_methods is null
10-23 14:56:27.060   871   871 E wpa_supplicant: eap_proxy: eap_proxy_allowed_method
10-23 14:56:27.060   871   871 E wpa_supplicant: eap_proxy: config or eap_methods is null
10-23 14:56:27.060   871   871 E wpa_supplicant: eap_proxy: eap_proxy_allowed_method
10-23 14:56:27.060   871   871 E wpa_supplicant: eap_proxy: config or eap_methods is null
10-23 14:56:27.066   813   813 V LocSvc_HIDL_IzatSubscription: [wifiSupplicantStatusUpdate][670] [HS] <<<<= [HC]
10-23 14:56:27.073 14164 14164 D baidu_location_service: WifiScan finished, in callback.
10-23 14:56:27.084   805   874 I WifiHAL : Fate Tx-Rx: Packet fate stats stop received
10-23 14:56:27.085   871   871 I wpa_supplicant: wlan0: CTRL-EVENT-ASSOC-REJECT bssid=f4:83:cd:9a:2e:ab status_code=37
10-23 14:56:27.085   871   871 I wpa_supplicant: wlan0: CTRL-EVENT-SSID-TEMP-DISABLED id=0 ssid="old_wang_5G" auth_failures=1 duration=5 reason=CONN_FAILED
10-23 14:56:27.086   871   871 E wpa_supplicant: eap_proxy: eap_proxy_notify_config
10-23 14:56:27.095   805   805 E WifiHAL : wifi_get_ring_data: Error -5 happened. 
10-23 14:56:27.112  2750  2750 D DPMJ    : |SERVICE| DPM received action android.net.wifi.STATE_CHANGE
10-23 14:56:27.113  1467  1467 D mirror  : WifiChangeReceiver wifi change isConnectedfalse
10-23 14:56:27.113  2750  2750 I DPMJ    : |SERVICE| sendWifiStatus - subType: 21 networkState: 4 softApState: 11 rssi=0 ssid= bssid=00:00:00:00:00:00 ipV4Addr= ifNameV4= ipAddrV6= ifNameV6=
10-23 14:56:27.121  1550  1645 W BroadcastQueue: Background execution not allowed: receiving Intent { act=android.net.wifi.STATE_CHANGE flg=0x24000010 (has extras) } to com.android.mms/com.chinamobile.aisms.sdk.LocalBroadcastManager
10-23 14:56:27.122  1550  1645 W BroadcastQueue: Background execution not allowed: receiving Intent { act=android.net.wifi.STATE_CHANGE flg=0x24000010 (has extras) } to com.ted.number/com.chinamobile.aisms.sdk.LocalBroadcastManager
10-23 14:56:27.127   813   813 V LocSvc_HIDL_IzatSubscription: [wifiSupplicantStatusUpdate][670] [HS] <<<<= [HC]
10-23 14:56:27.129  2582  2582 W BluetoothAdapterService: mWifiStateBroadcastReceiver: wifi state false 
10-23 14:56:27.129  2582  2582 D BluetoothVendorService: setWifiState to: false
10-23 14:56:27.129  2582  2582 I BluetoothVendorJni: setWifiStateNative
10-23 14:56:27.129  2582  2582 I bt_btif_vendor: setWifiState :0
10-23 14:56:27.132  1202  1202 W wificond: Scan aborted
10-23 14:56:27.134   871   871 I wpa_supplicant: getCapabilitiesInternal capabilities: NONE IEEE8021X WPA-EAP WPA-PSK WPA-EAP-SUITE-B WPA-EAP-SUITE-B-192 OWE DPP FILS-SHA256 FILS-SHA384
10-23 14:56:27.136   871   871 I wpa_supplicant: wlan0: CTRL-EVENT-SSID-REENABLED id=0 ssid="old_wang_5G"
10-23 14:56:27.137   871   871 E wpa_supplicant: eap_proxy: eap_proxy_notify_config
10-23 14:56:27.139   871   871 I wpa_supplicant: wlan0: Trying to associate with SSID 'old_wang_5G'
10-23 14:56:27.139   871   871 I wpa_supplicant: wlan0: OWN MAC adrress: c4:e3:9f:22:11:19
10-23 14:56:27.145   871   871 E wpa_supplicant: eap_proxy: eap_proxy_notify_config
10-23 14:56:27.145   871   871 E wpa_supplicant: eap_proxy: eap_proxy_allowed_method
10-23 14:56:27.145   871   871 E wpa_supplicant: eap_proxy: config or eap_methods is null
10-23 14:56:27.145   871   871 E wpa_supplicant: eap_proxy: eap_proxy_allowed_method
10-23 14:56:27.145   871   871 E wpa_supplicant: eap_proxy: config or eap_methods is null
10-23 14:56:27.145   871   871 E wpa_supplicant: eap_proxy: eap_proxy_allowed_method
10-23 14:56:27.145   871   871 E wpa_supplicant: eap_proxy: config or eap_methods is null
10-23 14:56:27.153   813   813 V LocSvc_HIDL_IzatSubscription: [wifiSupplicantStatusUpdate][670] [HS] <<<<= [HC]
10-23 14:56:27.160 14164 14164 D baidu_location_service: WifiScan finished, in callback.
10-23 14:56:27.170   805   874 I WifiHAL : Fate Tx-Rx: Packet fate stats stop received
10-23 14:56:27.171   871   871 I wpa_supplicant: wlan0: CTRL-EVENT-ASSOC-REJECT bssid=f4:83:cd:9a:2e:ab status_code=37
10-23 14:56:27.171   871   871 I wpa_supplicant: wlan0: CTRL-EVENT-SSID-TEMP-DISABLED id=0 ssid="old_wang_5G" auth_failures=1 duration=5 reason=CONN_FAILED
10-23 14:56:27.173   871   871 E wpa_supplicant: eap_proxy: eap_proxy_notify_config
10-23 14:56:27.177   805   805 E WifiHAL : wifi_get_ring_data: Error -5 happened. 
10-23 14:56:27.193  2750  2750 D DPMJ    : |SERVICE| DPM received action android.net.wifi.STATE_CHANGE
10-23 14:56:27.194  1550  1645 W BroadcastQueue: Background execution not allowed: receiving Intent { act=android.net.wifi.STATE_CHANGE flg=0x24000010 (has extras) } to com.android.mms/com.chinamobile.aisms.sdk.LocalBroadcastManager
10-23 14:56:27.195  1550  1645 W BroadcastQueue: Background execution not allowed: receiving Intent { act=android.net.wifi.STATE_CHANGE flg=0x24000010 (has extras) } to com.ted.number/com.chinamobile.aisms.sdk.LocalBroadcastManager
10-23 14:56:27.195  1467  1467 D mirror  : WifiChangeReceiver wifi change isConnectedfalse
10-23 14:56:27.196  2750  2750 I DPMJ    : |SERVICE| sendWifiStatus - subType: 21 networkState: 4 softApState: 11 rssi=0 ssid= bssid=00:00:00:00:00:00 ipV4Addr= ifNameV4= ipAddrV6= ifNameV6=
10-23 14:56:27.208   813   813 V LocSvc_HIDL_IzatSubscription: [wifiSupplicantStatusUpdate][670] [HS] <<<<= [HC]
10-23 14:56:27.209  2582  2582 W BluetoothAdapterService: mWifiStateBroadcastReceiver: wifi state false 
10-23 14:56:27.209  2582  2582 D BluetoothVendorService: setWifiState to: false
10-23 14:56:27.209  2582  2582 I BluetoothVendorJni: setWifiStateNative
10-23 14:56:27.209  2582  2582 I bt_btif_vendor: setWifiState :0
10-23 14:56:27.212  1202  1202 W wificond: Scan aborted
10-23 14:56:27.214   871   871 I wpa_supplicant: getCapabilitiesInternal capabilities: NONE IEEE8021X WPA-EAP WPA-PSK WPA-EAP-SUITE-B WPA-EAP-SUITE-B-192 OWE DPP FILS-SHA256 FILS-SHA384
10-23 14:56:27.216   871   871 I wpa_supplicant: wlan0: CTRL-EVENT-SSID-REENABLED id=0 ssid="old_wang_5G"
